Extracting prog: 24.746522505s
Minimizing prog: 52m21.189674308s
Simplifying prog options: 0s
Extracting C: 23.834032719s
Simplifying C: 23m30.018214273s


370 programs, 1 VMs, timeouts [15s 1m40s 6m0s]
extracting reproducer from 341 programs
single: executing 1 programs separately with timeout 15s
testing program (duration=15s, {Threaded:true Collide:true Repeat:true RepeatTimes:0 Procs:8 Slowdown:1 Sandbox:none Fault:false FaultCall:-1 FaultNth:0 Leak:false NetInjection:true NetDevices:true NetReset:true Cgroups:true BinfmtMisc:true CloseFDs:true KCSAN:false DevlinkPCI:false USB:false VhciInjection:false Wifi:false IEEE802154:false Sysctl:true UseTmpDir:true HandleSegv:true Repro:true Trace:false}): fork-ptrace-wait4-ptrace$getregs-ptrace$setregset-syz_init_net_socket$nl_generic-syz_genetlink_get_family_id$netlbl_cipso-getpid-wait4-fork-ptrace-tkill-syz_open_procfs-read-syz_open_dev$tty20-fork-wait4-ioctl$sock_SIOCGIFINDEX_802154-ptrace$cont-sendmsg$NL802154_CMD_SET_WPAN_PHY_NETNS
detailed listing:
executing program 0:
r0 = fork()
ptrace(0x10, r0)
wait4(0xffffffffffffffff, &(0x7f0000000080), 0x80000000, &(0x7f0000000140))
ptrace$getregs(0xc, r0, 0x5, &(0x7f0000000000)=""/106)
ptrace$setregset(0x4205, r0, 0x2, &(0x7f0000000100)={&(0x7f0000000000), 0xfffffffffffffe18})
r1 = syz_init_net_socket$nl_generic(0x10, 0x3, 0x10)
syz_genetlink_get_family_id$netlbl_cipso(&(0x7f00000001c0), r1)
getpid()
wait4(0x0, 0x0, 0x1000000, &(0x7f0000000600))
r2 = fork()
ptrace(0x10, r2)
tkill(r2, 0x9)
r3 = syz_open_procfs(0x0, &(0x7f0000000040)='oom_score_adj\x00')
read(r3, 0x0, 0x0)
syz_open_dev$tty20(0xc, 0x4, 0x0)
r4 = fork()
wait4(r4, &(0x7f0000000500), 0x20000000, &(0x7f0000000380))
ioctl$sock_SIOCGIFINDEX_802154(0xffffffffffffffff, 0x8933, &(0x7f0000000200)={'wpan3\x00', <r5=>0x0})
ptrace$cont(0x7, r2, 0x3, 0x3)
sendmsg$NL802154_CMD_SET_WPAN_PHY_NETNS(r1, &(0x7f0000000300)={&(0x7f00000000c0), 0xc, &(0x7f00000002c0)={&(0x7f0000000540)=ANY=[@ANYBLOB="600000005c0cda3d2c5828b891b8062c0881046c24e98269b7c69a0ec350a1bb442de4114c3a8401d8eb026c5ad3283803b4eed1e85c2879b135cf7a065ef93ec702cb1c14ebbf80849f", @ANYRES16=0x0, @ANYBLOB="00042cbd7000fedbdf251400000008001c00", @ANYRES32=r2, @ANYBLOB="08000300", @ANYRES32=0x0, @ANYBLOB="000001000300000008000300", @ANYRES32=0x0, @ANYBLOB="0c000600010000000100000008001d00", @ANYRES32=r3, @ANYBLOB="08000300", @ANYRES32=r5, @ANYBLOB="41000300", @ANYRES32=0x0, @ANYBLOB="de000300", @ANYRES32=0x0, @ANYBLOB], 0x60}, 0x1, 0x0, 0x0, 0x4001000}, 0x8005)

program crashed: WARNING in ex_handler_fprestore
single: successfully extracted reproducer
found reproducer with 20 syscalls
minimizing guilty program
failed to init instance: failed to create VM: can't ssh into the instance
failed to run ["ssh" "-p" "64973" "-F" "/dev/null" "-o" "UserKnownHostsFile=/dev/null" "-o" "BatchMode=yes" "-o" "IdentitiesOnly=yes" "-o" "StrictHostKeyChecking=no" "-o" "ConnectTimeout=10" "-i" "/root/image/stretch.id_rsa" "-v" "root@localhost" "pwd"]: exit status 255
OpenSSH_8.0p1, OpenSSL 1.1.1k  FIPS 25 Mar 2021
debug1: Reading configuration data /dev/null
debug1: Connecting to localhost [::1] port 64973.
debug1: connect to address ::1 port 64973: Connection refused
debug1: Connecting to localhost [127.0.0.1] port 64973.
debug1: connect to address 127.0.0.1 port 64973: Connection timed out
ssh: connect to host localhost port 64973: Connection timed out
qemu-system-x86_64: -chardev socket,id=SOCKSYZ,server=on,nowait,host=localhost,port=36432: warning: short-form boolean option 'nowait' deprecated
Please use wait=off instead
[    0.000000] Linux version 5.13.0-rc5-t2+ (root@skl06.sh.intel.com) (gcc (GCC) 8.5.0 20210514 (Red Hat 8.5.0-1), GNU ld (GNU Binutils) 2.35.50.20200921) #3 SMP Fri Jun 18 09:11:46 EDT 2021
[    0.000000] Command line: root=/dev/sda console=ttyS0 
[    0.000000] KERNEL supported cpus:
[    0.000000]   Intel GenuineIntel
[    0.000000]   AMD AuthenticAMD
[    0.000000]   Hygon HygonGenuine
[    0.000000]   Centaur CentaurHauls
[    0.000000]   zhaoxin   Shanghai  
[    0.000000] x86/fpu: Supporting XSAVE feature 0x001: 'x87 floating point registers'
[    0.000000] x86/fpu: Supporting XSAVE feature 0x002: 'SSE registers'
[    0.000000] x86/fpu: Supporting XSAVE feature 0x004: 'AVX registers'
[    0.000000] x86/fpu: Supporting XSAVE feature 0x008: 'MPX bounds registers'
[    0.000000] x86/fpu: Supporting XSAVE feature 0x010: 'MPX CSR'
[    0.000000] x86/fpu: xstate_offset[2]:  576, xstate_sizes[2]:  256
[    0.000000] x86/fpu: xstate_offset[3]:  832, xstate_sizes[3]:   64
[    0.000000] x86/fpu: xstate_offset[4]:  896, xstate_sizes[4]:   64
[    0.000000] x86/fpu: Enabled xstate features 0x1f, context size is 960 bytes, using 'compacted' format.
[    0.000000] signal: max sigframe size: 2032
[    0.000000] BIOS-provided physical RAM map:
[    0.000000] BIOS-e820: [mem 0x0000000000000000-0x000000000009fbff] usable
[    0.000000] BIOS-e820: [mem 0x000000000009fc00-0x000000000009ffff] reserved
[    0.000000] BIOS-e820: [mem 0x00000000000f0000-0x00000000000fffff] reserved
[    0.000000] BIOS-e820: [mem 0x0000000000100000-0x000000007ffdffff] usable
[    0.000000] BIOS-e820: [mem 0x000000007ffe0000-0x000000007fffffff] reserved
[    0.000000] BIOS-e820: [mem 0x00000000feffc000-0x00000000feffffff] reserved
[    0.000000] BIOS-e820: [mem 0x00000000fffc0000-0x00000000ffffffff] reserved
[    0.000000] NX (Execute Disable) protection: active
[    0.000000] SMBIOS 2.8 present.
[    0.000000] DMI: QEMU Standard PC (i440FX + PIIX, 1996), BIOS rel-1.14.0-0-g155821a1990b-prebuilt.qemu.org 04/01/2014
[    0.000000] Hypervisor detected: KVM
[    0.000000] kvm-clock: Using msrs 4b564d01 and 4b564d00
[    0.000000] kvm-clock: cpu 0, msr 24001001, primary cpu clock
[    0.000001] kvm-clock: using sched offset of 352868622 cycles
[    0.000013] clocksource: kvm-clock: mask: 0xffffffffffffffff max_cycles: 0x1cd42e4dffb, max_idle_ns: 881590591483 ns
[    0.000023] tsc: Detected 3408.056 MHz processor
[    0.002515] last_pfn = 0x7ffe0 max_arch_pfn = 0x400000000
[    0.002547] x86/PAT: Configuration [0-7]: WB  WC  UC- UC  WB  WP  UC- WT  
[    0.010824] found SMP MP-table at [mem 0x000f5a90-0x000f5a9f]
[    0.010860] Using GB pages for direct mapping
[    0.011357] ACPI: Early table checksum verification disabled
[    0.011379] ACPI: RSDP 0x00000000000F5870 000014 (v00 BOCHS )
[    0.011391] ACPI: RSDT 0x000000007FFE1959 000034 (v01 BOCHS  BXPC     00000001 BXPC 00000001)
[    0.011409] ACPI: FACP 0x000000007FFE1805 000074 (v01 BOCHS  BXPC     00000001 BXPC 00000001)
[    0.011425] ACPI: DSDT 0x000000007FFE0040 0017C5 (v01 BOCHS  BXPC     00000001 BXPC 00000001)
[    0.011437] ACPI: FACS 0x000000007FFE0000 000040
[    0.011447] ACPI: APIC 0x000000007FFE1879 000080 (v01 BOCHS  BXPC     00000001 BXPC 00000001)
[    0.011459] ACPI: HPET 0x000000007FFE18F9 000038 (v01 BOCHS  BXPC     00000001 BXPC 00000001)
[    0.011470] ACPI: WAET 0x000000007FFE1931 000028 (v01 BOCHS  BXPC     00000001 BXPC 00000001)
[    0.011480] ACPI: Reserving FACP table memory at [mem 0x7ffe1805-0x7ffe1878]
[    0.011485] ACPI: Reserving DSDT table memory at [mem 0x7ffe0040-0x7ffe1804]
[    0.011490] ACPI: Reserving FACS table memory at [mem 0x7ffe0000-0x7ffe003f]
[    0.011494] ACPI: Reserving APIC table memory at [mem 0x7ffe1879-0x7ffe18f8]
[    0.011498] ACPI: Reserving HPET table memory at [mem 0x7ffe18f9-0x7ffe1930]
[    0.011502] ACPI: Reserving WAET table memory at [mem 0x7ffe1931-0x7ffe1958]
[    0.012017] No NUMA configuration found
[    0.012021] Faking a node at [mem 0x0000000000000000-0x000000007ffdffff]
[    0.012055] NODE_DATA(0) allocated [mem 0x7ffb5000-0x7ffdffff]
[    0.013570] Zone ranges:
[    0.013573]   DMA      [mem 0x0000000000001000-0x0000000000ffffff]
[    0.013579]   DMA32    [mem 0x0000000001000000-0x000000007ffdffff]
[    0.013584]   Normal   empty
[    0.013587]   Device   empty
[    0.013591] Movable zone start for each node
[    0.013595] Early memory node ranges
[    0.013598]   node   0: [mem 0x0000000000001000-0x000000000009efff]
[    0.013602]   node   0: [mem 0x0000000000100000-0x000000007ffdffff]
[    0.013609] Initmem setup node 0 [mem 0x0000000000001000-0x000000007ffdffff]
[    0.014636]   DMA zone: 28770 pages in unavailable ranges
[    0.026677]   DMA32 zone: 32 pages in unavailable ranges
[    0.074895] kasan: KernelAddressSanitizer initialized
[    0.075221] ACPI: PM-Timer IO Port: 0x608
[    0.075249] ACPI: LAPIC_NMI (acpi_id[0xff] dfl dfl lint[0x1])
[    0.075286] IOAPIC[0]: apic_id 0, version 17, address 0xfec00000, GSI 0-23
[    0.075296] ACPI: INT_SRC_OVR (bus 0 bus_irq 0 global_irq 2 dfl dfl)
[    0.075302] ACPI: INT_SRC_OVR (bus 0 bus_irq 5 global_irq 5 high level)
[    0.075306] ACPI: INT_SRC_OVR (bus 0 bus_irq 9 global_irq 9 high level)
[    0.075314] ACPI: INT_SRC_OVR (bus 0 bus_irq 10 global_irq 10 high level)
[    0.075319] ACPI: INT_SRC_OVR (bus 0 bus_irq 11 global_irq 11 high level)
[    0.075339] Using ACPI (MADT) for SMP configuration information
[    0.075343] ACPI: HPET id: 0x8086a201 base: 0xfed00000
[    0.075351] TSC deadline timer available
[    0.075358] smpboot: Allowing 2 CPUs, 0 hotplug CPUs
[    0.075379] kvm-guest: KVM setup pv remote TLB flush
[    0.075383] kvm-guest: setup PV sched yield
[    0.075413] PM: hibernation: Registered nosave memory: [mem 0x00000000-0x00000fff]
[    0.075419] PM: hibernation: Registered nosave memory: [mem 0x0009f000-0x0009ffff]
[    0.075423] PM: hibernation: Registered nosave memory: [mem 0x000a0000-0x000effff]
[    0.075426] PM: hibernation: Registered nosave memory: [mem 0x000f0000-0x000fffff]
[    0.075431] [mem 0x80000000-0xfeffbfff] available for PCI devices
[    0.075435] Booting paravirtualized kernel on KVM
[    0.075447] clocksource: refined-jiffies: mask: 0xffffffff max_cycles: 0xffffffff, max_idle_ns: 1910969940391419 ns
[    0.092125] setup_percpu: NR_CPUS:8192 nr_cpumask_bits:2 nr_cpu_ids:2 nr_node_ids:1
[    0.092406] percpu: Embedded 65 pages/cpu s229376 r8192 d28672 u1048576
[    0.092490] kvm-guest: setup async PF for cpu 0
[    0.092496] kvm-guest: stealtime: cpu 0, msr 5e437080
[    0.092501] kvm-guest: PV spinlocks enabled
[    0.092507] PV qspinlock hash table entries: 256 (order: 0, 4096 bytes, linear)
[    0.092519] Built 1 zonelists, mobility grouping on.  Total pages: 515808
[    0.092523] Policy zone: DMA32
[    0.092526] Kernel command line: root=/dev/sda console=ttyS0 
[    0.092700] Dentry cache hash table entries: 262144 (order: 9, 2097152 bytes, linear)
[    0.092847] Inode-cache hash table entries: 131072 (order: 8, 1048576 bytes, linear)
[    0.092912] mem auto-init: stack:off, heap alloc:off, heap free:off
[    0.117506] Memory: 1438720K/2096632K available (51215K kernel code, 11055K rwdata, 11232K rodata, 3792K init, 7020K bss, 657656K reserved, 0K cma-reserved)
[    0.117526] random: get_random_u64 called from __kmem_cache_create+0x26/0x430 with crng_init=0
[    0.117844] SLUB: HWalign=64, Order=0-3, MinObjects=0, CPUs=2, Nodes=1
[    0.117872] Kernel/User page tables isolation: enabled
[    0.117923] ftrace: allocating 59293 entries in 232 pages
[    0.162050] ftrace: allocated 232 pages with 4 groups
[    0.162419] rcu: Hierarchical RCU implementation.
[    0.162423] rcu: 	RCU event tracing is enabled.
[    0.162426] rcu: 	RCU restricting CPUs from NR_CPUS=8192 to nr_cpu_ids=2.
[    0.162430] 	Trampoline variant of Tasks RCU enabled.
[    0.162433] 	Rude variant of Tasks RCU enabled.
[    0.162435] 	Tracing variant of Tasks RCU enabled.
[    0.162437] rcu: RCU calculated value of scheduler-enlistment delay is 100 jiffies.
[    0.162441] rcu: Adjusting geometry for rcu_fanout_leaf=16, nr_cpu_ids=2
[    0.178362] NR_IRQS: 524544, nr_irqs: 440, preallocated irqs: 16
[    0.183005] Console: colour VGA+ 80x25
[    0.282106] printk: console [ttyS0] enabled
[    0.282827] ACPI: Core revision 20210331
[    0.283720] clocksource: hpet: mask: 0xffffffff max_cycles: 0xffffffff, max_idle_ns: 19112604467 ns
[    0.284980] APIC: Switch to symmetric I/O mode setup
[    0.285897] x2apic enabled
[    0.286543] Switched APIC routing to physical x2apic.
[    0.287325] kvm-guest: setup PV IPIs
[    0.288911] ..TIMER: vector=0x30 apic1=0 pin1=2 apic2=-1 pin2=-1
[    0.289825] clocksource: tsc-early: mask: 0xffffffffffffffff max_cycles: 0x312008d3c19, max_idle_ns: 440795240194 ns
[    0.291330] Calibrating delay loop (skipped) preset value.. 6816.11 BogoMIPS (lpj=3408056)
[    0.292314] pid_max: default: 32768 minimum: 301
[    0.293453] LSM: Security Framework initializing
[    0.294031] Yama: becoming mindful.
[    0.294521] Mount-cache hash table entries: 4096 (order: 3, 32768 bytes, linear)
[    0.295317] Mountpoint-cache hash table entries: 4096 (order: 3, 32768 bytes, linear)
[    0.297954] x86/cpu: User Mode Instruction Prevention (UMIP) activated
[    0.298404] Last level iTLB entries: 4KB 0, 2MB 0, 4MB 0
[    0.299314] Last level dTLB entries: 4KB 0, 2MB 0, 4MB 0, 1GB 0
[    0.300318] Spectre V1 : Mitigation: usercopy/swapgs barriers and __user pointer sanitization
[    0.301314] Spectre V2 : Mitigation: Full generic retpoline
[    0.302314] Spectre V2 : Spectre v2 / SpectreRSB mitigation: Filling RSB on context switch
[    0.303314] Spectre V2 : Enabling Restricted Speculation for firmware calls
[    0.304315] Spectre V2 : mitigation: Enabling conditional Indirect Branch Prediction Barrier
[    0.305315] Speculative Store Bypass: Mitigation: Speculative Store Bypass disabled via prctl and seccomp
[    0.306350] TAA: Mitigation: Clear CPU buffers
[    0.307330] SRBDS: Unknown: Dependent on hypervisor status
[    0.308314] MDS: Mitigation: Clear CPU buffers
[    0.323180] Freeing SMP alternatives memory: 48K
[    0.323552] smpboot: CPU0: Intel(R) Core(TM) i7-6700 CPU @ 3.40GHz (family: 0x6, model: 0x5e, stepping: 0x3)
[    0.324658] Performance Events: Skylake events, 32-deep LBR, full-width counters, Intel PMU driver.
[    0.326317] ... version:                2
[    0.326875] ... bit width:              48
[    0.327314] ... generic registers:      4
[    0.328022] ... value mask:             0000ffffffffffff
[    0.328317] ... max period:             00007fffffffffff
[    0.329156] ... fixed-purpose events:   3
[    0.329317] ... event mask:             000000070000000f
[    0.330244] rcu: Hierarchical SRCU implementation.
[    0.332285] smp: Bringing up secondary CPUs ...
[    0.332600] x86: Booting SMP configuration:
[    0.333065] .... node  #0, CPUs:      #1
[    0.109651] kvm-clock: cpu 1, msr 24001041, secondary cpu clock
[    0.109651] smpboot: CPU 1 Converting physical 0 to logical die 1
[    0.336336] kvm-guest: setup async PF for cpu 1
[    0.337049] kvm-guest: stealtime: cpu 1, msr 5e537080
[    0.337350] smp: Brought up 1 node, 2 CPUs
[    0.338320] smpboot: Max logical packages: 2
[    0.338906] smpboot: Total of 2 processors activated (13632.22 BogoMIPS)
[    0.339983] devtmpfs: initialized
[    0.340649] x86/mm: Memory block size: 128MB
[    0.345597] clocksource: jiffies: mask: 0xffffffff max_cycles: 0xffffffff, max_idle_ns: 1911260446275000 ns
[    0.346320] futex hash table entries: 512 (order: 3, 32768 bytes, linear)
[    0.347458] pinctrl core: initialized pinctrl subsystem
[    0.348747] 
[    0.348963] *************************************************************
[    0.349315] **     NOTICE NOTICE NOTICE NOTICE NOTICE NOTICE NOTICE    **
[    0.350261] **                                                         **
[    0.350314] **  IOMMU DebugFS SUPPORT HAS BEEN ENABLED IN THIS KERNEL  **
[    0.351257] **                                                         **
[    0.351314] ** This means that this kernel is built to expose internal **
[    0.352208] ** IOMMU data structures, which may compromise security on **
[    0.352314] ** your system.                                            **
[    0.353223] **                                                         **
[    0.353314] ** If you see this message and you are not debugging the   **
[    0.354233] ** kernel, report this immediately to your vendor!         **
[    0.354314] **                                                         **
[    0.355314] **     NOTICE NOTICE NOTICE NOTICE NOTICE NOTICE NOTICE    **
[    0.356246] *************************************************************
[    0.356411] PM: RTC time: 17:32:06, date: 2021-06-18
[    0.357697] NET: Registered protocol family 16
[    0.358871] DMA: preallocated 256 KiB GFP_KERNEL pool for atomic allocations
[    0.359351] DMA: preallocated 256 KiB GFP_KERNEL|GFP_DMA pool for atomic allocations
[    0.360349] DMA: preallocated 256 KiB GFP_KERNEL|GFP_DMA32 pool for atomic allocations
[    0.361396] audit: initializing netlink subsys (disabled)
[    0.362156] audit: type=2000 audit(1624037527.586:1): state=initialized audit_enabled=0 res=1
[    0.363030] thermal_sys: Registered thermal governor 'fair_share'
[    0.363240] thermal_sys: Registered thermal governor 'bang_bang'
[    0.363315] thermal_sys: Registered thermal governor 'step_wise'
[    0.364009] thermal_sys: Registered thermal governor 'user_space'
[    0.364370] cpuidle: using governor ladder
[    0.365320] cpuidle: using governor menu
[    0.365956] ACPI: bus type PCI registered
[    0.366316] acpiphp: ACPI Hot Plug PCI Controller Driver version: 0.5
[    0.367424] PCI: Using configuration type 1 for base access
[    0.385080] Kprobes globally optimized
[    0.385442] HugeTLB registered 1.00 GiB page size, pre-allocated 0 pages
[    0.386403] HugeTLB registered 2.00 MiB page size, pre-allocated 0 pages
[    0.387631] cryptomgr_test (32) used greatest stack depth: 30576 bytes left
[    0.390354] cryptomgr_test (64) used greatest stack depth: 30072 bytes left
[    0.392906] ACPI: Added _OSI(Module Device)
[    0.393315] ACPI: Added _OSI(Processor Device)
[    0.393890] ACPI: Added _OSI(3.0 _SCP Extensions)
[    0.394315] ACPI: Added _OSI(Processor Aggregator Device)
[    0.395076] ACPI: Added _OSI(Linux-Dell-Video)
[    0.395320] ACPI: Added _OSI(Linux-Lenovo-NV-HDMI-Audio)
[    0.395976] ACPI: Added _OSI(Linux-HPI-Hybrid-Graphics)
[    0.415144] ACPI: 1 ACPI AML tables successfully acquired and loaded
[    0.420206] ACPI: Interpreter enabled
[    0.420416] ACPI: (supports S0 S3 S4 S5)
[    0.420990] ACPI: Using IOAPIC for interrupt routing
[    0.421389] PCI: Using host bridge windows from ACPI; if necessary, use "pci=nocrs" and report a bug
[    0.423466] ACPI: Enabled 2 GPEs in block 00 to 0F
[    0.456774] ACPI: PCI Root Bridge [PCI0] (domain 0000 [bus 00-ff])
[    0.457364] acpi PNP0A03:00: _OSC: OS supports [ASPM ClockPM Segments MSI EDR HPX-Type3]
[    0.458495] acpi PNP0A03:00: fail to add MMCONFIG information, can't access extended PCI configuration space under this bridge.
[    0.462648] acpiphp: Slot [3] registered
[    0.463446] acpiphp: Slot [4] registered
[    0.464329] acpiphp: Slot [5] registered
[    0.465039] acpiphp: Slot [6] registered
[    0.465539] acpiphp: Slot [7] registered
[    0.466266] acpiphp: Slot [8] registered
[    0.466504] acpiphp: Slot [9] registered
[    0.467156] acpiphp: Slot [10] registered
[    0.467477] acpiphp: Slot [11] registered
[    0.468216] acpiphp: Slot [12] registered
[    0.468478] acpiphp: Slot [13] registered
[    0.469208] acpiphp: Slot [14] registered
[    0.469505] acpiphp: Slot [15] registered
[    0.470304] acpiphp: Slot [16] registered
[    0.470576] acpiphp: Slot [17] registered
[    0.471976] acpiphp: Slot [18] registered
[    0.472517] acpiphp: Slot [19] registered
[    0.473206] acpiphp: Slot [20] registered
[    0.473479] acpiphp: Slot [21] registered
[    0.474149] acpiphp: Slot [22] registered
[    0.474473] acpiphp: Slot [23] registered
[    0.475200] acpiphp: Slot [24] registered
[    0.475473] acpiphp: Slot [25] registered
[    0.476129] acpiphp: Slot [26] registered
[    0.476481] acpiphp: Slot [27] registered
[    0.477143] acpiphp: Slot [28] registered
[    0.477474] acpiphp: Slot [29] registered
[    0.478184] acpiphp: Slot [30] registered
[    0.478488] acpiphp: Slot [31] registered
[    0.479145] PCI host bridge to bus 0000:00
[    0.479320] pci_bus 0000:00: root bus resource [io  0x0000-0x0cf7 window]
[    0.480207] pci_bus 0000:00: root bus resource [io  0x0d00-0xffff window]
[    0.480318] pci_bus 0000:00: root bus resource [mem 0x000a0000-0x000bffff window]
[    0.481332] pci_bus 0000:00: root bus resource [mem 0x80000000-0xfebfffff window]
[    0.482309] pci_bus 0000:00: root bus resource [mem 0x100000000-0x17fffffff window]
[    0.483284] pci_bus 0000:00: root bus resource [bus 00-ff]
[    0.483447] pci 0000:00:00.0: [8086:1237] type 00 class 0x060000
[    0.496595] pci 0000:00:01.0: [8086:7000] type 00 class 0x060100
[    0.499366] pci 0000:00:01.1: [8086:7010] type 00 class 0x010180
[    0.501911] pci 0000:00:01.1: reg 0x20: [io  0xc060-0xc06f]
[    0.503042] pci 0000:00:01.1: legacy IDE quirk: reg 0x10: [io  0x01f0-0x01f7]
[    0.503316] pci 0000:00:01.1: legacy IDE quirk: reg 0x14: [io  0x03f6]
[    0.504266] pci 0000:00:01.1: legacy IDE quirk: reg 0x18: [io  0x0170-0x0177]
[    0.504316] pci 0000:00:01.1: legacy IDE quirk: reg 0x1c: [io  0x0376]
[    0.506456] pci 0000:00:01.3: [8086:7113] type 00 class 0x068000
[    0.507675] pci 0000:00:01.3: quirk: [io  0x0600-0x063f] claimed by PIIX4 ACPI
[    0.508342] pci 0000:00:01.3: quirk: [io  0x0700-0x070f] claimed by PIIX4 SMB
[    0.510561] pci 0000:00:02.0: [1234:1111] type 00 class 0x030000
[    0.512652] pci 0000:00:02.0: reg 0x10: [mem 0xfd000000-0xfdffffff pref]
[    0.514598] pci 0000:00:02.0: reg 0x18: [mem 0xfebf0000-0xfebf0fff]
[    0.518138] pci 0000:00:02.0: reg 0x30: [mem 0xfebe0000-0xfebeffff pref]
[    0.531260] pci 0000:00:03.0: [1af4:1005] type 00 class 0x00ff00
[    0.531851] pci 0000:00:03.0: reg 0x10: [io  0xc040-0xc05f]
[    0.534108] pci 0000:00:03.0: reg 0x20: [mem 0xfe000000-0xfe003fff 64bit pref]
[    0.547134] pci 0000:00:04.0: [8086:100e] type 00 class 0x020000
[    0.547888] pci 0000:00:04.0: reg 0x10: [mem 0xfebc0000-0xfebdffff]
[    0.548817] pci 0000:00:04.0: reg 0x14: [io  0xc000-0xc03f]
[    0.552032] pci 0000:00:04.0: reg 0x30: [mem 0xfeb80000-0xfebbffff pref]
[    0.571136] ACPI: PCI: Interrupt link LNKA configured for IRQ 10
[    0.572447] ACPI: PCI: Interrupt link LNKB configured for IRQ 10
[    0.574433] ACPI: PCI: Interrupt link LNKC configured for IRQ 11
[    0.576330] ACPI: PCI: Interrupt link LNKD configured for IRQ 11
[    0.577764] ACPI: PCI: Interrupt link LNKS configured for IRQ 9
[    0.581029] iommu: Default domain type: Translated 
[    0.581422] pci 0000:00:02.0: vgaarb: setting as boot VGA device
[    0.582094] pci 0000:00:02.0: vgaarb: VGA device added: decodes=io+mem,owns=io+mem,locks=none
[    0.582318] pci 0000:00:02.0: vgaarb: bridge control possible
[    0.583130] vgaarb: loaded
[    0.584593] SCSI subsystem initialized
[    0.585394] ACPI: bus type USB registered
[    0.586119] usbcore: registered new interface driver usbfs
[    0.586525] usbcore: registered new interface driver hub
[    0.587321] usbcore: registered new device driver usb
[    0.588174] pps_core: LinuxPPS API ver. 1 registered
[    0.588315] pps_core: Software ver. 5.3.6 - Copyright 2005-2007 Rodolfo Giometti <giometti@linux.it>
[    0.589367] PTP clock support registered
[    0.590006] EDAC MC: Ver: 3.0.0
[    0.591983] NetLabel: Initializing
[    0.592315] NetLabel:  domain hash size = 128
[    0.592876] NetLabel:  protocols = UNLABELED CIPSOv4 CALIPSO
[    0.593440] NetLabel:  unlabeled traffic allowed by default
[    0.594359] PCI: Using ACPI for IRQ routing
[    0.595092] hpet0: at MMIO 0xfed00000, IRQs 2, 8, 0
[    0.595315] hpet0: 3 comparators, 64-bit 100.000000 MHz counter
[    0.598438] clocksource: Switched to clocksource kvm-clock
[    0.756437] VFS: Disk quotas dquot_6.6.0
[    0.757138] VFS: Dquot-cache hash table entries: 512 (order 0, 4096 bytes)
[    0.758449] pnp: PnP ACPI init
[    0.762375] pnp: PnP ACPI: found 6 devices
[    0.776663] clocksource: acpi_pm: mask: 0xffffff max_cycles: 0xffffff, max_idle_ns: 2085701024 ns
[    0.778198] NET: Registered protocol family 2
[    0.778896] IP idents hash table entries: 32768 (order: 6, 262144 bytes, linear)
[    0.781037] tcp_listen_portaddr_hash hash table entries: 1024 (order: 2, 16384 bytes, linear)
[    0.782257] TCP established hash table entries: 16384 (order: 5, 131072 bytes, linear)
[    0.783485] TCP bind hash table entries: 16384 (order: 6, 262144 bytes, linear)
[    0.784922] TCP: Hash tables configured (established 16384 bind 16384)
[    0.786416] UDP hash table entries: 1024 (order: 3, 32768 bytes, linear)
[    0.787438] UDP-Lite hash table entries: 1024 (order: 3, 32768 bytes, linear)
[    0.788477] NET: Registered protocol family 1
[    0.789071] pci_bus 0000:00: resource 4 [io  0x0000-0x0cf7 window]
[    0.789873] pci_bus 0000:00: resource 5 [io  0x0d00-0xffff window]
[    0.790751] pci_bus 0000:00: resource 6 [mem 0x000a0000-0x000bffff window]
[    0.791587] pci_bus 0000:00: resource 7 [mem 0x80000000-0xfebfffff window]
[    0.792403] pci_bus 0000:00: resource 8 [mem 0x100000000-0x17fffffff window]
[    0.793976] pci 0000:00:01.0: PIIX3: Enabling Passive Release
[    0.794853] pci 0000:00:00.0: Limiting direct PCI/PCI transfers
[    0.795671] pci 0000:00:01.0: Activating ISA DMA hang workarounds
[    0.796584] pci 0000:00:02.0: Video device with shadowed ROM at [mem 0x000c0000-0x000dffff]
[    0.797711] PCI: CLS 0 bytes, default 64
[    0.798366] clocksource: tsc: mask: 0xffffffffffffffff max_cycles: 0x312008d3c19, max_idle_ns: 440795240194 ns
[    0.799657] clocksource: Switched to clocksource tsc
[    0.802881] Initialise system trusted keyrings
[    0.803440] Key type blacklist registered
[    0.804029] workingset: timestamp_bits=36 max_order=19 bucket_order=0
[    0.817553] zbud: loaded
[    0.821757] squashfs: version 4.0 (2009/01/31) Phillip Lougher
[    0.824683] fuse: init (API version 7.33)
[    0.825500] SGI XFS with ACLs, security attributes, realtime, quota, no debug enabled
[    0.835147] Key type asymmetric registered
[    0.835681] Asymmetric key parser 'x509' registered
[    0.836397] Block layer SCSI generic (bsg) driver version 0.4 loaded (major 244)
[    0.837391] io scheduler mq-deadline registered
[    0.838233] io scheduler bfq registered
[    0.839803] shpchp: Standard Hot Plug PCI Controller Driver version: 0.4
[    0.841035] IPMI message handler: version 39.2
[    0.841699] ipmi device interface
[    0.842171] ipmi_si: IPMI System Interface driver
[    0.843037] ipmi_si: Unable to find any System Interface(s)
[    0.843796] ipmi_ssif: IPMI SSIF Interface driver
[    0.844544] IPMI Watchdog: driver initialized
[    0.845107] IPMI poweroff: Copyright (C) 2004 MontaVista Software - IPMI Powerdown via sys_reboot
[    0.847861] input: Power Button as /devices/LNXSYSTM:00/LNXPWRBN:00/input/input0
[    0.849185] ACPI: button: Power Button [PWRF]
[    0.850814] ERST DBG: ERST support is disabled.
[    1.904614] ACPI: \_SB_.LNKC: Enabled at IRQ 11
[    1.906774] Serial: 8250/16550 driver, 32 ports, IRQ sharing enabled
[    1.908114] 00:04: ttyS0 at I/O 0x3f8 (irq = 4, base_baud = 115200) is a 16550A
[    1.922086] Linux agpgart interface v0.103
[    1.934112] loop: module loaded
[    1.939661] scsi host0: ata_piix
[    1.941105] scsi host1: ata_piix
[    1.941828] ata1: PATA max MWDMA2 cmd 0x1f0 ctl 0x3f6 bmdma 0xc060 irq 14
[    1.942606] ata2: PATA max MWDMA2 cmd 0x170 ctl 0x376 bmdma 0xc068 irq 15
[    1.944308] libphy: Fixed MDIO Bus: probed
[    1.944824] tun: Universal TUN/TAP device driver, 1.6
[    1.945799] e100: Intel(R) PRO/100 Network Driver
[    1.946351] e100: Copyright(c) 1999-2006 Intel Corporation
[    1.947158] e1000: Intel(R) PRO/1000 Network Driver
[    1.947744] e1000: Copyright (c) 1999-2006 Intel Corporation.
[    2.103498] ata1.00: ATA-7: QEMU HARDDISK, 2.5+, max UDMA/100
[    2.104232] ata1.00: 4194304 sectors, multi 16: LBA48 
[    2.105069] ata2.00: ATAPI: QEMU DVD-ROM, 2.5+, max UDMA/100
[    2.106808] scsi 0:0:0:0: Direct-Access     ATA      QEMU HARDDISK    2.5+ PQ: 0 ANSI: 5
[    2.108464] scsi 0:0:0:0: Attached scsi generic sg0 type 0
[    2.109666] scsi 1:0:0:0: CD-ROM            QEMU     QEMU DVD-ROM     2.5+ PQ: 0 ANSI: 5
[    2.111622] scsi 1:0:0:0: Attached scsi generic sg1 type 5
[    2.112770] sd 0:0:0:0: [sda] 4194304 512-byte logical blocks: (2.15 GB/2.00 GiB)
[    2.113694] sd 0:0:0:0: [sda] Write Protect is off
[    2.114307] sd 0:0:0:0: [sda] Write cache: enabled, read cache: enabled, doesn't support DPO or FUA
[    2.122446] sd 0:0:0:0: [sda] Attached SCSI disk
[    3.038537] ACPI: \_SB_.LNKD: Enabled at IRQ 10
[    3.340372] e1000 0000:00:04.0 eth0: (PCI:33MHz:32-bit) 52:54:00:12:34:56
[    3.341405] e1000 0000:00:04.0 eth0: Intel(R) PRO/1000 Network Connection
[    3.342473] e1000e: Intel(R) PRO/1000 Network Driver
[    3.343134] e1000e: Copyright(c) 1999 - 2015 Intel Corporation.
[    3.344130] igb: Intel(R) Gigabit Ethernet Network Driver
[    3.344871] igb: Copyright (c) 2007-2014 Intel Corporation.
[    3.345760] PPP generic driver version 2.4.2
[    3.346942] VFIO - User Level meta-driver version: 0.3
[    3.347846] ehci_hcd: USB 2.0 'Enhanced' Host Controller (EHCI) Driver
[    3.348782] ehci-pci: EHCI PCI platform driver
[    3.349441] ehci-platform: EHCI generic platform driver
[    3.350230] ohci_hcd: USB 1.1 'Open' Host Controller (OHCI) Driver
[    3.351081] ohci-pci: OHCI PCI platform driver
[    3.351845] ohci-platform: OHCI generic platform driver
[    3.352895] uhci_hcd: USB Universal Host Controller Interface driver
[    3.354235] usbcore: registered new interface driver uas
[    3.355044] usbcore: registered new interface driver usb-storage
[    3.356040] i8042: PNP: PS/2 Controller [PNP0303:KBD,PNP0f13:MOU] at 0x60,0x64 irq 1,12
[    3.357839] serio: i8042 KBD port at 0x60,0x64 irq 1
[    3.358482] serio: i8042 AUX port at 0x60,0x64 irq 12
[    3.359964] mousedev: PS/2 mouse device common for all mice
[    3.361555] input: AT Translated Set 2 keyboard as /devices/platform/i8042/serio0/input/input1
[    3.362939] rtc_cmos 00:05: RTC can wake from S4
[    3.364767] rtc_cmos 00:05: registered as rtc0
[    3.365592] rtc_cmos 00:05: setting system clock to 2021-06-18T17:32:09 UTC (1624037529)
[    3.366904] rtc_cmos 00:05: alarms up to one day, y3k, 242 bytes nvram, hpet irqs
[    3.368053] i2c /dev entries driver
[    3.369063] device-mapper: uevent: version 1.0.3
[    3.370135] device-mapper: ioctl: 4.45.0-ioctl (2021-03-22) initialised: dm-devel@redhat.com
[    3.371453] intel_pstate: CPU model not supported
[    3.372310] sdhci: Secure Digital Host Controller Interface driver
[    3.373126] sdhci: Copyright(c) Pierre Ossman
[    3.373730] sdhci-pltfm: SDHCI platform and OF driver helper
[    3.374559] ledtrig-cpu: registered to indicate activity on CPUs
[    3.375686] intel_pmc_core intel_pmc_core.0:  initialized
[    3.376609] drop_monitor: Initializing network drop monitor service
[    3.378180] NET: Registered protocol family 10
[    3.380525] kworker/u4:0 (113) used greatest stack depth: 28512 bytes left
[    3.382181] Segment Routing with IPv6
[    3.382761] NET: Registered protocol family 17
[    3.383501] 9pnet: Installing 9P2000 support
[    3.384088] Key type dns_resolver registered
[    3.385221] IPI shorthand broadcast: enabled
[    3.386036] sched_clock: Marking stable (3277269984, 108651290)->(3457421161, -71499887)
[    3.387698] registered taskstats version 1
[    3.388387] Loading compiled-in X.509 certificates
[    3.389304] zswap: loaded using pool lzo/zbud
[    3.390702] Key type ._fscrypt registered
[    3.391225] Key type .fscrypt registered
[    3.391793] Key type fscrypt-provisioning registered
[    3.393337] Key type encrypted registered
[    3.393878] ima: No TPM chip found, activating TPM-bypass!
[    3.394683] ima: Allocated hash algorithm: sha1
[    3.395341] ima: No architecture policies found
[    3.396089] evm: Initialising EVM extended attributes:
[    3.396796] evm: security.selinux
[    3.397289] evm: security.SMACK64
[    3.397822] evm: security.SMACK64EXEC
[    3.398358] evm: security.SMACK64TRANSMUTE
[    3.399065] evm: security.SMACK64MMAP
[    3.399767] evm: security.apparmor
[    3.400187] evm: security.ima
[    3.400615] evm: security.capability
[    3.401228] evm: HMAC attrs: 0x1
[    3.404034] PM:   Magic number: 9:633:542
[    3.405161] RAS: Correctable Errors collector initialized.
[    3.406394] md: Waiting for all devices to be available before autodetect
[    3.407273] md: If you don't use raid, use raid=noautodetect
[    3.408172] md: Autodetecting RAID arrays.
[    3.408743] md: autorun ...
[    3.409222] md: ... autorun DONE.
[    3.412191] EXT4-fs (sda): INFO: recovery required on readonly filesystem
[    3.412976] EXT4-fs (sda): write access will be enabled during recovery
[    3.470250] random: fast init done
[    3.487916] EXT4-fs (sda): recovery complete
[    3.489183] EXT4-fs (sda): mounted filesystem with ordered data mode. Opts: (null). Quota mode: none.
[    3.490403] VFS: Mounted root (ext4 filesystem) readonly on device 8:0.
[    3.491615] devtmpfs: mounted
[    3.498185] Freeing unused decrypted memory: 2036K
[    3.500134] Freeing unused kernel image (initmem) memory: 3792K
[    3.500981] Write protecting the kernel read-only data: 65536k
[    3.503378] Freeing unused kernel image (text/rodata gap) memory: 2032K
[    3.504692] Freeing unused kernel image (rodata/data gap) memory: 1056K
[    3.586000] x86/mm: Checked W+X mappings: passed, no W+X pages found.
[    3.586819] x86/mm: Checking user space page tables
[    3.664376] x86/mm: Checked W+X mappings: passed, no W+X pages found.
[    3.665200] Run /sbin/init as init process
[    3.714460] random: systemd: uninitialized urandom read (16 bytes read)
[    3.716743] random: systemd: uninitialized urandom read (16 bytes read)
[    3.717581] random: systemd: uninitialized urandom read (16 bytes read)
[    3.733048] systemd[1]: systemd 232 running in system mode. (+PAM +AUDIT +SELINUX +IMA +APPARMOR +SMACK +SYSVINIT +UTMP +LIBCRYPTSETUP +GCRYPT +GNUTLS +ACL +XZ +LZ4 +SECCOMP +BLKID +ELFUTILS +KMOD +IDN)
[    3.735371] systemd[1]: Detected virtualization qemu.
[    3.736037] systemd[1]: Detected architecture x86-64.

Welcome to [1mDebian GNU/Linux 9 (stretch)[0m!

[    3.740061] systemd[1]: Set hostname to <syzkaller>.
[    3.765945] systemd-debug-g (136) used greatest stack depth: 26888 bytes left
[    3.780393] selinux-autorel (133) used greatest stack depth: 26032 bytes left
[    3.839354] systemd[1]: proc-sys-fs-binfmt_misc.automount: Cannot add dependency job, ignoring: Unit proc-sys-fs-binfmt_misc.automount is masked.
[    3.841884] systemd[1]: Listening on Journal Socket (/dev/log).
[[0;32m  OK  [0m] Listening on Journal Socket (/dev/log).
[    3.843903] systemd[1]: Started Forward Password Requests to Wall Directory Watch.
[[0;32m  OK  [0m] Started Forward Password Requests to Wall Directory Watch.
[    3.846131] systemd[1]: Started Dispatch Password Requests to Console Directory Watch.
[[0;32m  OK  [0m] Started Dispatch Password Requests to Console Directory Watch.
[    3.848938] systemd[1]: Created slice System Slice.
[[0;32m  OK  [0m] Created slice System Slice.
[    3.850351] systemd[1]: Listening on udev Kernel Socket.
[[0;32m  OK  [0m] Listening on udev Kernel Socket.
         Mounting /sys/kernel/debug...
         Mounting /sys/kernel/config...
[[0;32m  OK  [0m] Listening on Journal Socket.
         Starting Load Kernel Modules...
         Starting Remount Root and Kernel File Systems...
         Starting Create Static Device Nodes in /dev...
         Mounting /proc/sys/fs/binfmt_misc...
[[0;32m  OK  [0m] Reached target Remote File Systems.
[[0;32m  OK  [0m] Reached target Paths.
[[0;32m  OK  [0m] Reached target Slices.
[    3.891421] EXT4-fs (sda): re-mounted. Opts: (null). Quota mode: none.
[[0;32m  OK  [0m] Listening on udev Control Socket.
[[0;32m  OK  [0m] Listening on /dev/initctl Compatibility Named Pipe.
[[0;32m  OK  [0m] Listening on Journal Audit Socket.
[[0;32m  OK  [0m] Created slice system-getty.slice.
         Mounting Huge Pages File System...
[[0;32m  OK  [0m] Reached target Swap.
[[0;32m  OK  [0m] Listening on Syslog Socket.
[[0;32m  OK  [0m] Reached target Sockets.
         Starting Journal Service...
[[0;32m  OK  [0m] Reached target Encrypted Volumes.
         Mounting POSIX Message Queue File System...
[[0;32m  OK  [0m] Created slice system-serial\x2dgetty.slice.
[[0;32m  OK  [0m] Mounted Huge Pages File System.
[[0;32m  OK  [0m] Mounted /sys/kernel/debug.
[[0;32m  OK  [0m] Mounted /sys/kernel/config.
[[0;32m  OK  [0m] Mounted /proc/sys/fs/binfmt_misc.
[[0;32m  OK  [0m] Started Load Kernel Modules.
[[0;32m  OK  [0m] Started Remount Root and Kernel File Systems.
[[0;32m  OK  [0m] Started Create Static Device Nodes in /dev.
[[0;32m  OK  [0m] Mounted POSIX Message Queue File System.
         Starting udev Kernel Device Manager...
         Starting udev Coldplug all Devices...
[[0;32m  OK  [0m] Reached target Local File Systems (Pre).
         Starting Load/Save Random Seed...
         Mounting FUSE Control File System...
         Starting Apply Kernel Variables...
[[0;32m  OK  [0m] Reached target Local File Systems.
         Starting Mark the need to relabel after reboot...
[[0;32m  OK  [0m] Mounted FUSE Control File System.
[[0;32m  OK  [0m] Started udev Kernel Device Manager.
[[0;32m  OK  [0m] Started Load/Save Random Seed.
[[0;32m  OK  [0m] Started Apply Kernel Variables.
[[0;32m  OK  [0m] Started Mark the need to relabel after reboot.
[[0;32m  OK  [0m] Started Journal Service.
         Starting Flush Journal to Persistent Storage...
         Starting Raise network interfaces...
[    4.069348] systemd-journald[161]: Received request to flush runtime journal from PID 1
[[0;32m  OK  [0m] Started Flush Journal to Persistent Storage.
         Starting Create Volatile Files and Directories...
[    4.105402] systemd-tmpfile (192) used greatest stack depth: 25608 bytes left
[[0;32m  OK  [0m] Started Create Volatile Files and Directories.
         Starting Network Time Synchronization...
         Starting Update UTMP about System Boot/Shutdown...
[[0;32m  OK  [0m] Started Update UTMP about System Boot/Shutdown.
[[0;32m  OK  [0m] Started Network Time Synchronization.
[[0;32m  OK  [0m] Reached target System Time Synchronized.
[[0;32m  OK  [0m] Started udev Coldplug all Devices.
[[0;32m  OK  [0m] Reached target System Initialization.
[[0;32m  OK  [0m] Started Daily Cleanup of Temporary Directories.
[[0;32m  OK  [0m] Started Daily apt download activities.
[[0;32m  OK  [0m] Started Daily apt upgrade and clean activities.
[[0;32m  OK  [0m] Reached target Timers.
[[0;32m  OK  [0m] Reached target Basic System.
[[0;32m  OK  [0m] Started Regular background program processing daemon.
         Starting System Logging Service...
         Starting getty on tty2-tty6 if dbus and logind are not available...
[[0;32m  OK  [0m] Started System Logging Service.
[[0;32m  OK  [0m] Started getty on tty2-tty6 if dbus and logind are not available.
[    4.363368] e1000 0000:00:04.0 ens4: renamed from eth0
[[0;32m  OK  [0m] Found device /dev/ttyS0.
[[0;32m  OK  [0m] Listening on Load/Save RF Kill Switch Status /dev/rfkill Watch.
[    4.585872] dhclient (241) used greatest stack depth: 25552 bytes left
[[0;1;31mFAILED[0m] Failed to start Raise network interfaces.
See 'systemctl status networking.service' for details.
[[0;32m  OK  [0m] Reached target Network.
         Starting Permit User Sessions...
         Starting OpenBSD Secure Shell server...
[[0;32m  OK  [0m] Reached target Network is Online.
         Starting Daily apt download activities...
[[0;32m  OK  [0m] Started Permit User Sessions.
[[0;32m  OK  [0m] Started Getty on tty3.
[[0;32m  OK  [0m] Started Getty on tty1.
[[0;32m  OK  [0m] Started Getty on tty5.
[[0;32m  OK  [0m] Started Getty on tty6.
[[0;32m  OK  [0m] Started Getty on tty4.
[[0;32m  OK  [0m] Started Getty on tty2.
[[0;32m  OK  [0m] Started Serial Getty on ttyS0.
[[0;32m  OK  [0m] Reached target Login Prompts.
[[0;32m  OK  [0m] Started OpenBSD Secure Shell server.
[[0;32m  OK  [0m] Reached target Multi-User System.
[[0;32m  OK  [0m] Reached target Graphical Interface.
         Starting Update UTMP about System Runlevel Changes...
[[0;32m  OK  [0m] Started Update UTMP about System Runlevel Changes.
[    4.729887] random: crng init done
[    4.730440] random: 7 urandom warning(s) missed due to ratelimiting
[[0;32m  OK  [0m] Started Daily apt download activities.
         Starting Daily apt upgrade and clean activities...
[[0;32m  OK  [0m] Started Daily apt upgrade and clean activities.

Debian GNU/Linux 9 syzkaller ttyS0


testing program (duration=22.5s, {Threaded:true Collide:true Repeat:true RepeatTimes:0 Procs:8 Slowdown:1 Sandbox:none Fault:false FaultCall:-1 FaultNth:0 Leak:false NetInjection:true NetDevices:true NetReset:true Cgroups:true BinfmtMisc:true CloseFDs:true KCSAN:false DevlinkPCI:false USB:false VhciInjection:false Wifi:false IEEE802154:false Sysctl:true UseTmpDir:true HandleSegv:true Repro:true Trace:false}): fork-ptrace-wait4-ptrace$getregs-ptrace$setregset-syz_init_net_socket$nl_generic-syz_genetlink_get_family_id$netlbl_cipso-getpid-wait4-fork-ptrace-tkill-syz_open_procfs-read-syz_open_dev$tty20-fork-wait4-ioctl$sock_SIOCGIFINDEX_802154-ptrace$cont
detailed listing:
executing program 0:
r0 = fork()
ptrace(0x10, r0)
wait4(0xffffffffffffffff, &(0x7f0000000080), 0x80000000, &(0x7f0000000140))
ptrace$getregs(0xc, r0, 0x5, &(0x7f0000000000)=""/106)
ptrace$setregset(0x4205, r0, 0x2, &(0x7f0000000100)={&(0x7f0000000000), 0xfffffffffffffe18})
r1 = syz_init_net_socket$nl_generic(0x10, 0x3, 0x10)
syz_genetlink_get_family_id$netlbl_cipso(&(0x7f00000001c0), r1)
getpid()
wait4(0x0, 0x0, 0x1000000, &(0x7f0000000600))
r2 = fork()
ptrace(0x10, r2)
tkill(r2, 0x9)
r3 = syz_open_procfs(0x0, &(0x7f0000000040)='oom_score_adj\x00')
read(r3, 0x0, 0x0)
syz_open_dev$tty20(0xc, 0x4, 0x0)
r4 = fork()
wait4(r4, &(0x7f0000000500), 0x20000000, &(0x7f0000000380))
ioctl$sock_SIOCGIFINDEX_802154(0xffffffffffffffff, 0x8933, &(0x7f0000000200)={'wpan3\x00'})
ptrace$cont(0x7, r2, 0x3, 0x3)

program crashed: WARNING in ex_handler_fprestore
testing program (duration=22.5s, {Threaded:true Collide:true Repeat:true RepeatTimes:0 Procs:8 Slowdown:1 Sandbox:none Fault:false FaultCall:-1 FaultNth:0 Leak:false NetInjection:true NetDevices:true NetReset:true Cgroups:true BinfmtMisc:true CloseFDs:true KCSAN:false DevlinkPCI:false USB:false VhciInjection:false Wifi:false IEEE802154:false Sysctl:true UseTmpDir:true HandleSegv:true Repro:true Trace:false}): fork-ptrace-wait4-ptrace$getregs-ptrace$setregset-syz_init_net_socket$nl_generic-syz_genetlink_get_family_id$netlbl_cipso-getpid-wait4-fork-ptrace-tkill-syz_open_procfs-read-syz_open_dev$tty20-fork-wait4-ioctl$sock_SIOCGIFINDEX_802154
detailed listing:
executing program 0:
r0 = fork()
ptrace(0x10, r0)
wait4(0xffffffffffffffff, &(0x7f0000000080), 0x80000000, &(0x7f0000000140))
ptrace$getregs(0xc, r0, 0x5, &(0x7f0000000000)=""/106)
ptrace$setregset(0x4205, r0, 0x2, &(0x7f0000000100)={&(0x7f0000000000), 0xfffffffffffffe18})
r1 = syz_init_net_socket$nl_generic(0x10, 0x3, 0x10)
syz_genetlink_get_family_id$netlbl_cipso(&(0x7f00000001c0), r1)
getpid()
wait4(0x0, 0x0, 0x1000000, &(0x7f0000000600))
r2 = fork()
ptrace(0x10, r2)
tkill(r2, 0x9)
r3 = syz_open_procfs(0x0, &(0x7f0000000040)='oom_score_adj\x00')
read(r3, 0x0, 0x0)
syz_open_dev$tty20(0xc, 0x4, 0x0)
r4 = fork()
wait4(r4, &(0x7f0000000500), 0x20000000, &(0x7f0000000380))
ioctl$sock_SIOCGIFINDEX_802154(0xffffffffffffffff, 0x8933, &(0x7f0000000200)={'wpan3\x00'})

program crashed: WARNING in ex_handler_fprestore
testing program (duration=22.5s, {Threaded:true Collide:true Repeat:true RepeatTimes:0 Procs:8 Slowdown:1 Sandbox:none Fault:false FaultCall:-1 FaultNth:0 Leak:false NetInjection:true NetDevices:true NetReset:true Cgroups:true BinfmtMisc:true CloseFDs:true KCSAN:false DevlinkPCI:false USB:false VhciInjection:false Wifi:false IEEE802154:false Sysctl:true UseTmpDir:true HandleSegv:true Repro:true Trace:false}): fork-ptrace-wait4-ptrace$getregs-ptrace$setregset-syz_init_net_socket$nl_generic-syz_genetlink_get_family_id$netlbl_cipso-getpid-wait4-fork-ptrace-tkill-syz_open_procfs-read-syz_open_dev$tty20-fork-wait4
detailed listing:
executing program 0:
r0 = fork()
ptrace(0x10, r0)
wait4(0xffffffffffffffff, &(0x7f0000000080), 0x80000000, &(0x7f0000000140))
ptrace$getregs(0xc, r0, 0x5, &(0x7f0000000000)=""/106)
ptrace$setregset(0x4205, r0, 0x2, &(0x7f0000000100)={&(0x7f0000000000), 0xfffffffffffffe18})
r1 = syz_init_net_socket$nl_generic(0x10, 0x3, 0x10)
syz_genetlink_get_family_id$netlbl_cipso(&(0x7f00000001c0), r1)
getpid()
wait4(0x0, 0x0, 0x1000000, &(0x7f0000000600))
r2 = fork()
ptrace(0x10, r2)
tkill(r2, 0x9)
r3 = syz_open_procfs(0x0, &(0x7f0000000040)='oom_score_adj\x00')
read(r3, 0x0, 0x0)
syz_open_dev$tty20(0xc, 0x4, 0x0)
r4 = fork()
wait4(r4, &(0x7f0000000500), 0x20000000, &(0x7f0000000380))

program crashed: WARNING in ex_handler_fprestore
testing program (duration=22.5s, {Threaded:true Collide:true Repeat:true RepeatTimes:0 Procs:8 Slowdown:1 Sandbox:none Fault:false FaultCall:-1 FaultNth:0 Leak:false NetInjection:true NetDevices:true NetReset:true Cgroups:true BinfmtMisc:true CloseFDs:true KCSAN:false DevlinkPCI:false USB:false VhciInjection:false Wifi:false IEEE802154:false Sysctl:true UseTmpDir:true HandleSegv:true Repro:true Trace:false}): fork-ptrace-wait4-ptrace$getregs-ptrace$setregset-syz_init_net_socket$nl_generic-syz_genetlink_get_family_id$netlbl_cipso-getpid-wait4-fork-ptrace-tkill-syz_open_procfs-read-syz_open_dev$tty20-fork
detailed listing:
executing program 0:
r0 = fork()
ptrace(0x10, r0)
wait4(0xffffffffffffffff, &(0x7f0000000080), 0x80000000, &(0x7f0000000140))
ptrace$getregs(0xc, r0, 0x5, &(0x7f0000000000)=""/106)
ptrace$setregset(0x4205, r0, 0x2, &(0x7f0000000100)={&(0x7f0000000000), 0xfffffffffffffe18})
r1 = syz_init_net_socket$nl_generic(0x10, 0x3, 0x10)
syz_genetlink_get_family_id$netlbl_cipso(&(0x7f00000001c0), r1)
getpid()
wait4(0x0, 0x0, 0x1000000, &(0x7f0000000600))
r2 = fork()
ptrace(0x10, r2)
tkill(r2, 0x9)
r3 = syz_open_procfs(0x0, &(0x7f0000000040)='oom_score_adj\x00')
read(r3, 0x0, 0x0)
syz_open_dev$tty20(0xc, 0x4, 0x0)
fork()

program crashed: WARNING in ex_handler_fprestore
failed to init instance: failed to create VM: can't ssh into the instance
failed to run ["ssh" "-p" "31792" "-F" "/dev/null" "-o" "UserKnownHostsFile=/dev/null" "-o" "BatchMode=yes" "-o" "IdentitiesOnly=yes" "-o" "StrictHostKeyChecking=no" "-o" "ConnectTimeout=10" "-i" "/root/image/stretch.id_rsa" "-v" "root@localhost" "pwd"]: exit status 255
OpenSSH_8.0p1, OpenSSL 1.1.1k  FIPS 25 Mar 2021
debug1: Reading configuration data /dev/null
debug1: Connecting to localhost [::1] port 31792.
debug1: connect to address ::1 port 31792: Connection refused
debug1: Connecting to localhost [127.0.0.1] port 31792.
debug1: connect to address 127.0.0.1 port 31792: Connection timed out
ssh: connect to host localhost port 31792: Connection timed out
qemu-system-x86_64: -chardev socket,id=SOCKSYZ,server=on,nowait,host=localhost,port=5944: warning: short-form boolean option 'nowait' deprecated
Please use wait=off instead
[    0.000000] Linux version 5.13.0-rc5-t2+ (root@skl06.sh.intel.com) (gcc (GCC) 8.5.0 20210514 (Red Hat 8.5.0-1), GNU ld (GNU Binutils) 2.35.50.20200921) #3 SMP Fri Jun 18 09:11:46 EDT 2021
[    0.000000] Command line: root=/dev/sda console=ttyS0 
[    0.000000] KERNEL supported cpus:
[    0.000000]   Intel GenuineIntel
[    0.000000]   AMD AuthenticAMD
[    0.000000]   Hygon HygonGenuine
[    0.000000]   Centaur CentaurHauls
[    0.000000]   zhaoxin   Shanghai  
[    0.000000] x86/fpu: Supporting XSAVE feature 0x001: 'x87 floating point registers'
[    0.000000] x86/fpu: Supporting XSAVE feature 0x002: 'SSE registers'
[    0.000000] x86/fpu: Supporting XSAVE feature 0x004: 'AVX registers'
[    0.000000] x86/fpu: Supporting XSAVE feature 0x008: 'MPX bounds registers'
[    0.000000] x86/fpu: Supporting XSAVE feature 0x010: 'MPX CSR'
[    0.000000] x86/fpu: xstate_offset[2]:  576, xstate_sizes[2]:  256
[    0.000000] x86/fpu: xstate_offset[3]:  832, xstate_sizes[3]:   64
[    0.000000] x86/fpu: xstate_offset[4]:  896, xstate_sizes[4]:   64
[    0.000000] x86/fpu: Enabled xstate features 0x1f, context size is 960 bytes, using 'compacted' format.
[    0.000000] signal: max sigframe size: 2032
[    0.000000] BIOS-provided physical RAM map:
[    0.000000] BIOS-e820: [mem 0x0000000000000000-0x000000000009fbff] usable
[    0.000000] BIOS-e820: [mem 0x000000000009fc00-0x000000000009ffff] reserved
[    0.000000] BIOS-e820: [mem 0x00000000000f0000-0x00000000000fffff] reserved
[    0.000000] BIOS-e820: [mem 0x0000000000100000-0x000000007ffdffff] usable
[    0.000000] BIOS-e820: [mem 0x000000007ffe0000-0x000000007fffffff] reserved
[    0.000000] BIOS-e820: [mem 0x00000000feffc000-0x00000000feffffff] reserved
[    0.000000] BIOS-e820: [mem 0x00000000fffc0000-0x00000000ffffffff] reserved
[    0.000000] NX (Execute Disable) protection: active
[    0.000000] SMBIOS 2.8 present.
[    0.000000] DMI: QEMU Standard PC (i440FX + PIIX, 1996), BIOS rel-1.14.0-0-g155821a1990b-prebuilt.qemu.org 04/01/2014
[    0.000000] Hypervisor detected: KVM
[    0.000000] kvm-clock: Using msrs 4b564d01 and 4b564d00
[    0.000000] kvm-clock: cpu 0, msr 39601001, primary cpu clock
[    0.000002] kvm-clock: using sched offset of 352829894 cycles
[    0.000010] clocksource: kvm-clock: mask: 0xffffffffffffffff max_cycles: 0x1cd42e4dffb, max_idle_ns: 881590591483 ns
[    0.000020] tsc: Detected 3408.056 MHz processor
[    0.002547] last_pfn = 0x7ffe0 max_arch_pfn = 0x400000000
[    0.002579] x86/PAT: Configuration [0-7]: WB  WC  UC- UC  WB  WP  UC- WT  
[    0.010947] found SMP MP-table at [mem 0x000f5a90-0x000f5a9f]
[    0.010984] Using GB pages for direct mapping
[    0.011482] ACPI: Early table checksum verification disabled
[    0.011503] ACPI: RSDP 0x00000000000F5870 000014 (v00 BOCHS )
[    0.011515] ACPI: RSDT 0x000000007FFE1959 000034 (v01 BOCHS  BXPC     00000001 BXPC 00000001)
[    0.011533] ACPI: FACP 0x000000007FFE1805 000074 (v01 BOCHS  BXPC     00000001 BXPC 00000001)
[    0.011549] ACPI: DSDT 0x000000007FFE0040 0017C5 (v01 BOCHS  BXPC     00000001 BXPC 00000001)
[    0.011561] ACPI: FACS 0x000000007FFE0000 000040
[    0.011571] ACPI: APIC 0x000000007FFE1879 000080 (v01 BOCHS  BXPC     00000001 BXPC 00000001)
[    0.011583] ACPI: HPET 0x000000007FFE18F9 000038 (v01 BOCHS  BXPC     00000001 BXPC 00000001)
[    0.011595] ACPI: WAET 0x000000007FFE1931 000028 (v01 BOCHS  BXPC     00000001 BXPC 00000001)
[    0.011605] ACPI: Reserving FACP table memory at [mem 0x7ffe1805-0x7ffe1878]
[    0.011610] ACPI: Reserving DSDT table memory at [mem 0x7ffe0040-0x7ffe1804]
[    0.011614] ACPI: Reserving FACS table memory at [mem 0x7ffe0000-0x7ffe003f]
[    0.011618] ACPI: Reserving APIC table memory at [mem 0x7ffe1879-0x7ffe18f8]
[    0.011622] ACPI: Reserving HPET table memory at [mem 0x7ffe18f9-0x7ffe1930]
[    0.011626] ACPI: Reserving WAET table memory at [mem 0x7ffe1931-0x7ffe1958]
[    0.012188] No NUMA configuration found
[    0.012192] Faking a node at [mem 0x0000000000000000-0x000000007ffdffff]
[    0.012227] NODE_DATA(0) allocated [mem 0x7ffb5000-0x7ffdffff]
[    0.013745] Zone ranges:
[    0.013748]   DMA      [mem 0x0000000000001000-0x0000000000ffffff]
[    0.013754]   DMA32    [mem 0x0000000001000000-0x000000007ffdffff]
[    0.013759]   Normal   empty
[    0.013763]   Device   empty
[    0.013766] Movable zone start for each node
[    0.013771] Early memory node ranges
[    0.013773]   node   0: [mem 0x0000000000001000-0x000000000009efff]
[    0.013778]   node   0: [mem 0x0000000000100000-0x000000007ffdffff]
[    0.013784] Initmem setup node 0 [mem 0x0000000000001000-0x000000007ffdffff]
[    0.014822]   DMA zone: 28770 pages in unavailable ranges
[    0.026891]   DMA32 zone: 32 pages in unavailable ranges
[    0.070766] kasan: KernelAddressSanitizer initialized
[    0.071085] ACPI: PM-Timer IO Port: 0x608
[    0.071113] ACPI: LAPIC_NMI (acpi_id[0xff] dfl dfl lint[0x1])
[    0.071151] IOAPIC[0]: apic_id 0, version 17, address 0xfec00000, GSI 0-23
[    0.071160] ACPI: INT_SRC_OVR (bus 0 bus_irq 0 global_irq 2 dfl dfl)
[    0.071166] ACPI: INT_SRC_OVR (bus 0 bus_irq 5 global_irq 5 high level)
[    0.071171] ACPI: INT_SRC_OVR (bus 0 bus_irq 9 global_irq 9 high level)
[    0.071178] ACPI: INT_SRC_OVR (bus 0 bus_irq 10 global_irq 10 high level)
[    0.071183] ACPI: INT_SRC_OVR (bus 0 bus_irq 11 global_irq 11 high level)
[    0.071204] Using ACPI (MADT) for SMP configuration information
[    0.071207] ACPI: HPET id: 0x8086a201 base: 0xfed00000
[    0.071216] TSC deadline timer available
[    0.071223] smpboot: Allowing 2 CPUs, 0 hotplug CPUs
[    0.071244] kvm-guest: KVM setup pv remote TLB flush
[    0.071248] kvm-guest: setup PV sched yield
[    0.071277] PM: hibernation: Registered nosave memory: [mem 0x00000000-0x00000fff]
[    0.071284] PM: hibernation: Registered nosave memory: [mem 0x0009f000-0x0009ffff]
[    0.071287] PM: hibernation: Registered nosave memory: [mem 0x000a0000-0x000effff]
[    0.071291] PM: hibernation: Registered nosave memory: [mem 0x000f0000-0x000fffff]
[    0.071296] [mem 0x80000000-0xfeffbfff] available for PCI devices
[    0.071300] Booting paravirtualized kernel on KVM
[    0.071312] clocksource: refined-jiffies: mask: 0xffffffff max_cycles: 0xffffffff, max_idle_ns: 1910969940391419 ns
[    0.088104] setup_percpu: NR_CPUS:8192 nr_cpumask_bits:2 nr_cpu_ids:2 nr_node_ids:1
[    0.088381] percpu: Embedded 65 pages/cpu s229376 r8192 d28672 u1048576
[    0.088465] kvm-guest: setup async PF for cpu 0
[    0.088471] kvm-guest: stealtime: cpu 0, msr 5e437080
[    0.088477] kvm-guest: PV spinlocks enabled
[    0.088483] PV qspinlock hash table entries: 256 (order: 0, 4096 bytes, linear)
[    0.088494] Built 1 zonelists, mobility grouping on.  Total pages: 515808
[    0.088498] Policy zone: DMA32
[    0.088501] Kernel command line: root=/dev/sda console=ttyS0 
[    0.088674] Dentry cache hash table entries: 262144 (order: 9, 2097152 bytes, linear)
[    0.088822] Inode-cache hash table entries: 131072 (order: 8, 1048576 bytes, linear)
[    0.088888] mem auto-init: stack:off, heap alloc:off, heap free:off
[    0.113527] Memory: 1438720K/2096632K available (51215K kernel code, 11055K rwdata, 11232K rodata, 3792K init, 7020K bss, 657656K reserved, 0K cma-reserved)
[    0.113547] random: get_random_u64 called from __kmem_cache_create+0x26/0x430 with crng_init=0
[    0.113864] SLUB: HWalign=64, Order=0-3, MinObjects=0, CPUs=2, Nodes=1
[    0.113893] Kernel/User page tables isolation: enabled
[    0.113943] ftrace: allocating 59293 entries in 232 pages
[    0.157666] ftrace: allocated 232 pages with 4 groups
[    0.158037] rcu: Hierarchical RCU implementation.
[    0.158041] rcu: 	RCU event tracing is enabled.
[    0.158043] rcu: 	RCU restricting CPUs from NR_CPUS=8192 to nr_cpu_ids=2.
[    0.158048] 	Trampoline variant of Tasks RCU enabled.
[    0.158050] 	Rude variant of Tasks RCU enabled.
[    0.158052] 	Tracing variant of Tasks RCU enabled.
[    0.158055] rcu: RCU calculated value of scheduler-enlistment delay is 100 jiffies.
[    0.158058] rcu: Adjusting geometry for rcu_fanout_leaf=16, nr_cpu_ids=2
[    0.173734] NR_IRQS: 524544, nr_irqs: 440, preallocated irqs: 16
[    0.178450] Console: colour VGA+ 80x25
[    0.273882] printk: console [ttyS0] enabled
[    0.274586] ACPI: Core revision 20210331
[    0.275401] clocksource: hpet: mask: 0xffffffff max_cycles: 0xffffffff, max_idle_ns: 19112604467 ns
[    0.276620] APIC: Switch to symmetric I/O mode setup
[    0.277448] x2apic enabled
[    0.278035] Switched APIC routing to physical x2apic.
[    0.278667] kvm-guest: setup PV IPIs
[    0.280150] ..TIMER: vector=0x30 apic1=0 pin1=2 apic2=-1 pin2=-1
[    0.280917] clocksource: tsc-early: mask: 0xffffffffffffffff max_cycles: 0x312008d3c19, max_idle_ns: 440795240194 ns
[    0.282194] Calibrating delay loop (skipped) preset value.. 6816.11 BogoMIPS (lpj=3408056)
[    0.283193] pid_max: default: 32768 minimum: 301
[    0.284316] LSM: Security Framework initializing
[    0.284888] Yama: becoming mindful.
[    0.285378] Mount-cache hash table entries: 4096 (order: 3, 32768 bytes, linear)
[    0.286211] Mountpoint-cache hash table entries: 4096 (order: 3, 32768 bytes, linear)
[    0.288807] x86/cpu: User Mode Instruction Prevention (UMIP) activated
[    0.289311] Last level iTLB entries: 4KB 0, 2MB 0, 4MB 0
[    0.290193] Last level dTLB entries: 4KB 0, 2MB 0, 4MB 0, 1GB 0
[    0.291213] Spectre V1 : Mitigation: usercopy/swapgs barriers and __user pointer sanitization
[    0.292193] Spectre V2 : Mitigation: Full generic retpoline
[    0.293193] Spectre V2 : Spectre v2 / SpectreRSB mitigation: Filling RSB on context switch
[    0.294193] Spectre V2 : Enabling Restricted Speculation for firmware calls
[    0.295194] Spectre V2 : mitigation: Enabling conditional Indirect Branch Prediction Barrier
[    0.296193] Speculative Store Bypass: Mitigation: Speculative Store Bypass disabled via prctl and seccomp
[    0.297196] TAA: Mitigation: Clear CPU buffers
[    0.297729] SRBDS: Unknown: Dependent on hypervisor status
[    0.298193] MDS: Mitigation: Clear CPU buffers
[    0.313875] Freeing SMP alternatives memory: 48K
[    0.314455] smpboot: CPU0: Intel(R) Core(TM) i7-6700 CPU @ 3.40GHz (family: 0x6, model: 0x5e, stepping: 0x3)
[    0.315552] Performance Events: Skylake events, 32-deep LBR, full-width counters, Intel PMU driver.
[    0.317197] ... version:                2
[    0.317741] ... bit width:              48
[    0.318193] ... generic registers:      4
[    0.318756] ... value mask:             0000ffffffffffff
[    0.319193] ... max period:             00007fffffffffff
[    0.319905] ... fixed-purpose events:   3
[    0.320193] ... event mask:             000000070000000f
[    0.321139] rcu: Hierarchical SRCU implementation.
[    0.323216] smp: Bringing up secondary CPUs ...
[    0.324061] x86: Booting SMP configuration:
[    0.324224] .... node  #0, CPUs:      #1
[    0.105169] kvm-clock: cpu 1, msr 39601041, secondary cpu clock
[    0.105169] smpboot: CPU 1 Converting physical 0 to logical die 1
[    0.328219] kvm-guest: setup async PF for cpu 1
[    0.328966] kvm-guest: stealtime: cpu 1, msr 5e537080
[    0.329249] smp: Brought up 1 node, 2 CPUs
[    0.330212] smpboot: Max logical packages: 2
[    0.330765] smpboot: Total of 2 processors activated (13632.22 BogoMIPS)
[    0.331894] devtmpfs: initialized
[    0.332589] x86/mm: Memory block size: 128MB
[    0.337648] clocksource: jiffies: mask: 0xffffffff max_cycles: 0xffffffff, max_idle_ns: 1911260446275000 ns
[    0.338198] futex hash table entries: 512 (order: 3, 32768 bytes, linear)
[    0.339217] pinctrl core: initialized pinctrl subsystem
[    0.340384] 
[    0.340563] *************************************************************
[    0.341194] **     NOTICE NOTICE NOTICE NOTICE NOTICE NOTICE NOTICE    **
[    0.341991] **                                                         **
[    0.342194] **  IOMMU DebugFS SUPPORT HAS BEEN ENABLED IN THIS KERNEL  **
[    0.342972] **                                                         **
[    0.343193] ** This means that this kernel is built to expose internal **
[    0.344051] ** IOMMU data structures, which may compromise security on **
[    0.344193] ** your system.                                            **
[    0.344999] **                                                         **
[    0.345193] ** If you see this message and you are not debugging the   **
[    0.345989] ** kernel, report this immediately to your vendor!         **
[    0.346193] **                                                         **
[    0.347051] **     NOTICE NOTICE NOTICE NOTICE NOTICE NOTICE NOTICE    **
[    0.347193] *************************************************************
[    0.348107] PM: RTC time: 17:44:00, date: 2021-06-18
[    0.348795] NET: Registered protocol family 16
[    0.349795] DMA: preallocated 256 KiB GFP_KERNEL pool for atomic allocations
[    0.350220] DMA: preallocated 256 KiB GFP_KERNEL|GFP_DMA pool for atomic allocations
[    0.351221] DMA: preallocated 256 KiB GFP_KERNEL|GFP_DMA32 pool for atomic allocations
[    0.352250] audit: initializing netlink subsys (disabled)
[    0.352962] audit: type=2000 audit(1624038241.095:1): state=initialized audit_enabled=0 res=1
[    0.354508] thermal_sys: Registered thermal governor 'fair_share'
[    0.354512] thermal_sys: Registered thermal governor 'bang_bang'
[    0.355194] thermal_sys: Registered thermal governor 'step_wise'
[    0.355959] thermal_sys: Registered thermal governor 'user_space'
[    0.356235] cpuidle: using governor ladder
[    0.357198] cpuidle: using governor menu
[    0.357855] ACPI: bus type PCI registered
[    0.358195] acpiphp: ACPI Hot Plug PCI Controller Driver version: 0.5
[    0.359546] PCI: Using configuration type 1 for base access
[    0.377558] Kprobes globally optimized
[    0.378336] HugeTLB registered 1.00 GiB page size, pre-allocated 0 pages
[    0.379248] HugeTLB registered 2.00 MiB page size, pre-allocated 0 pages
[    0.380435] cryptomgr_test (32) used greatest stack depth: 30576 bytes left
[    0.383297] cryptomgr_test (64) used greatest stack depth: 30072 bytes left
[    0.387266] ACPI: Added _OSI(Module Device)
[    0.388116] ACPI: Added _OSI(Processor Device)
[    0.388195] ACPI: Added _OSI(3.0 _SCP Extensions)
[    0.388846] ACPI: Added _OSI(Processor Aggregator Device)
[    0.389241] ACPI: Added _OSI(Linux-Dell-Video)
[    0.389940] ACPI: Added _OSI(Linux-Lenovo-NV-HDMI-Audio)
[    0.390265] ACPI: Added _OSI(Linux-HPI-Hybrid-Graphics)
[    0.410010] ACPI: 1 ACPI AML tables successfully acquired and loaded
[    0.414590] ACPI: Interpreter enabled
[    0.415295] ACPI: (supports S0 S3 S4 S5)
[    0.415884] ACPI: Using IOAPIC for interrupt routing
[    0.416330] PCI: Using host bridge windows from ACPI; if necessary, use "pci=nocrs" and report a bug
[    0.418538] ACPI: Enabled 2 GPEs in block 00 to 0F
[    0.451763] ACPI: PCI Root Bridge [PCI0] (domain 0000 [bus 00-ff])
[    0.452244] acpi PNP0A03:00: _OSC: OS supports [ASPM ClockPM Segments MSI EDR HPX-Type3]
[    0.453387] acpi PNP0A03:00: fail to add MMCONFIG information, can't access extended PCI configuration space under this bridge.
[    0.457612] acpiphp: Slot [3] registered
[    0.458371] acpiphp: Slot [4] registered
[    0.459004] acpiphp: Slot [5] registered
[    0.459379] acpiphp: Slot [6] registered
[    0.460087] acpiphp: Slot [7] registered
[    0.460372] acpiphp: Slot [8] registered
[    0.461104] acpiphp: Slot [9] registered
[    0.461382] acpiphp: Slot [10] registered
[    0.462103] acpiphp: Slot [11] registered
[    0.462381] acpiphp: Slot [12] registered
[    0.463147] acpiphp: Slot [13] registered
[    0.463370] acpiphp: Slot [14] registered
[    0.464132] acpiphp: Slot [15] registered
[    0.464385] acpiphp: Slot [16] registered
[    0.465163] acpiphp: Slot [17] registered
[    0.465368] acpiphp: Slot [18] registered
[    0.466037] acpiphp: Slot [19] registered
[    0.466370] acpiphp: Slot [20] registered
[    0.467040] acpiphp: Slot [21] registered
[    0.467399] acpiphp: Slot [22] registered
[    0.468108] acpiphp: Slot [23] registered
[    0.468378] acpiphp: Slot [24] registered
[    0.469166] acpiphp: Slot [25] registered
[    0.469358] acpiphp: Slot [26] registered
[    0.470086] acpiphp: Slot [27] registered
[    0.470399] acpiphp: Slot [28] registered
[    0.471308] acpiphp: Slot [29] registered
[    0.472089] acpiphp: Slot [30] registered
[    0.472345] acpiphp: Slot [31] registered
[    0.472929] PCI host bridge to bus 0000:00
[    0.473218] pci_bus 0000:00: root bus resource [io  0x0000-0x0cf7 window]
[    0.474028] pci_bus 0000:00: root bus resource [io  0x0d00-0xffff window]
[    0.474216] pci_bus 0000:00: root bus resource [mem 0x000a0000-0x000bffff window]
[    0.475083] pci_bus 0000:00: root bus resource [mem 0x80000000-0xfebfffff window]
[    0.475201] pci_bus 0000:00: root bus resource [mem 0x100000000-0x17fffffff window]
[    0.476097] pci_bus 0000:00: root bus resource [bus 00-ff]
[    0.476330] pci 0000:00:00.0: [8086:1237] type 00 class 0x060000
[    0.489173] pci 0000:00:01.0: [8086:7000] type 00 class 0x060100
[    0.491216] pci 0000:00:01.1: [8086:7010] type 00 class 0x010180
[    0.493505] pci 0000:00:01.1: reg 0x20: [io  0xc060-0xc06f]
[    0.494708] pci 0000:00:01.1: legacy IDE quirk: reg 0x10: [io  0x01f0-0x01f7]
[    0.495197] pci 0000:00:01.1: legacy IDE quirk: reg 0x14: [io  0x03f6]
[    0.496174] pci 0000:00:01.1: legacy IDE quirk: reg 0x18: [io  0x0170-0x0177]
[    0.496198] pci 0000:00:01.1: legacy IDE quirk: reg 0x1c: [io  0x0376]
[    0.498672] pci 0000:00:01.3: [8086:7113] type 00 class 0x068000
[    0.499588] pci 0000:00:01.3: quirk: [io  0x0600-0x063f] claimed by PIIX4 ACPI
[    0.500217] pci 0000:00:01.3: quirk: [io  0x0700-0x070f] claimed by PIIX4 SMB
[    0.502480] pci 0000:00:02.0: [1234:1111] type 00 class 0x030000
[    0.504483] pci 0000:00:02.0: reg 0x10: [mem 0xfd000000-0xfdffffff pref]
[    0.506219] pci 0000:00:02.0: reg 0x18: [mem 0xfebf0000-0xfebf0fff]
[    0.509558] pci 0000:00:02.0: reg 0x30: [mem 0xfebe0000-0xfebeffff pref]
[    0.522172] pci 0000:00:03.0: [1af4:1005] type 00 class 0x00ff00
[    0.522885] pci 0000:00:03.0: reg 0x10: [io  0xc040-0xc05f]
[    0.525821] pci 0000:00:03.0: reg 0x20: [mem 0xfe000000-0xfe003fff 64bit pref]
[    0.539048] pci 0000:00:04.0: [8086:100e] type 00 class 0x020000
[    0.539739] pci 0000:00:04.0: reg 0x10: [mem 0xfebc0000-0xfebdffff]
[    0.540776] pci 0000:00:04.0: reg 0x14: [io  0xc000-0xc03f]
[    0.543527] pci 0000:00:04.0: reg 0x30: [mem 0xfeb80000-0xfebbffff pref]
[    0.563946] ACPI: PCI: Interrupt link LNKA configured for IRQ 10
[    0.565312] ACPI: PCI: Interrupt link LNKB configured for IRQ 10
[    0.567148] ACPI: PCI: Interrupt link LNKC configured for IRQ 11
[    0.568371] ACPI: PCI: Interrupt link LNKD configured for IRQ 11
[    0.569551] ACPI: PCI: Interrupt link LNKS configured for IRQ 9
[    0.572332] iommu: Default domain type: Translated 
[    0.573262] pci 0000:00:02.0: vgaarb: setting as boot VGA device
[    0.573963] pci 0000:00:02.0: vgaarb: VGA device added: decodes=io+mem,owns=io+mem,locks=none
[    0.574196] pci 0000:00:02.0: vgaarb: bridge control possible
[    0.574872] vgaarb: loaded
[    0.576508] SCSI subsystem initialized
[    0.577290] ACPI: bus type USB registered
[    0.577918] usbcore: registered new interface driver usbfs
[    0.578455] usbcore: registered new interface driver hub
[    0.579182] usbcore: registered new device driver usb
[    0.579488] pps_core: LinuxPPS API ver. 1 registered
[    0.580195] pps_core: Software ver. 5.3.6 - Copyright 2005-2007 Rodolfo Giometti <giometti@linux.it>
[    0.581293] PTP clock support registered
[    0.581920] EDAC MC: Ver: 3.0.0
[    0.583763] NetLabel: Initializing
[    0.584194] NetLabel:  domain hash size = 128
[    0.584834] NetLabel:  protocols = UNLABELED CIPSOv4 CALIPSO
[    0.585333] NetLabel:  unlabeled traffic allowed by default
[    0.586277] PCI: Using ACPI for IRQ routing
[    0.587302] hpet0: at MMIO 0xfed00000, IRQs 2, 8, 0
[    0.588040] hpet0: 3 comparators, 64-bit 100.000000 MHz counter
[    0.592288] clocksource: Switched to clocksource kvm-clock
[    0.750023] VFS: Disk quotas dquot_6.6.0
[    0.750752] VFS: Dquot-cache hash table entries: 512 (order 0, 4096 bytes)
[    0.752006] pnp: PnP ACPI init
[    0.755816] pnp: PnP ACPI: found 6 devices
[    0.769935] clocksource: acpi_pm: mask: 0xffffff max_cycles: 0xffffff, max_idle_ns: 2085701024 ns
[    0.771222] NET: Registered protocol family 2
[    0.771852] IP idents hash table entries: 32768 (order: 6, 262144 bytes, linear)
[    0.773842] tcp_listen_portaddr_hash hash table entries: 1024 (order: 2, 16384 bytes, linear)
[    0.774881] TCP established hash table entries: 16384 (order: 5, 131072 bytes, linear)
[    0.775941] TCP bind hash table entries: 16384 (order: 6, 262144 bytes, linear)
[    0.777010] TCP: Hash tables configured (established 16384 bind 16384)
[    0.777893] UDP hash table entries: 1024 (order: 3, 32768 bytes, linear)
[    0.778955] UDP-Lite hash table entries: 1024 (order: 3, 32768 bytes, linear)
[    0.780376] NET: Registered protocol family 1
[    0.781006] pci_bus 0000:00: resource 4 [io  0x0000-0x0cf7 window]
[    0.781810] pci_bus 0000:00: resource 5 [io  0x0d00-0xffff window]
[    0.782700] pci_bus 0000:00: resource 6 [mem 0x000a0000-0x000bffff window]
[    0.783578] pci_bus 0000:00: resource 7 [mem 0x80000000-0xfebfffff window]
[    0.784537] pci_bus 0000:00: resource 8 [mem 0x100000000-0x17fffffff window]
[    0.785788] pci 0000:00:01.0: PIIX3: Enabling Passive Release
[    0.786558] pci 0000:00:00.0: Limiting direct PCI/PCI transfers
[    0.787320] pci 0000:00:01.0: Activating ISA DMA hang workarounds
[    0.788255] pci 0000:00:02.0: Video device with shadowed ROM at [mem 0x000c0000-0x000dffff]
[    0.789423] PCI: CLS 0 bytes, default 64
[    0.790088] clocksource: tsc: mask: 0xffffffffffffffff max_cycles: 0x312008d3c19, max_idle_ns: 440795240194 ns
[    0.791358] clocksource: Switched to clocksource tsc
[    0.794592] Initialise system trusted keyrings
[    0.795286] Key type blacklist registered
[    0.795943] workingset: timestamp_bits=36 max_order=19 bucket_order=0
[    0.808380] zbud: loaded
[    0.813226] squashfs: version 4.0 (2009/01/31) Phillip Lougher
[    0.815571] fuse: init (API version 7.33)
[    0.816465] SGI XFS with ACLs, security attributes, realtime, quota, no debug enabled
[    0.826351] Key type asymmetric registered
[    0.826944] Asymmetric key parser 'x509' registered
[    0.827660] Block layer SCSI generic (bsg) driver version 0.4 loaded (major 244)
[    0.828638] io scheduler mq-deadline registered
[    0.829438] io scheduler bfq registered
[    0.830913] shpchp: Standard Hot Plug PCI Controller Driver version: 0.4
[    0.832060] IPMI message handler: version 39.2
[    0.832656] ipmi device interface
[    0.833152] ipmi_si: IPMI System Interface driver
[    0.833992] ipmi_si: Unable to find any System Interface(s)
[    0.834693] ipmi_ssif: IPMI SSIF Interface driver
[    0.835513] IPMI Watchdog: driver initialized
[    0.836031] IPMI poweroff: Copyright (C) 2004 MontaVista Software - IPMI Powerdown via sys_reboot
[    0.837970] input: Power Button as /devices/LNXSYSTM:00/LNXPWRBN:00/input/input0
[    0.839313] ACPI: button: Power Button [PWRF]
[    0.841174] ERST DBG: ERST support is disabled.
[    1.896210] ACPI: \_SB_.LNKC: Enabled at IRQ 11
[    1.898289] Serial: 8250/16550 driver, 32 ports, IRQ sharing enabled
[    1.899562] 00:04: ttyS0 at I/O 0x3f8 (irq = 4, base_baud = 115200) is a 16550A
[    1.912704] Linux agpgart interface v0.103
[    1.924399] loop: module loaded
[    1.930488] scsi host0: ata_piix
[    1.931721] scsi host1: ata_piix
[    1.932436] ata1: PATA max MWDMA2 cmd 0x1f0 ctl 0x3f6 bmdma 0xc060 irq 14
[    1.933178] ata2: PATA max MWDMA2 cmd 0x170 ctl 0x376 bmdma 0xc068 irq 15
[    1.934879] libphy: Fixed MDIO Bus: probed
[    1.935350] tun: Universal TUN/TAP device driver, 1.6
[    1.936267] e100: Intel(R) PRO/100 Network Driver
[    1.936844] e100: Copyright(c) 1999-2006 Intel Corporation
[    1.937782] e1000: Intel(R) PRO/1000 Network Driver
[    1.938385] e1000: Copyright (c) 1999-2006 Intel Corporation.
[    2.094162] ata1.00: ATA-7: QEMU HARDDISK, 2.5+, max UDMA/100
[    2.095062] ata1.00: 4194304 sectors, multi 16: LBA48 
[    2.096421] ata2.00: ATAPI: QEMU DVD-ROM, 2.5+, max UDMA/100
[    2.098393] scsi 0:0:0:0: Direct-Access     ATA      QEMU HARDDISK    2.5+ PQ: 0 ANSI: 5
[    2.100255] scsi 0:0:0:0: Attached scsi generic sg0 type 0
[    2.101720] scsi 1:0:0:0: CD-ROM            QEMU     QEMU DVD-ROM     2.5+ PQ: 0 ANSI: 5
[    2.103950] scsi 1:0:0:0: Attached scsi generic sg1 type 5
[    2.105310] sd 0:0:0:0: [sda] 4194304 512-byte logical blocks: (2.15 GB/2.00 GiB)
[    2.106540] sd 0:0:0:0: [sda] Write Protect is off
[    2.107647] sd 0:0:0:0: [sda] Write cache: enabled, read cache: enabled, doesn't support DPO or FUA
[    2.116301] sd 0:0:0:0: [sda] Attached SCSI disk
[    3.026644] ACPI: \_SB_.LNKD: Enabled at IRQ 10
[    3.329231] e1000 0000:00:04.0 eth0: (PCI:33MHz:32-bit) 52:54:00:12:34:56
[    3.330285] e1000 0000:00:04.0 eth0: Intel(R) PRO/1000 Network Connection
[    3.331364] e1000e: Intel(R) PRO/1000 Network Driver
[    3.332088] e1000e: Copyright(c) 1999 - 2015 Intel Corporation.
[    3.333015] igb: Intel(R) Gigabit Ethernet Network Driver
[    3.333631] igb: Copyright (c) 2007-2014 Intel Corporation.
[    3.334391] PPP generic driver version 2.4.2
[    3.335517] VFIO - User Level meta-driver version: 0.3
[    3.336336] ehci_hcd: USB 2.0 'Enhanced' Host Controller (EHCI) Driver
[    3.337131] ehci-pci: EHCI PCI platform driver
[    3.337832] ehci-platform: EHCI generic platform driver
[    3.338511] ohci_hcd: USB 1.1 'Open' Host Controller (OHCI) Driver
[    3.339283] ohci-pci: OHCI PCI platform driver
[    3.339967] ohci-platform: OHCI generic platform driver
[    3.340664] uhci_hcd: USB Universal Host Controller Interface driver
[    3.342236] usbcore: registered new interface driver uas
[    3.343263] usbcore: registered new interface driver usb-storage
[    3.344206] i8042: PNP: PS/2 Controller [PNP0303:KBD,PNP0f13:MOU] at 0x60,0x64 irq 1,12
[    3.345992] serio: i8042 KBD port at 0x60,0x64 irq 1
[    3.346569] serio: i8042 AUX port at 0x60,0x64 irq 12
[    3.347588] mousedev: PS/2 mouse device common for all mice
[    3.348925] input: AT Translated Set 2 keyboard as /devices/platform/i8042/serio0/input/input1
[    3.350492] rtc_cmos 00:05: RTC can wake from S4
[    3.352050] rtc_cmos 00:05: registered as rtc0
[    3.352735] rtc_cmos 00:05: setting system clock to 2021-06-18T17:44:03 UTC (1624038243)
[    3.353858] rtc_cmos 00:05: alarms up to one day, y3k, 242 bytes nvram, hpet irqs
[    3.354800] i2c /dev entries driver
[    3.355492] device-mapper: uevent: version 1.0.3
[    3.356462] device-mapper: ioctl: 4.45.0-ioctl (2021-03-22) initialised: dm-devel@redhat.com
[    3.357523] intel_pstate: CPU model not supported
[    3.358488] sdhci: Secure Digital Host Controller Interface driver
[    3.359350] sdhci: Copyright(c) Pierre Ossman
[    3.360008] sdhci-pltfm: SDHCI platform and OF driver helper
[    3.360846] ledtrig-cpu: registered to indicate activity on CPUs
[    3.362013] intel_pmc_core intel_pmc_core.0:  initialized
[    3.362813] drop_monitor: Initializing network drop monitor service
[    3.364556] NET: Registered protocol family 10
[    3.366767] kworker/u4:0 (112) used greatest stack depth: 28512 bytes left
[    3.368494] Segment Routing with IPv6
[    3.369039] NET: Registered protocol family 17
[    3.369928] 9pnet: Installing 9P2000 support
[    3.370600] Key type dns_resolver registered
[    3.371844] IPI shorthand broadcast: enabled
[    3.372525] sched_clock: Marking stable (3268251321, 104169354)->(3434788896, -62368221)
[    3.374312] registered taskstats version 1
[    3.374943] Loading compiled-in X.509 certificates
[    3.375891] zswap: loaded using pool lzo/zbud
[    3.376996] Key type ._fscrypt registered
[    3.377553] Key type .fscrypt registered
[    3.378110] Key type fscrypt-provisioning registered
[    3.379580] Key type encrypted registered
[    3.380166] ima: No TPM chip found, activating TPM-bypass!
[    3.380905] ima: Allocated hash algorithm: sha1
[    3.381600] ima: No architecture policies found
[    3.382274] evm: Initialising EVM extended attributes:
[    3.382973] evm: security.selinux
[    3.383458] evm: security.SMACK64
[    3.383985] evm: security.SMACK64EXEC
[    3.384476] evm: security.SMACK64TRANSMUTE
[    3.385010] evm: security.SMACK64MMAP
[    3.385483] evm: security.apparmor
[    3.385950] evm: security.ima
[    3.386391] evm: security.capability
[    3.386885] evm: HMAC attrs: 0x1
[    3.389772] PM:   Magic number: 9:839:744
[    3.390815] RAS: Correctable Errors collector initialized.
[    3.391971] md: Waiting for all devices to be available before autodetect
[    3.392895] md: If you don't use raid, use raid=noautodetect
[    3.393673] md: Autodetecting RAID arrays.
[    3.394220] md: autorun ...
[    3.394582] md: ... autorun DONE.
[    3.397727] EXT4-fs (sda): INFO: recovery required on readonly filesystem
[    3.398524] EXT4-fs (sda): write access will be enabled during recovery
[    3.465610] EXT4-fs (sda): recovery complete
[    3.467117] EXT4-fs (sda): mounted filesystem with ordered data mode. Opts: (null). Quota mode: none.
[    3.468252] VFS: Mounted root (ext4 filesystem) readonly on device 8:0.
[    3.469442] devtmpfs: mounted
[    3.475608] Freeing unused decrypted memory: 2036K
[    3.477363] Freeing unused kernel image (initmem) memory: 3792K
[    3.478343] Write protecting the kernel read-only data: 65536k
[    3.480692] Freeing unused kernel image (text/rodata gap) memory: 2032K
[    3.482016] Freeing unused kernel image (rodata/data gap) memory: 1056K
[    3.562796] x86/mm: Checked W+X mappings: passed, no W+X pages found.
[    3.563551] x86/mm: Checking user space page tables
[    3.640958] x86/mm: Checked W+X mappings: passed, no W+X pages found.
[    3.641762] Run /sbin/init as init process
[    3.658807] random: fast init done
[    3.696011] random: systemd: uninitialized urandom read (16 bytes read)
[    3.698947] random: systemd: uninitialized urandom read (16 bytes read)
[    3.700218] random: systemd: uninitialized urandom read (16 bytes read)
[    3.710516] systemd[1]: systemd 232 running in system mode. (+PAM +AUDIT +SELINUX +IMA +APPARMOR +SMACK +SYSVINIT +UTMP +LIBCRYPTSETUP +GCRYPT +GNUTLS +ACL +XZ +LZ4 +SECCOMP +BLKID +ELFUTILS +KMOD +IDN)
[    3.713604] systemd[1]: Detected virtualization qemu.
[    3.714481] systemd[1]: Detected architecture x86-64.

Welcome to [1mDebian GNU/Linux 9 (stretch)[0m!

[    3.719495] systemd[1]: Set hostname to <syzkaller>.
[    3.745074] selinuxenabled (138) used greatest stack depth: 26888 bytes left
[    3.746669] selinux-autorel (132) used greatest stack depth: 26032 bytes left
[    3.818137] systemd[1]: proc-sys-fs-binfmt_misc.automount: Cannot add dependency job, ignoring: Unit proc-sys-fs-binfmt_misc.automount is masked.
[    3.821007] systemd[1]: Listening on Journal Socket (/dev/log).
[[0;32m  OK  [0m] Listening on Journal Socket (/dev/log).
[    3.823227] systemd[1]: Started Forward Password Requests to Wall Directory Watch.
[[0;32m  OK  [0m] Started Forward Password Requests to Wall Directory Watch.
[    3.825743] systemd[1]: Listening on Journal Audit Socket.
[[0;32m  OK  [0m] Listening on Journal Audit Socket.
[    3.827761] systemd[1]: Listening on Journal Socket.
[[0;32m  OK  [0m] Listening on Journal Socket.
[    3.829844] systemd[1]: Created slice System Slice.
[[0;32m  OK  [0m] Created slice System Slice.
[[0;32m  OK  [0m] Created slice system-serial\x2dgetty.slice.
         Mounting POSIX Message Queue File System...
         Starting Remount Root and Kernel File Systems...
[[0;32m  OK  [0m] Listening on udev Control Socket.
[[0;32m  OK  [0m] Reached target Remote File Systems.
[[0;32m  OK  [0m] Listening on /dev/initctl Compatibility Named Pipe.
         Mounting Huge Pages File System...
[[0;32m  OK  [0m] Reached target Swap.
         Mounting /sys/kernel/config...
[[0;32m  OK  [0m] Created slice system-getty.slice.
[[0;32m  OK  [0m] Started Dispatch Password Requests to Console Directory Watch.
[[0;32m  OK  [0m] Reached target Paths.
[[0;32m  OK  [0m] Reached target Encrypted Volumes.
[[0;32m  OK  [0m] Listening on Syslog Socket.
         Starting Journal Service...
[    3.869006] EXT4-fs (sda): re-mounted. Opts: (null). Quota mode: none.
         Mounting /proc/sys/fs/binfmt_misc...
         Mounting /sys/kernel/debug...
[[0;32m  OK  [0m] Reached target Slices.
         Starting Load Kernel Modules...
[[0;32m  OK  [0m] Listening on udev Kernel Socket.
[[0;32m  OK  [0m] Reached target Sockets.
         Starting Create Static Device Nodes in /dev...
[[0;32m  OK  [0m] Mounted POSIX Message Queue File System.
[[0;32m  OK  [0m] Mounted Huge Pages File System.
[[0;32m  OK  [0m] Mounted /sys/kernel/debug.
[[0;32m  OK  [0m] Mounted /sys/kernel/config.
[[0;32m  OK  [0m] Mounted /proc/sys/fs/binfmt_misc.
[[0;32m  OK  [0m] Started Remount Root and Kernel File Systems.
[[0;32m  OK  [0m] Started Load Kernel Modules.
         Mounting FUSE Control File System...
         Starting Apply Kernel Variables...
         Starting udev Coldplug all Devices...
         Starting Load/Save Random Seed...
[[0;32m  OK  [0m] Mounted FUSE Control File System.
[[0;32m  OK  [0m] Started Journal Service.
[[0;32m  OK  [0m] Started Create Static Device Nodes in /dev.
[[0;32m  OK  [0m] Started Apply Kernel Variables.
[[0;32m  OK  [0m] Started Load/Save Random Seed.
[[0;32m  OK  [0m] Reached target Local File Systems (Pre).
[[0;32m  OK  [0m] Reached target Local File Systems.
         Starting Raise network interfaces...
         Starting Mark the need to relabel after reboot...
         Starting udev Kernel Device Manager...
         Starting Flush Journal to Persistent Storage...
[[0;32m  OK  [0m] Started Mark the need to relabel after reboot.
[    4.036953] systemd-journald[150]: Received request to flush runtime journal from PID 1
[[0;32m  OK  [0m] Started Flush Journal to Persistent Storage.
         Starting Create Volatile Files and Directories...
[    4.068793] systemd-tmpfile (180) used greatest stack depth: 25608 bytes left
[[0;32m  OK  [0m] Started Create Volatile Files and Directories.
         Starting Update UTMP about System Boot/Shutdown...
         Starting Network Time Synchronization...
[[0;32m  OK  [0m] Started udev Kernel Device Manager.
[[0;32m  OK  [0m] Started Update UTMP about System Boot/Shutdown.
[[0;32m  OK  [0m] Started Network Time Synchronization.
[[0;32m  OK  [0m] Reached target System Time Synchronized.
[[0;32m  OK  [0m] Started udev Coldplug all Devices.
[[0;32m  OK  [0m] Reached target System Initialization.
[[0;32m  OK  [0m] Reached target Basic System.
[[0;32m  OK  [0m] Started Regular background program processing daemon.
[[0;32m  OK  [0m] Started Daily apt download activities.
         Starting getty on tty2-tty6 if dbus and logind are not available...
         Starting System Logging Service...
[[0;32m  OK  [0m] Started Daily Cleanup of Temporary Directories.
[[0;32m  OK  [0m] Started Daily apt upgrade and clean activities.
[[0;32m  OK  [0m] Reached target Timers.
[[0;32m  OK  [0m] Started System Logging Service.
[[0;32m  OK  [0m] Started getty on tty2-tty6 if dbus and logind are not available.
[    4.366822] e1000 0000:00:04.0 ens4: renamed from eth0
[[0;32m  OK  [0m] Found device /dev/ttyS0.
[[0;32m  OK  [0m] Listening on Load/Save RF Kill Switch Status /dev/rfkill Watch.
[    4.582763] dhclient (250) used greatest stack depth: 25552 bytes left
[[0;1;31mFAILED[0m] Failed to start Raise network interfaces.
See 'systemctl status networking.service' for details.
[[0;32m  OK  [0m] Reached target Network.
         Starting OpenBSD Secure Shell server...
         Starting Permit User Sessions...
[[0;32m  OK  [0m] Reached target Network is Online.
         Starting Daily apt download activities...
[[0;32m  OK  [0m] Started Permit User Sessions.
[[0;32m  OK  [0m] Started Getty on tty5.
[[0;32m  OK  [0m] Started Getty on tty1.
[[0;32m  OK  [0m] Started Getty on tty4.
[[0;32m  OK  [0m] Started Getty on tty6.
[[0;32m  OK  [0m] Started Getty on tty3.
[[0;32m  OK  [0m] Started Getty on tty2.
[[0;32m  OK  [0m] Started Serial Getty on ttyS0.
[[0;32m  OK  [0m] Reached target Login Prompts.
[[0;32m  OK  [0m] Started OpenBSD Secure Shell server.
[[0;32m  OK  [0m] Reached target Multi-User System.
[[0;32m  OK  [0m] Reached target Graphical Interface.
         Starting Update UTMP about System Runlevel Changes...
[[0;32m  OK  [0m] Started Update UTMP about System Runlevel Changes.
[    4.729394] random: crng init done
[    4.729915] random: 7 urandom warning(s) missed due to ratelimiting
[[0;32m  OK  [0m] Started Daily apt download activities.
         Starting Daily apt upgrade and clean activities...
[[0;32m  OK  [0m] Started Daily apt upgrade and clean activities.

Debian GNU/Linux 9 syzkaller ttyS0


testing program (duration=22.5s, {Threaded:true Collide:true Repeat:true RepeatTimes:0 Procs:8 Slowdown:1 Sandbox:none Fault:false FaultCall:-1 FaultNth:0 Leak:false NetInjection:true NetDevices:true NetReset:true Cgroups:true BinfmtMisc:true CloseFDs:true KCSAN:false DevlinkPCI:false USB:false VhciInjection:false Wifi:false IEEE802154:false Sysctl:true UseTmpDir:true HandleSegv:true Repro:true Trace:false}): fork-ptrace-wait4-ptrace$getregs-ptrace$setregset-syz_init_net_socket$nl_generic-syz_genetlink_get_family_id$netlbl_cipso-getpid-wait4-fork-ptrace-tkill-syz_open_procfs-read-syz_open_dev$tty20
detailed listing:
executing program 0:
r0 = fork()
ptrace(0x10, r0)
wait4(0xffffffffffffffff, &(0x7f0000000080), 0x80000000, &(0x7f0000000140))
ptrace$getregs(0xc, r0, 0x5, &(0x7f0000000000)=""/106)
ptrace$setregset(0x4205, r0, 0x2, &(0x7f0000000100)={&(0x7f0000000000), 0xfffffffffffffe18})
r1 = syz_init_net_socket$nl_generic(0x10, 0x3, 0x10)
syz_genetlink_get_family_id$netlbl_cipso(&(0x7f00000001c0), r1)
getpid()
wait4(0x0, 0x0, 0x1000000, &(0x7f0000000600))
r2 = fork()
ptrace(0x10, r2)
tkill(r2, 0x9)
r3 = syz_open_procfs(0x0, &(0x7f0000000040)='oom_score_adj\x00')
read(r3, 0x0, 0x0)
syz_open_dev$tty20(0xc, 0x4, 0x0)

program crashed: WARNING in ex_handler_fprestore
testing program (duration=22.5s, {Threaded:true Collide:true Repeat:true RepeatTimes:0 Procs:8 Slowdown:1 Sandbox:none Fault:false FaultCall:-1 FaultNth:0 Leak:false NetInjection:true NetDevices:true NetReset:true Cgroups:true BinfmtMisc:true CloseFDs:true KCSAN:false DevlinkPCI:false USB:false VhciInjection:false Wifi:false IEEE802154:false Sysctl:true UseTmpDir:true HandleSegv:true Repro:true Trace:false}): fork-ptrace-wait4-ptrace$getregs-ptrace$setregset-syz_init_net_socket$nl_generic-syz_genetlink_get_family_id$netlbl_cipso-getpid-wait4-fork-ptrace-tkill-syz_open_procfs-read
detailed listing:
executing program 0:
r0 = fork()
ptrace(0x10, r0)
wait4(0xffffffffffffffff, &(0x7f0000000080), 0x80000000, &(0x7f0000000140))
ptrace$getregs(0xc, r0, 0x5, &(0x7f0000000000)=""/106)
ptrace$setregset(0x4205, r0, 0x2, &(0x7f0000000100)={&(0x7f0000000000), 0xfffffffffffffe18})
r1 = syz_init_net_socket$nl_generic(0x10, 0x3, 0x10)
syz_genetlink_get_family_id$netlbl_cipso(&(0x7f00000001c0), r1)
getpid()
wait4(0x0, 0x0, 0x1000000, &(0x7f0000000600))
r2 = fork()
ptrace(0x10, r2)
tkill(r2, 0x9)
r3 = syz_open_procfs(0x0, &(0x7f0000000040)='oom_score_adj\x00')
read(r3, 0x0, 0x0)

program crashed: WARNING in ex_handler_fprestore
testing program (duration=22.5s, {Threaded:true Collide:true Repeat:true RepeatTimes:0 Procs:8 Slowdown:1 Sandbox:none Fault:false FaultCall:-1 FaultNth:0 Leak:false NetInjection:true NetDevices:true NetReset:true Cgroups:true BinfmtMisc:true CloseFDs:true KCSAN:false DevlinkPCI:false USB:false VhciInjection:false Wifi:false IEEE802154:false Sysctl:true UseTmpDir:true HandleSegv:true Repro:true Trace:false}): fork-ptrace-wait4-ptrace$getregs-ptrace$setregset-syz_init_net_socket$nl_generic-syz_genetlink_get_family_id$netlbl_cipso-getpid-wait4-fork-ptrace-tkill-syz_open_procfs
detailed listing:
executing program 0:
r0 = fork()
ptrace(0x10, r0)
wait4(0xffffffffffffffff, &(0x7f0000000080), 0x80000000, &(0x7f0000000140))
ptrace$getregs(0xc, r0, 0x5, &(0x7f0000000000)=""/106)
ptrace$setregset(0x4205, r0, 0x2, &(0x7f0000000100)={&(0x7f0000000000), 0xfffffffffffffe18})
r1 = syz_init_net_socket$nl_generic(0x10, 0x3, 0x10)
syz_genetlink_get_family_id$netlbl_cipso(&(0x7f00000001c0), r1)
getpid()
wait4(0x0, 0x0, 0x1000000, &(0x7f0000000600))
r2 = fork()
ptrace(0x10, r2)
tkill(r2, 0x9)
syz_open_procfs(0x0, &(0x7f0000000040)='oom_score_adj\x00')

program crashed: WARNING in ex_handler_fprestore
testing program (duration=22.5s, {Threaded:true Collide:true Repeat:true RepeatTimes:0 Procs:8 Slowdown:1 Sandbox:none Fault:false FaultCall:-1 FaultNth:0 Leak:false NetInjection:true NetDevices:true NetReset:true Cgroups:true BinfmtMisc:true CloseFDs:true KCSAN:false DevlinkPCI:false USB:false VhciInjection:false Wifi:false IEEE802154:false Sysctl:true UseTmpDir:true HandleSegv:true Repro:true Trace:false}): fork-ptrace-wait4-ptrace$getregs-ptrace$setregset-syz_init_net_socket$nl_generic-syz_genetlink_get_family_id$netlbl_cipso-getpid-wait4-fork-ptrace-tkill
detailed listing:
executing program 0:
r0 = fork()
ptrace(0x10, r0)
wait4(0xffffffffffffffff, &(0x7f0000000080), 0x80000000, &(0x7f0000000140))
ptrace$getregs(0xc, r0, 0x5, &(0x7f0000000000)=""/106)
ptrace$setregset(0x4205, r0, 0x2, &(0x7f0000000100)={&(0x7f0000000000), 0xfffffffffffffe18})
r1 = syz_init_net_socket$nl_generic(0x10, 0x3, 0x10)
syz_genetlink_get_family_id$netlbl_cipso(&(0x7f00000001c0), r1)
getpid()
wait4(0x0, 0x0, 0x1000000, &(0x7f0000000600))
r2 = fork()
ptrace(0x10, r2)
tkill(r2, 0x9)

program crashed: WARNING in ex_handler_fprestore
testing program (duration=22.5s, {Threaded:true Collide:true Repeat:true RepeatTimes:0 Procs:8 Slowdown:1 Sandbox:none Fault:false FaultCall:-1 FaultNth:0 Leak:false NetInjection:true NetDevices:true NetReset:true Cgroups:true BinfmtMisc:true CloseFDs:true KCSAN:false DevlinkPCI:false USB:false VhciInjection:false Wifi:false IEEE802154:false Sysctl:true UseTmpDir:true HandleSegv:true Repro:true Trace:false}): fork-ptrace-wait4-ptrace$getregs-ptrace$setregset-syz_init_net_socket$nl_generic-syz_genetlink_get_family_id$netlbl_cipso-getpid-wait4-fork-ptrace
detailed listing:
executing program 0:
r0 = fork()
ptrace(0x10, r0)
wait4(0xffffffffffffffff, &(0x7f0000000080), 0x80000000, &(0x7f0000000140))
ptrace$getregs(0xc, r0, 0x5, &(0x7f0000000000)=""/106)
ptrace$setregset(0x4205, r0, 0x2, &(0x7f0000000100)={&(0x7f0000000000), 0xfffffffffffffe18})
r1 = syz_init_net_socket$nl_generic(0x10, 0x3, 0x10)
syz_genetlink_get_family_id$netlbl_cipso(&(0x7f00000001c0), r1)
getpid()
wait4(0x0, 0x0, 0x1000000, &(0x7f0000000600))
r2 = fork()
ptrace(0x10, r2)

program crashed: WARNING in ex_handler_fprestore
testing program (duration=22.5s, {Threaded:true Collide:true Repeat:true RepeatTimes:0 Procs:8 Slowdown:1 Sandbox:none Fault:false FaultCall:-1 FaultNth:0 Leak:false NetInjection:true NetDevices:true NetReset:true Cgroups:true BinfmtMisc:true CloseFDs:true KCSAN:false DevlinkPCI:false USB:false VhciInjection:false Wifi:false IEEE802154:false Sysctl:true UseTmpDir:true HandleSegv:true Repro:true Trace:false}): fork-ptrace-wait4-ptrace$getregs-ptrace$setregset-syz_init_net_socket$nl_generic-syz_genetlink_get_family_id$netlbl_cipso-getpid-wait4-fork
detailed listing:
executing program 0:
r0 = fork()
ptrace(0x10, r0)
wait4(0xffffffffffffffff, &(0x7f0000000080), 0x80000000, &(0x7f0000000140))
ptrace$getregs(0xc, r0, 0x5, &(0x7f0000000000)=""/106)
ptrace$setregset(0x4205, r0, 0x2, &(0x7f0000000100)={&(0x7f0000000000), 0xfffffffffffffe18})
r1 = syz_init_net_socket$nl_generic(0x10, 0x3, 0x10)
syz_genetlink_get_family_id$netlbl_cipso(&(0x7f00000001c0), r1)
getpid()
wait4(0x0, 0x0, 0x1000000, &(0x7f0000000600))
fork()

program crashed: WARNING in ex_handler_fprestore
testing program (duration=22.5s, {Threaded:true Collide:true Repeat:true RepeatTimes:0 Procs:8 Slowdown:1 Sandbox:none Fault:false FaultCall:-1 FaultNth:0 Leak:false NetInjection:true NetDevices:true NetReset:true Cgroups:true BinfmtMisc:true CloseFDs:true KCSAN:false DevlinkPCI:false USB:false VhciInjection:false Wifi:false IEEE802154:false Sysctl:true UseTmpDir:true HandleSegv:true Repro:true Trace:false}): fork-ptrace-wait4-ptrace$getregs-ptrace$setregset-syz_init_net_socket$nl_generic-syz_genetlink_get_family_id$netlbl_cipso-getpid-wait4
detailed listing:
executing program 0:
r0 = fork()
ptrace(0x10, r0)
wait4(0xffffffffffffffff, &(0x7f0000000080), 0x80000000, &(0x7f0000000140))
ptrace$getregs(0xc, r0, 0x5, &(0x7f0000000000)=""/106)
ptrace$setregset(0x4205, r0, 0x2, &(0x7f0000000100)={&(0x7f0000000000), 0xfffffffffffffe18})
r1 = syz_init_net_socket$nl_generic(0x10, 0x3, 0x10)
syz_genetlink_get_family_id$netlbl_cipso(&(0x7f00000001c0), r1)
getpid()
wait4(0x0, 0x0, 0x1000000, &(0x7f0000000600))

program crashed: WARNING in ex_handler_fprestore
testing program (duration=22.5s, {Threaded:true Collide:true Repeat:true RepeatTimes:0 Procs:8 Slowdown:1 Sandbox:none Fault:false FaultCall:-1 FaultNth:0 Leak:false NetInjection:true NetDevices:true NetReset:true Cgroups:true BinfmtMisc:true CloseFDs:true KCSAN:false DevlinkPCI:false USB:false VhciInjection:false Wifi:false IEEE802154:false Sysctl:true UseTmpDir:true HandleSegv:true Repro:true Trace:false}): fork-ptrace-wait4-ptrace$getregs-ptrace$setregset-syz_init_net_socket$nl_generic-syz_genetlink_get_family_id$netlbl_cipso-getpid
detailed listing:
executing program 0:
r0 = fork()
ptrace(0x10, r0)
wait4(0xffffffffffffffff, &(0x7f0000000080), 0x80000000, &(0x7f0000000140))
ptrace$getregs(0xc, r0, 0x5, &(0x7f0000000000)=""/106)
ptrace$setregset(0x4205, r0, 0x2, &(0x7f0000000100)={&(0x7f0000000000), 0xfffffffffffffe18})
r1 = syz_init_net_socket$nl_generic(0x10, 0x3, 0x10)
syz_genetlink_get_family_id$netlbl_cipso(&(0x7f00000001c0), r1)
getpid()

program crashed: WARNING in ex_handler_fprestore
testing program (duration=22.5s, {Threaded:true Collide:true Repeat:true RepeatTimes:0 Procs:8 Slowdown:1 Sandbox:none Fault:false FaultCall:-1 FaultNth:0 Leak:false NetInjection:true NetDevices:true NetReset:true Cgroups:true BinfmtMisc:true CloseFDs:true KCSAN:false DevlinkPCI:false USB:false VhciInjection:false Wifi:false IEEE802154:false Sysctl:true UseTmpDir:true HandleSegv:true Repro:true Trace:false}): fork-ptrace-wait4-ptrace$getregs-ptrace$setregset-syz_init_net_socket$nl_generic-syz_genetlink_get_family_id$netlbl_cipso
detailed listing:
executing program 0:
r0 = fork()
ptrace(0x10, r0)
wait4(0xffffffffffffffff, &(0x7f0000000080), 0x80000000, &(0x7f0000000140))
ptrace$getregs(0xc, r0, 0x5, &(0x7f0000000000)=""/106)
ptrace$setregset(0x4205, r0, 0x2, &(0x7f0000000100)={&(0x7f0000000000), 0xfffffffffffffe18})
r1 = syz_init_net_socket$nl_generic(0x10, 0x3, 0x10)
syz_genetlink_get_family_id$netlbl_cipso(&(0x7f00000001c0), r1)

program crashed: WARNING in ex_handler_fprestore
testing program (duration=22.5s, {Threaded:true Collide:true Repeat:true RepeatTimes:0 Procs:8 Slowdown:1 Sandbox:none Fault:false FaultCall:-1 FaultNth:0 Leak:false NetInjection:true NetDevices:true NetReset:true Cgroups:true BinfmtMisc:true CloseFDs:true KCSAN:false DevlinkPCI:false USB:false VhciInjection:false Wifi:false IEEE802154:false Sysctl:true UseTmpDir:true HandleSegv:true Repro:true Trace:false}): fork-ptrace-wait4-ptrace$getregs-ptrace$setregset-syz_init_net_socket$nl_generic
detailed listing:
executing program 0:
r0 = fork()
ptrace(0x10, r0)
wait4(0xffffffffffffffff, &(0x7f0000000080), 0x80000000, &(0x7f0000000140))
ptrace$getregs(0xc, r0, 0x5, &(0x7f0000000000)=""/106)
ptrace$setregset(0x4205, r0, 0x2, &(0x7f0000000100)={&(0x7f0000000000), 0xfffffffffffffe18})
syz_init_net_socket$nl_generic(0x10, 0x3, 0x10)

program crashed: WARNING in ex_handler_fprestore
testing program (duration=22.5s, {Threaded:true Collide:true Repeat:true RepeatTimes:0 Procs:8 Slowdown:1 Sandbox:none Fault:false FaultCall:-1 FaultNth:0 Leak:false NetInjection:true NetDevices:true NetReset:true Cgroups:true BinfmtMisc:true CloseFDs:true KCSAN:false DevlinkPCI:false USB:false VhciInjection:false Wifi:false IEEE802154:false Sysctl:true UseTmpDir:true HandleSegv:true Repro:true Trace:false}): fork-ptrace-wait4-ptrace$getregs-ptrace$setregset
detailed listing:
executing program 0:
r0 = fork()
ptrace(0x10, r0)
wait4(0xffffffffffffffff, &(0x7f0000000080), 0x80000000, &(0x7f0000000140))
ptrace$getregs(0xc, r0, 0x5, &(0x7f0000000000)=""/106)
ptrace$setregset(0x4205, r0, 0x2, &(0x7f0000000100)={&(0x7f0000000000), 0xfffffffffffffe18})

program crashed: WARNING in ex_handler_fprestore
testing program (duration=22.5s, {Threaded:true Collide:true Repeat:true RepeatTimes:0 Procs:8 Slowdown:1 Sandbox:none Fault:false FaultCall:-1 FaultNth:0 Leak:false NetInjection:true NetDevices:true NetReset:true Cgroups:true BinfmtMisc:true CloseFDs:true KCSAN:false DevlinkPCI:false USB:false VhciInjection:false Wifi:false IEEE802154:false Sysctl:true UseTmpDir:true HandleSegv:true Repro:true Trace:false}): fork-ptrace-wait4-ptrace$getregs
detailed listing:
executing program 0:
r0 = fork()
ptrace(0x10, r0)
wait4(0xffffffffffffffff, &(0x7f0000000080), 0x80000000, &(0x7f0000000140))
ptrace$getregs(0xc, r0, 0x5, &(0x7f0000000000)=""/106)

program did not crash
testing program (duration=22.5s, {Threaded:true Collide:true Repeat:true RepeatTimes:0 Procs:8 Slowdown:1 Sandbox:none Fault:false FaultCall:-1 FaultNth:0 Leak:false NetInjection:true NetDevices:true NetReset:true Cgroups:true BinfmtMisc:true CloseFDs:true KCSAN:false DevlinkPCI:false USB:false VhciInjection:false Wifi:false IEEE802154:false Sysctl:true UseTmpDir:true HandleSegv:true Repro:true Trace:false}): fork-ptrace-wait4-ptrace$setregset
detailed listing:
executing program 0:
r0 = fork()
ptrace(0x10, r0)
wait4(0xffffffffffffffff, &(0x7f0000000080), 0x80000000, &(0x7f0000000140))
ptrace$setregset(0x4205, r0, 0x2, &(0x7f0000000100)={&(0x7f0000000000), 0xfffffffffffffe18})

program did not crash
failed to init instance: failed to create VM: can't ssh into the instance
failed to run ["ssh" "-p" "32827" "-F" "/dev/null" "-o" "UserKnownHostsFile=/dev/null" "-o" "BatchMode=yes" "-o" "IdentitiesOnly=yes" "-o" "StrictHostKeyChecking=no" "-o" "ConnectTimeout=10" "-i" "/root/image/stretch.id_rsa" "-v" "root@localhost" "pwd"]: exit status 255
OpenSSH_8.0p1, OpenSSL 1.1.1k  FIPS 25 Mar 2021
debug1: Reading configuration data /dev/null
debug1: Connecting to localhost [::1] port 32827.
debug1: connect to address ::1 port 32827: Connection refused
debug1: Connecting to localhost [127.0.0.1] port 32827.
debug1: connect to address 127.0.0.1 port 32827: Connection timed out
ssh: connect to host localhost port 32827: Connection timed out
qemu-system-x86_64: -chardev socket,id=SOCKSYZ,server=on,nowait,host=localhost,port=10002: warning: short-form boolean option 'nowait' deprecated
Please use wait=off instead
[    0.000000] Linux version 5.13.0-rc5-t2+ (root@skl06.sh.intel.com) (gcc (GCC) 8.5.0 20210514 (Red Hat 8.5.0-1), GNU ld (GNU Binutils) 2.35.50.20200921) #3 SMP Fri Jun 18 09:11:46 EDT 2021
[    0.000000] Command line: root=/dev/sda console=ttyS0 
[    0.000000] KERNEL supported cpus:
[    0.000000]   Intel GenuineIntel
[    0.000000]   AMD AuthenticAMD
[    0.000000]   Hygon HygonGenuine
[    0.000000]   Centaur CentaurHauls
[    0.000000]   zhaoxin   Shanghai  
[    0.000000] x86/fpu: Supporting XSAVE feature 0x001: 'x87 floating point registers'
[    0.000000] x86/fpu: Supporting XSAVE feature 0x002: 'SSE registers'
[    0.000000] x86/fpu: Supporting XSAVE feature 0x004: 'AVX registers'
[    0.000000] x86/fpu: Supporting XSAVE feature 0x008: 'MPX bounds registers'
[    0.000000] x86/fpu: Supporting XSAVE feature 0x010: 'MPX CSR'
[    0.000000] x86/fpu: xstate_offset[2]:  576, xstate_sizes[2]:  256
[    0.000000] x86/fpu: xstate_offset[3]:  832, xstate_sizes[3]:   64
