Extracting prog: 2m34.135495055s
Minimizing prog: 2h47m2.716617163s
Simplifying prog options: 0s
Extracting C: 2m34.134923598s
Simplifying C: 1h41m4.012488713s


151 programs, 1 VMs, timeouts [6m0s]
extracting reproducer from 151 programs
single: executing 1 programs separately with timeout 6m0s
testing program (duration=6m0s, {Threaded:true Collide:true Repeat:true RepeatTimes:0 Procs:8 Slowdown:1 Sandbox:none Fault:false FaultCall:-1 FaultNth:0 Leak:false NetInjection:true NetDevices:true NetReset:true Cgroups:true BinfmtMisc:true CloseFDs:true KCSAN:false DevlinkPCI:false USB:false VhciInjection:false Wifi:false IEEE802154:false Sysctl:true UseTmpDir:true HandleSegv:true Repro:true Trace:false}): syz_open_dev$tty20-syz_open_dev$tty20-ioctl$VT_ACTIVATE-openat$loop_ctrl-openat$null-ioctl$LOOP_CTL_ADD-dup3-ioctl$KDFONTOP_GET-fcntl$lock-open_tree-ioctl$LOOP_CTL_ADD-ioctl$F2FS_IOC_RESERVE_COMPRESS_BLOCKS-ioctl$LOOP_CTL_REMOVE-ioctl$TIOCL_SETVESABLANK-setresuid-dup-socket$inet_udplite-getsockopt$sock_cred-setuid-ioctl$KDFONTOP_GET
detailed listing:
executing program 0:
r0 = syz_open_dev$tty20(0xc, 0x4, 0x0)
r1 = syz_open_dev$tty20(0xc, 0x4, 0x1)
ioctl$VT_ACTIVATE(r1, 0x5606, 0x7)
r2 = openat$loop_ctrl(0xffffffffffffff9c, &(0x7f0000000080), 0x0, 0x0)
r3 = openat$null(0xffffffffffffff9c, &(0x7f0000000100), 0xc580, 0x0)
ioctl$LOOP_CTL_ADD(r2, 0x4c80, 0x0)
r4 = dup3(r3, r2, 0x80000)
ioctl$KDFONTOP_GET(r4, 0x4b72, &(0x7f0000000240)={0x1, 0x1, 0x1b, 0x20, 0x9, &(0x7f00000003c0)})
fcntl$lock(0xffffffffffffffff, 0x5, &(0x7f0000000380)={0x1, 0x4, 0x0, 0x80})
open_tree(r3, &(0x7f0000000140)='./file0\x00', 0x0)
ioctl$LOOP_CTL_ADD(r3, 0x4c80, 0x0)
ioctl$F2FS_IOC_RESERVE_COMPRESS_BLOCKS(r2, 0x8008f513, &(0x7f00000000c0))
ioctl$LOOP_CTL_REMOVE(r2, 0x4c81, 0x0)
ioctl$TIOCL_SETVESABLANK(r1, 0x541c, &(0x7f0000000040))
setresuid(0x0, 0xee01, 0x0)
dup(0xffffffffffffffff)
r5 = socket$inet_udplite(0x2, 0x2, 0x88)
getsockopt$sock_cred(r5, 0x1, 0x11, &(0x7f00000001c0)={0x0, <r6=>0x0}, &(0x7f0000000200)=0xc)
setuid(r6)
ioctl$KDFONTOP_GET(r0, 0x4b72, &(0x7f0000000000)={0x1, 0x0, 0xc, 0xe, 0x129, 0x0})

program crashed: INFO: task hung in del_gendisk
single: successfully extracted reproducer
found reproducer with 20 syscalls
minimizing guilty program
failed to init instance: failed to create VM: can't ssh into the instance
failed to run ["ssh" "-p" "16570" "-F" "/dev/null" "-o" "UserKnownHostsFile=/dev/null" "-o" "BatchMode=yes" "-o" "IdentitiesOnly=yes" "-o" "StrictHostKeyChecking=no" "-o" "ConnectTimeout=10" "-i" "/root/image/stretch.id_rsa" "-v" "root@localhost" "pwd"]: exit status 255
OpenSSH_8.0p1, OpenSSL 1.1.1k  FIPS 25 Mar 2021
debug1: Reading configuration data /dev/null
debug1: Connecting to localhost [::1] port 16570.
debug1: connect to address ::1 port 16570: Connection refused
debug1: Connecting to localhost [127.0.0.1] port 16570.
debug1: connect to address 127.0.0.1 port 16570: Connection timed out
ssh: connect to host localhost port 16570: Connection timed out
qemu-system-x86_64: -chardev socket,id=SOCKSYZ,server=on,nowait,host=localhost,port=2521: warning: short-form boolean option 'nowait' deprecated
Please use wait=off instead
[    0.000000] Linux version 5.13.0-rc5-t2+ (root@skl06.sh.intel.com) (gcc (GCC) 8.5.0 20210514 (Red Hat 8.5.0-1), GNU ld (GNU Binutils) 2.35.50.20200921) #3 SMP Fri Jun 18 09:11:46 EDT 2021
[    0.000000] Command line: root=/dev/sda console=ttyS0 
[    0.000000] KERNEL supported cpus:
[    0.000000]   Intel GenuineIntel
[    0.000000]   AMD AuthenticAMD
[    0.000000]   Hygon HygonGenuine
[    0.000000]   Centaur CentaurHauls
[    0.000000]   zhaoxin   Shanghai  
[    0.000000] x86/fpu: Supporting XSAVE feature 0x001: 'x87 floating point registers'
[    0.000000] x86/fpu: Supporting XSAVE feature 0x002: 'SSE registers'
[    0.000000] x86/fpu: Supporting XSAVE feature 0x004: 'AVX registers'
[    0.000000] x86/fpu: Supporting XSAVE feature 0x008: 'MPX bounds registers'
[    0.000000] x86/fpu: Supporting XSAVE feature 0x010: 'MPX CSR'
[    0.000000] x86/fpu: xstate_offset[2]:  576, xstate_sizes[2]:  256
[    0.000000] x86/fpu: xstate_offset[3]:  832, xstate_sizes[3]:   64
[    0.000000] x86/fpu: xstate_offset[4]:  896, xstate_sizes[4]:   64
[    0.000000] x86/fpu: Enabled xstate features 0x1f, context size is 960 bytes, using 'compacted' format.
[    0.000000] signal: max sigframe size: 2032
[    0.000000] BIOS-provided physical RAM map:
[    0.000000] BIOS-e820: [mem 0x0000000000000000-0x000000000009fbff] usable
[    0.000000] BIOS-e820: [mem 0x000000000009fc00-0x000000000009ffff] reserved
[    0.000000] BIOS-e820: [mem 0x00000000000f0000-0x00000000000fffff] reserved
[    0.000000] BIOS-e820: [mem 0x0000000000100000-0x000000007ffdffff] usable
[    0.000000] BIOS-e820: [mem 0x000000007ffe0000-0x000000007fffffff] reserved
[    0.000000] BIOS-e820: [mem 0x00000000feffc000-0x00000000feffffff] reserved
[    0.000000] BIOS-e820: [mem 0x00000000fffc0000-0x00000000ffffffff] reserved
[    0.000000] NX (Execute Disable) protection: active
[    0.000000] SMBIOS 2.8 present.
[    0.000000] DMI: QEMU Standard PC (i440FX + PIIX, 1996), BIOS rel-1.14.0-0-g155821a1990b-prebuilt.qemu.org 04/01/2014
[    0.000000] Hypervisor detected: KVM
[    0.000000] kvm-clock: Using msrs 4b564d01 and 4b564d00
[    0.000000] kvm-clock: cpu 0, msr 30201001, primary cpu clock
[    0.000001] kvm-clock: using sched offset of 354217516 cycles
[    0.000010] clocksource: kvm-clock: mask: 0xffffffffffffffff max_cycles: 0x1cd42e4dffb, max_idle_ns: 881590591483 ns
[    0.000019] tsc: Detected 3408.056 MHz processor
[    0.002510] last_pfn = 0x7ffe0 max_arch_pfn = 0x400000000
[    0.002541] x86/PAT: Configuration [0-7]: WB  WC  UC- UC  WB  WP  UC- WT  
[    0.010683] found SMP MP-table at [mem 0x000f5a90-0x000f5a9f]
[    0.010720] Using GB pages for direct mapping
[    0.011217] ACPI: Early table checksum verification disabled
[    0.011237] ACPI: RSDP 0x00000000000F5870 000014 (v00 BOCHS )
[    0.011250] ACPI: RSDT 0x000000007FFE1959 000034 (v01 BOCHS  BXPC     00000001 BXPC 00000001)
[    0.011268] ACPI: FACP 0x000000007FFE1805 000074 (v01 BOCHS  BXPC     00000001 BXPC 00000001)
[    0.011284] ACPI: DSDT 0x000000007FFE0040 0017C5 (v01 BOCHS  BXPC     00000001 BXPC 00000001)
[    0.011296] ACPI: FACS 0x000000007FFE0000 000040
[    0.011306] ACPI: APIC 0x000000007FFE1879 000080 (v01 BOCHS  BXPC     00000001 BXPC 00000001)
[    0.011317] ACPI: HPET 0x000000007FFE18F9 000038 (v01 BOCHS  BXPC     00000001 BXPC 00000001)
[    0.011329] ACPI: WAET 0x000000007FFE1931 000028 (v01 BOCHS  BXPC     00000001 BXPC 00000001)
[    0.011339] ACPI: Reserving FACP table memory at [mem 0x7ffe1805-0x7ffe1878]
[    0.011344] ACPI: Reserving DSDT table memory at [mem 0x7ffe0040-0x7ffe1804]
[    0.011349] ACPI: Reserving FACS table memory at [mem 0x7ffe0000-0x7ffe003f]
[    0.011353] ACPI: Reserving APIC table memory at [mem 0x7ffe1879-0x7ffe18f8]
[    0.011357] ACPI: Reserving HPET table memory at [mem 0x7ffe18f9-0x7ffe1930]
[    0.011361] ACPI: Reserving WAET table memory at [mem 0x7ffe1931-0x7ffe1958]
[    0.011878] No NUMA configuration found
[    0.011882] Faking a node at [mem 0x0000000000000000-0x000000007ffdffff]
[    0.011916] NODE_DATA(0) allocated [mem 0x7ffb5000-0x7ffdffff]
[    0.013425] Zone ranges:
[    0.013428]   DMA      [mem 0x0000000000001000-0x0000000000ffffff]
[    0.013434]   DMA32    [mem 0x0000000001000000-0x000000007ffdffff]
[    0.013439]   Normal   empty
[    0.013442]   Device   empty
[    0.013446] Movable zone start for each node
[    0.013450] Early memory node ranges
[    0.013452]   node   0: [mem 0x0000000000001000-0x000000000009efff]
[    0.013457]   node   0: [mem 0x0000000000100000-0x000000007ffdffff]
[    0.013464] Initmem setup node 0 [mem 0x0000000000001000-0x000000007ffdffff]
[    0.014494]   DMA zone: 28770 pages in unavailable ranges
[    0.026561]   DMA32 zone: 32 pages in unavailable ranges
[    0.072141] kasan: KernelAddressSanitizer initialized
[    0.072456] ACPI: PM-Timer IO Port: 0x608
[    0.072483] ACPI: LAPIC_NMI (acpi_id[0xff] dfl dfl lint[0x1])
[    0.072559] IOAPIC[0]: apic_id 0, version 17, address 0xfec00000, GSI 0-23
[    0.072581] ACPI: INT_SRC_OVR (bus 0 bus_irq 0 global_irq 2 dfl dfl)
[    0.072600] ACPI: INT_SRC_OVR (bus 0 bus_irq 5 global_irq 5 high level)
[    0.072605] ACPI: INT_SRC_OVR (bus 0 bus_irq 9 global_irq 9 high level)
[    0.072613] ACPI: INT_SRC_OVR (bus 0 bus_irq 10 global_irq 10 high level)
[    0.072618] ACPI: INT_SRC_OVR (bus 0 bus_irq 11 global_irq 11 high level)
[    0.072638] Using ACPI (MADT) for SMP configuration information
[    0.072642] ACPI: HPET id: 0x8086a201 base: 0xfed00000
[    0.072650] TSC deadline timer available
[    0.072657] smpboot: Allowing 2 CPUs, 0 hotplug CPUs
[    0.072679] kvm-guest: KVM setup pv remote TLB flush
[    0.072683] kvm-guest: setup PV sched yield
[    0.072712] PM: hibernation: Registered nosave memory: [mem 0x00000000-0x00000fff]
[    0.072718] PM: hibernation: Registered nosave memory: [mem 0x0009f000-0x0009ffff]
[    0.072722] PM: hibernation: Registered nosave memory: [mem 0x000a0000-0x000effff]
[    0.072726] PM: hibernation: Registered nosave memory: [mem 0x000f0000-0x000fffff]
[    0.072731] [mem 0x80000000-0xfeffbfff] available for PCI devices
[    0.072735] Booting paravirtualized kernel on KVM
[    0.072746] clocksource: refined-jiffies: mask: 0xffffffff max_cycles: 0xffffffff, max_idle_ns: 1910969940391419 ns
[    0.089561] setup_percpu: NR_CPUS:8192 nr_cpumask_bits:2 nr_cpu_ids:2 nr_node_ids:1
[    0.089845] percpu: Embedded 65 pages/cpu s229376 r8192 d28672 u1048576
[    0.089929] kvm-guest: setup async PF for cpu 0
[    0.089950] kvm-guest: stealtime: cpu 0, msr 5e437080
[    0.089969] kvm-guest: PV spinlocks enabled
[    0.089976] PV qspinlock hash table entries: 256 (order: 0, 4096 bytes, linear)
[    0.089988] Built 1 zonelists, mobility grouping on.  Total pages: 515808
[    0.089992] Policy zone: DMA32
[    0.089995] Kernel command line: root=/dev/sda console=ttyS0 
[    0.090177] Dentry cache hash table entries: 262144 (order: 9, 2097152 bytes, linear)
[    0.090339] Inode-cache hash table entries: 131072 (order: 8, 1048576 bytes, linear)
[    0.090404] mem auto-init: stack:off, heap alloc:off, heap free:off
[    0.115126] Memory: 1438720K/2096632K available (51215K kernel code, 11055K rwdata, 11232K rodata, 3792K init, 7020K bss, 657656K reserved, 0K cma-reserved)
[    0.115146] random: get_random_u64 called from __kmem_cache_create+0x26/0x430 with crng_init=0
[    0.115464] SLUB: HWalign=64, Order=0-3, MinObjects=0, CPUs=2, Nodes=1
[    0.115496] Kernel/User page tables isolation: enabled
[    0.115546] ftrace: allocating 59293 entries in 232 pages
[    0.159651] ftrace: allocated 232 pages with 4 groups
[    0.160020] rcu: Hierarchical RCU implementation.
[    0.160024] rcu: 	RCU event tracing is enabled.
[    0.160026] rcu: 	RCU restricting CPUs from NR_CPUS=8192 to nr_cpu_ids=2.
[    0.160031] 	Trampoline variant of Tasks RCU enabled.
[    0.160033] 	Rude variant of Tasks RCU enabled.
[    0.160035] 	Tracing variant of Tasks RCU enabled.
[    0.160038] rcu: RCU calculated value of scheduler-enlistment delay is 100 jiffies.
[    0.160041] rcu: Adjusting geometry for rcu_fanout_leaf=16, nr_cpu_ids=2
[    0.175781] NR_IRQS: 524544, nr_irqs: 440, preallocated irqs: 16
[    0.180514] Console: colour VGA+ 80x25
[    0.276631] printk: console [ttyS0] enabled
[    0.277250] ACPI: Core revision 20210331
[    0.278054] clocksource: hpet: mask: 0xffffffff max_cycles: 0xffffffff, max_idle_ns: 19112604467 ns
[    0.279266] APIC: Switch to symmetric I/O mode setup
[    0.280098] x2apic enabled
[    0.280720] Switched APIC routing to physical x2apic.
[    0.281310] kvm-guest: setup PV IPIs
[    0.282769] ..TIMER: vector=0x30 apic1=0 pin1=2 apic2=-1 pin2=-1
[    0.283481] clocksource: tsc-early: mask: 0xffffffffffffffff max_cycles: 0x312008d3c19, max_idle_ns: 440795240194 ns
[    0.284706] Calibrating delay loop (skipped) preset value.. 6816.11 BogoMIPS (lpj=3408056)
[    0.285691] pid_max: default: 32768 minimum: 301
[    0.286788] LSM: Security Framework initializing
[    0.287353] Yama: becoming mindful.
[    0.287908] Mount-cache hash table entries: 4096 (order: 3, 32768 bytes, linear)
[    0.288694] Mountpoint-cache hash table entries: 4096 (order: 3, 32768 bytes, linear)
[    0.290487] x86/cpu: User Mode Instruction Prevention (UMIP) activated
[    0.290769] Last level iTLB entries: 4KB 0, 2MB 0, 4MB 0
[    0.291690] Last level dTLB entries: 4KB 0, 2MB 0, 4MB 0, 1GB 0
[    0.292695] Spectre V1 : Mitigation: usercopy/swapgs barriers and __user pointer sanitization
[    0.293690] Spectre V2 : Mitigation: Full generic retpoline
[    0.294690] Spectre V2 : Spectre v2 / SpectreRSB mitigation: Filling RSB on context switch
[    0.295690] Spectre V2 : Enabling Restricted Speculation for firmware calls
[    0.296486] Spectre V2 : mitigation: Enabling conditional Indirect Branch Prediction Barrier
[    0.296691] Speculative Store Bypass: Mitigation: Speculative Store Bypass disabled via prctl and seccomp
[    0.297695] TAA: Mitigation: Clear CPU buffers
[    0.298223] SRBDS: Unknown: Dependent on hypervisor status
[    0.298690] MDS: Mitigation: Clear CPU buffers
[    0.314037] Freeing SMP alternatives memory: 48K
[    0.314874] smpboot: CPU0: Intel(R) Core(TM) i7-6700 CPU @ 3.40GHz (family: 0x6, model: 0x5e, stepping: 0x3)
[    0.316029] Performance Events: Skylake events, 32-deep LBR, full-width counters, Intel PMU driver.
[    0.317695] ... version:                2
[    0.318219] ... bit width:              48
[    0.318692] ... generic registers:      4
[    0.319242] ... value mask:             0000ffffffffffff
[    0.319692] ... max period:             00007fffffffffff
[    0.320401] ... fixed-purpose events:   3
[    0.320691] ... event mask:             000000070000000f
[    0.321648] rcu: Hierarchical SRCU implementation.
[    0.323687] smp: Bringing up secondary CPUs ...
[    0.324587] x86: Booting SMP configuration:
[    0.324722] .... node  #0, CPUs:      #1
[    0.105606] kvm-clock: cpu 1, msr 30201041, secondary cpu clock
[    0.105606] smpboot: CPU 1 Converting physical 0 to logical die 1
[    0.327717] kvm-guest: setup async PF for cpu 1
[    0.328353] kvm-guest: stealtime: cpu 1, msr 5e537080
[    0.328773] smp: Brought up 1 node, 2 CPUs
[    0.329696] smpboot: Max logical packages: 2
[    0.330307] smpboot: Total of 2 processors activated (13632.22 BogoMIPS)
[    0.331374] devtmpfs: initialized
[    0.332071] x86/mm: Memory block size: 128MB
[    0.337885] clocksource: jiffies: mask: 0xffffffff max_cycles: 0xffffffff, max_idle_ns: 1911260446275000 ns
[    0.338696] futex hash table entries: 512 (order: 3, 32768 bytes, linear)
[    0.339801] pinctrl core: initialized pinctrl subsystem
[    0.341027] 
[    0.341310] *************************************************************
[    0.341692] **     NOTICE NOTICE NOTICE NOTICE NOTICE NOTICE NOTICE    **
[    0.342691] **                                                         **
[    0.343636] **  IOMMU DebugFS SUPPORT HAS BEEN ENABLED IN THIS KERNEL  **
[    0.343691] **                                                         **
[    0.344501] ** This means that this kernel is built to expose internal **
[    0.344691] ** IOMMU data structures, which may compromise security on **
[    0.345692] ** your system.                                            **
[    0.346692] **                                                         **
[    0.347691] ** If you see this message and you are not debugging the   **
[    0.348680] ** kernel, report this immediately to your vendor!         **
[    0.348691] **                                                         **
[    0.349565] **     NOTICE NOTICE NOTICE NOTICE NOTICE NOTICE NOTICE    **
[    0.349691] *************************************************************
[    0.350562] PM: RTC time: 18:08:00, date: 2021-06-19
[    0.351220] NET: Registered protocol family 16
[    0.352231] DMA: preallocated 256 KiB GFP_KERNEL pool for atomic allocations
[    0.352720] DMA: preallocated 256 KiB GFP_KERNEL|GFP_DMA pool for atomic allocations
[    0.353633] DMA: preallocated 256 KiB GFP_KERNEL|GFP_DMA32 pool for atomic allocations
[    0.353758] audit: initializing netlink subsys (disabled)
[    0.354472] audit: type=2000 audit(1624126081.335:1): state=initialized audit_enabled=0 res=1
[    0.355652] thermal_sys: Registered thermal governor 'fair_share'
[    0.355684] thermal_sys: Registered thermal governor 'bang_bang'
[    0.355692] thermal_sys: Registered thermal governor 'step_wise'
[    0.356450] thermal_sys: Registered thermal governor 'user_space'
[    0.356753] cpuidle: using governor ladder
[    0.357714] cpuidle: using governor menu
[    0.358401] ACPI: bus type PCI registered
[    0.358694] acpiphp: ACPI Hot Plug PCI Controller Driver version: 0.5
[    0.360069] PCI: Using configuration type 1 for base access
[    0.377790] Kprobes globally optimized
[    0.378784] HugeTLB registered 1.00 GiB page size, pre-allocated 0 pages
[    0.379695] HugeTLB registered 2.00 MiB page size, pre-allocated 0 pages
[    0.380811] cryptomgr_test (32) used greatest stack depth: 30576 bytes left
[    0.383713] cryptomgr_test (64) used greatest stack depth: 30072 bytes left
[    0.386244] ACPI: Added _OSI(Module Device)
[    0.386693] ACPI: Added _OSI(Processor Device)
[    0.387306] ACPI: Added _OSI(3.0 _SCP Extensions)
[    0.387693] ACPI: Added _OSI(Processor Aggregator Device)
[    0.388735] ACPI: Added _OSI(Linux-Dell-Video)
[    0.389618] ACPI: Added _OSI(Linux-Lenovo-NV-HDMI-Audio)
[    0.389759] ACPI: Added _OSI(Linux-HPI-Hybrid-Graphics)
[    0.409302] ACPI: 1 ACPI AML tables successfully acquired and loaded
[    0.414148] ACPI: Interpreter enabled
[    0.414859] ACPI: (supports S0 S3 S4 S5)
[    0.415366] ACPI: Using IOAPIC for interrupt routing
[    0.415777] PCI: Using host bridge windows from ACPI; if necessary, use "pci=nocrs" and report a bug
[    0.418178] ACPI: Enabled 2 GPEs in block 00 to 0F
[    0.451797] ACPI: PCI Root Bridge [PCI0] (domain 0000 [bus 00-ff])
[    0.452732] acpi PNP0A03:00: _OSC: OS supports [ASPM ClockPM Segments MSI EDR HPX-Type3]
[    0.453874] acpi PNP0A03:00: fail to add MMCONFIG information, can't access extended PCI configuration space under this bridge.
[    0.458057] acpiphp: Slot [3] registered
[    0.458730] acpiphp: Slot [4] registered
[    0.459423] acpiphp: Slot [5] registered
[    0.459867] acpiphp: Slot [6] registered
[    0.460574] acpiphp: Slot [7] registered
[    0.460873] acpiphp: Slot [8] registered
[    0.461630] acpiphp: Slot [9] registered
[    0.461884] acpiphp: Slot [10] registered
[    0.462562] acpiphp: Slot [11] registered
[    0.462889] acpiphp: Slot [12] registered
[    0.463560] acpiphp: Slot [13] registered
[    0.463895] acpiphp: Slot [14] registered
[    0.464583] acpiphp: Slot [15] registered
[    0.464870] acpiphp: Slot [16] registered
[    0.465580] acpiphp: Slot [17] registered
[    0.465878] acpiphp: Slot [18] registered
[    0.466616] acpiphp: Slot [19] registered
[    0.466853] acpiphp: Slot [20] registered
[    0.467628] acpiphp: Slot [21] registered
[    0.467870] acpiphp: Slot [22] registered
[    0.468546] acpiphp: Slot [23] registered
[    0.468892] acpiphp: Slot [24] registered
[    0.469543] acpiphp: Slot [25] registered
[    0.469895] acpiphp: Slot [26] registered
[    0.470688] acpiphp: Slot [27] registered
[    0.470914] acpiphp: Slot [28] registered
[    0.471832] acpiphp: Slot [29] registered
[    0.472600] acpiphp: Slot [30] registered
[    0.472870] acpiphp: Slot [31] registered
[    0.473600] PCI host bridge to bus 0000:00
[    0.473712] pci_bus 0000:00: root bus resource [io  0x0000-0x0cf7 window]
[    0.474682] pci_bus 0000:00: root bus resource [io  0x0d00-0xffff window]
[    0.474711] pci_bus 0000:00: root bus resource [mem 0x000a0000-0x000bffff window]
[    0.475710] pci_bus 0000:00: root bus resource [mem 0x80000000-0xfebfffff window]
[    0.476696] pci_bus 0000:00: root bus resource [mem 0x100000000-0x17fffffff window]
[    0.477711] pci_bus 0000:00: root bus resource [bus 00-ff]
[    0.478573] pci 0000:00:00.0: [8086:1237] type 00 class 0x060000
[    0.490773] pci 0000:00:01.0: [8086:7000] type 00 class 0x060100
[    0.493666] pci 0000:00:01.1: [8086:7010] type 00 class 0x010180
[    0.495445] pci 0000:00:01.1: reg 0x20: [io  0xc060-0xc06f]
[    0.496652] pci 0000:00:01.1: legacy IDE quirk: reg 0x10: [io  0x01f0-0x01f7]
[    0.496696] pci 0000:00:01.1: legacy IDE quirk: reg 0x14: [io  0x03f6]
[    0.497448] pci 0000:00:01.1: legacy IDE quirk: reg 0x18: [io  0x0170-0x0177]
[    0.497692] pci 0000:00:01.1: legacy IDE quirk: reg 0x1c: [io  0x0376]
[    0.499771] pci 0000:00:01.3: [8086:7113] type 00 class 0x068000
[    0.500937] pci 0000:00:01.3: quirk: [io  0x0600-0x063f] claimed by PIIX4 ACPI
[    0.501704] pci 0000:00:01.3: quirk: [io  0x0700-0x070f] claimed by PIIX4 SMB
[    0.503889] pci 0000:00:02.0: [1234:1111] type 00 class 0x030000
[    0.505720] pci 0000:00:02.0: reg 0x10: [mem 0xfd000000-0xfdffffff pref]
[    0.507726] pci 0000:00:02.0: reg 0x18: [mem 0xfebf0000-0xfebf0fff]
[    0.511221] pci 0000:00:02.0: reg 0x30: [mem 0xfebe0000-0xfebeffff pref]
[    0.524221] pci 0000:00:03.0: [1af4:1005] type 00 class 0x00ff00
[    0.525301] pci 0000:00:03.0: reg 0x10: [io  0xc040-0xc05f]
[    0.527331] pci 0000:00:03.0: reg 0x20: [mem 0xfe000000-0xfe003fff 64bit pref]
[    0.540936] pci 0000:00:04.0: [8086:100e] type 00 class 0x020000
[    0.542443] pci 0000:00:04.0: reg 0x10: [mem 0xfebc0000-0xfebdffff]
[    0.543387] pci 0000:00:04.0: reg 0x14: [io  0xc000-0xc03f]
[    0.546275] pci 0000:00:04.0: reg 0x30: [mem 0xfeb80000-0xfebbffff pref]
[    0.566081] ACPI: PCI: Interrupt link LNKA configured for IRQ 10
[    0.567880] ACPI: PCI: Interrupt link LNKB configured for IRQ 10
[    0.569710] ACPI: PCI: Interrupt link LNKC configured for IRQ 11
[    0.571572] ACPI: PCI: Interrupt link LNKD configured for IRQ 11
[    0.572181] ACPI: PCI: Interrupt link LNKS configured for IRQ 9
[    0.574882] iommu: Default domain type: Translated 
[    0.575723] pci 0000:00:02.0: vgaarb: setting as boot VGA device
[    0.576383] pci 0000:00:02.0: vgaarb: VGA device added: decodes=io+mem,owns=io+mem,locks=none
[    0.576693] pci 0000:00:02.0: vgaarb: bridge control possible
[    0.577654] vgaarb: loaded
[    0.579266] SCSI subsystem initialized
[    0.579920] ACPI: bus type USB registered
[    0.580467] usbcore: registered new interface driver usbfs
[    0.580857] usbcore: registered new interface driver hub
[    0.581522] usbcore: registered new device driver usb
[    0.581891] pps_core: LinuxPPS API ver. 1 registered
[    0.582430] pps_core: Software ver. 5.3.6 - Copyright 2005-2007 Rodolfo Giometti <giometti@linux.it>
[    0.582728] PTP clock support registered
[    0.583328] EDAC MC: Ver: 3.0.0
[    0.585408] NetLabel: Initializing
[    0.585691] NetLabel:  domain hash size = 128
[    0.586224] NetLabel:  protocols = UNLABELED CIPSOv4 CALIPSO
[    0.586830] NetLabel:  unlabeled traffic allowed by default
[    0.587710] PCI: Using ACPI for IRQ routing
[    0.588408] hpet0: at MMIO 0xfed00000, IRQs 2, 8, 0
[    0.588691] hpet0: 3 comparators, 64-bit 100.000000 MHz counter
[    0.594789] clocksource: Switched to clocksource kvm-clock
[    0.752569] VFS: Disk quotas dquot_6.6.0
[    0.753355] VFS: Dquot-cache hash table entries: 512 (order 0, 4096 bytes)
[    0.754612] pnp: PnP ACPI init
[    0.758545] pnp: PnP ACPI: found 6 devices
[    0.777530] clocksource: acpi_pm: mask: 0xffffff max_cycles: 0xffffff, max_idle_ns: 2085701024 ns
[    0.778805] NET: Registered protocol family 2
[    0.779457] IP idents hash table entries: 32768 (order: 6, 262144 bytes, linear)
[    0.781760] tcp_listen_portaddr_hash hash table entries: 1024 (order: 2, 16384 bytes, linear)
[    0.783063] TCP established hash table entries: 16384 (order: 5, 131072 bytes, linear)
[    0.784299] TCP bind hash table entries: 16384 (order: 6, 262144 bytes, linear)
[    0.785459] TCP: Hash tables configured (established 16384 bind 16384)
[    0.786363] UDP hash table entries: 1024 (order: 3, 32768 bytes, linear)
[    0.787264] UDP-Lite hash table entries: 1024 (order: 3, 32768 bytes, linear)
[    0.788356] NET: Registered protocol family 1
[    0.788958] pci_bus 0000:00: resource 4 [io  0x0000-0x0cf7 window]
[    0.789853] pci_bus 0000:00: resource 5 [io  0x0d00-0xffff window]
[    0.790723] pci_bus 0000:00: resource 6 [mem 0x000a0000-0x000bffff window]
[    0.791721] pci_bus 0000:00: resource 7 [mem 0x80000000-0xfebfffff window]
[    0.792658] pci_bus 0000:00: resource 8 [mem 0x100000000-0x17fffffff window]
[    0.793965] pci 0000:00:01.0: PIIX3: Enabling Passive Release
[    0.794823] pci 0000:00:00.0: Limiting direct PCI/PCI transfers
[    0.795671] pci 0000:00:01.0: Activating ISA DMA hang workarounds
[    0.796613] pci 0000:00:02.0: Video device with shadowed ROM at [mem 0x000c0000-0x000dffff]
[    0.797894] PCI: CLS 0 bytes, default 64
[    0.798614] clocksource: tsc: mask: 0xffffffffffffffff max_cycles: 0x312008d3c19, max_idle_ns: 440795240194 ns
[    0.800076] clocksource: Switched to clocksource tsc
[    0.803540] Initialise system trusted keyrings
[    0.804289] Key type blacklist registered
[    0.804983] workingset: timestamp_bits=36 max_order=19 bucket_order=0
[    0.817921] zbud: loaded
[    0.821993] squashfs: version 4.0 (2009/01/31) Phillip Lougher
[    0.824464] fuse: init (API version 7.33)
[    0.825467] SGI XFS with ACLs, security attributes, realtime, quota, no debug enabled
[    0.835451] Key type asymmetric registered
[    0.836191] Asymmetric key parser 'x509' registered
[    0.836919] Block layer SCSI generic (bsg) driver version 0.4 loaded (major 244)
[    0.838024] io scheduler mq-deadline registered
[    0.838936] io scheduler bfq registered
[    0.840578] shpchp: Standard Hot Plug PCI Controller Driver version: 0.4
[    0.841908] IPMI message handler: version 39.2
[    0.842852] ipmi device interface
[    0.843449] ipmi_si: IPMI System Interface driver
[    0.844319] ipmi_si: Unable to find any System Interface(s)
[    0.845013] ipmi_ssif: IPMI SSIF Interface driver
[    0.845727] IPMI Watchdog: driver initialized
[    0.846316] IPMI poweroff: Copyright (C) 2004 MontaVista Software - IPMI Powerdown via sys_reboot
[    0.848273] input: Power Button as /devices/LNXSYSTM:00/LNXPWRBN:00/input/input0
[    0.849618] ACPI: button: Power Button [PWRF]
[    0.851020] ERST DBG: ERST support is disabled.
[    1.903110] ACPI: \_SB_.LNKC: Enabled at IRQ 11
[    1.905339] Serial: 8250/16550 driver, 32 ports, IRQ sharing enabled
[    1.906966] 00:04: ttyS0 at I/O 0x3f8 (irq = 4, base_baud = 115200) is a 16550A
[    1.921526] Linux agpgart interface v0.103
[    1.933339] loop: module loaded
[    1.938488] scsi host0: ata_piix
[    1.939811] scsi host1: ata_piix
[    1.940517] ata1: PATA max MWDMA2 cmd 0x1f0 ctl 0x3f6 bmdma 0xc060 irq 14
[    1.941401] ata2: PATA max MWDMA2 cmd 0x170 ctl 0x376 bmdma 0xc068 irq 15
[    1.943209] libphy: Fixed MDIO Bus: probed
[    1.943682] tun: Universal TUN/TAP device driver, 1.6
[    1.944682] e100: Intel(R) PRO/100 Network Driver
[    1.945303] e100: Copyright(c) 1999-2006 Intel Corporation
[    1.946144] e1000: Intel(R) PRO/1000 Network Driver
[    1.946732] e1000: Copyright (c) 1999-2006 Intel Corporation.
[    2.096896] ata1.00: ATA-7: QEMU HARDDISK, 2.5+, max UDMA/100
[    2.097903] ata1.00: 4194304 sectors, multi 16: LBA48 
[    2.099108] ata2.00: ATAPI: QEMU DVD-ROM, 2.5+, max UDMA/100
[    2.101226] scsi 0:0:0:0: Direct-Access     ATA      QEMU HARDDISK    2.5+ PQ: 0 ANSI: 5
[    2.103330] scsi 0:0:0:0: Attached scsi generic sg0 type 0
[    2.104794] scsi 1:0:0:0: CD-ROM            QEMU     QEMU DVD-ROM     2.5+ PQ: 0 ANSI: 5
[    2.107181] scsi 1:0:0:0: Attached scsi generic sg1 type 5
[    2.108632] sd 0:0:0:0: [sda] 4194304 512-byte logical blocks: (2.15 GB/2.00 GiB)
[    2.110115] sd 0:0:0:0: [sda] Write Protect is off
[    2.110759] sd 0:0:0:0: [sda] Write cache: enabled, read cache: enabled, doesn't support DPO or FUA
[    2.118839] sd 0:0:0:0: [sda] Attached SCSI disk
[    3.033785] ACPI: \_SB_.LNKD: Enabled at IRQ 10
[    3.336712] e1000 0000:00:04.0 eth0: (PCI:33MHz:32-bit) 52:54:00:12:34:56
[    3.337657] e1000 0000:00:04.0 eth0: Intel(R) PRO/1000 Network Connection
[    3.338785] e1000e: Intel(R) PRO/1000 Network Driver
[    3.339518] e1000e: Copyright(c) 1999 - 2015 Intel Corporation.
[    3.340470] igb: Intel(R) Gigabit Ethernet Network Driver
[    3.341198] igb: Copyright (c) 2007-2014 Intel Corporation.
[    3.342071] PPP generic driver version 2.4.2
[    3.343281] VFIO - User Level meta-driver version: 0.3
[    3.344067] ehci_hcd: USB 2.0 'Enhanced' Host Controller (EHCI) Driver
[    3.344997] ehci-pci: EHCI PCI platform driver
[    3.345695] ehci-platform: EHCI generic platform driver
[    3.346506] ohci_hcd: USB 1.1 'Open' Host Controller (OHCI) Driver
[    3.347435] ohci-pci: OHCI PCI platform driver
[    3.348083] ohci-platform: OHCI generic platform driver
[    3.348950] uhci_hcd: USB Universal Host Controller Interface driver
[    3.350403] usbcore: registered new interface driver uas
[    3.351104] usbcore: registered new interface driver usb-storage
[    3.351947] i8042: PNP: PS/2 Controller [PNP0303:KBD,PNP0f13:MOU] at 0x60,0x64 irq 1,12
[    3.353764] serio: i8042 KBD port at 0x60,0x64 irq 1
[    3.354436] serio: i8042 AUX port at 0x60,0x64 irq 12
[    3.355810] mousedev: PS/2 mouse device common for all mice
[    3.357341] input: AT Translated Set 2 keyboard as /devices/platform/i8042/serio0/input/input1
[    3.358642] rtc_cmos 00:05: RTC can wake from S4
[    3.360376] rtc_cmos 00:05: registered as rtc0
[    3.361152] rtc_cmos 00:05: setting system clock to 2021-06-19T18:08:03 UTC (1624126083)
[    3.362316] rtc_cmos 00:05: alarms up to one day, y3k, 242 bytes nvram, hpet irqs
[    3.363384] i2c /dev entries driver
[    3.364269] device-mapper: uevent: version 1.0.3
[    3.365365] device-mapper: ioctl: 4.45.0-ioctl (2021-03-22) initialised: dm-devel@redhat.com
[    3.366676] intel_pstate: CPU model not supported
[    3.367484] sdhci: Secure Digital Host Controller Interface driver
[    3.368209] sdhci: Copyright(c) Pierre Ossman
[    3.368890] sdhci-pltfm: SDHCI platform and OF driver helper
[    3.369745] ledtrig-cpu: registered to indicate activity on CPUs
[    3.370959] intel_pmc_core intel_pmc_core.0:  initialized
[    3.371826] drop_monitor: Initializing network drop monitor service
[    3.373591] NET: Registered protocol family 10
[    3.375963] kworker/u4:0 (113) used greatest stack depth: 28512 bytes left
[    3.377832] Segment Routing with IPv6
[    3.378421] NET: Registered protocol family 17
[    3.379275] 9pnet: Installing 9P2000 support
[    3.380025] Key type dns_resolver registered
[    3.381354] IPI shorthand broadcast: enabled
[    3.382110] sched_clock: Marking stable (3277365744, 104606669)->(3450448755, -68476342)
[    3.383745] registered taskstats version 1
[    3.384445] Loading compiled-in X.509 certificates
[    3.385420] zswap: loaded using pool lzo/zbud
[    3.386569] Key type ._fscrypt registered
[    3.387173] Key type .fscrypt registered
[    3.387679] Key type fscrypt-provisioning registered
[    3.389396] Key type encrypted registered
[    3.389992] ima: No TPM chip found, activating TPM-bypass!
[    3.390902] ima: Allocated hash algorithm: sha1
[    3.391592] ima: No architecture policies found
[    3.392254] evm: Initialising EVM extended attributes:
[    3.392953] evm: security.selinux
[    3.393436] evm: security.SMACK64
[    3.393978] evm: security.SMACK64EXEC
[    3.394605] evm: security.SMACK64TRANSMUTE
[    3.395333] evm: security.SMACK64MMAP
[    3.395792] evm: security.apparmor
[    3.396246] evm: security.ima
[    3.396715] evm: security.capability
[    3.397234] evm: HMAC attrs: 0x1
[    3.399763] PM:   Magic number: 9:402:140
[    3.400326] acpi device:11: hash matches
[    3.401179] RAS: Correctable Errors collector initialized.
[    3.402249] md: Waiting for all devices to be available before autodetect
[    3.403073] md: If you don't use raid, use raid=noautodetect
[    3.403766] md: Autodetecting RAID arrays.
[    3.404278] md: autorun ...
[    3.404607] md: ... autorun DONE.
[    3.407592] EXT4-fs (sda): INFO: recovery required on readonly filesystem
[    3.408362] EXT4-fs (sda): write access will be enabled during recovery
[    3.461933] random: fast init done
[    3.467788] EXT4-fs (sda): recovery complete
[    3.469369] EXT4-fs (sda): mounted filesystem with ordered data mode. Opts: (null). Quota mode: none.
[    3.470688] VFS: Mounted root (ext4 filesystem) readonly on device 8:0.
[    3.472120] devtmpfs: mounted
[    3.479168] Freeing unused decrypted memory: 2036K
[    3.480912] Freeing unused kernel image (initmem) memory: 3792K
[    3.481924] Write protecting the kernel read-only data: 65536k
[    3.484464] Freeing unused kernel image (text/rodata gap) memory: 2032K
[    3.486009] Freeing unused kernel image (rodata/data gap) memory: 1056K
[    3.567218] x86/mm: Checked W+X mappings: passed, no W+X pages found.
[    3.568271] x86/mm: Checking user space page tables
[    3.646174] x86/mm: Checked W+X mappings: passed, no W+X pages found.
[    3.647234] Run /sbin/init as init process
[    3.701456] random: systemd: uninitialized urandom read (16 bytes read)
[    3.703968] random: systemd: uninitialized urandom read (16 bytes read)
[    3.704967] random: systemd: uninitialized urandom read (16 bytes read)
[    3.715246] systemd[1]: systemd 232 running in system mode. (+PAM +AUDIT +SELINUX +IMA +APPARMOR +SMACK +SYSVINIT +UTMP +LIBCRYPTSETUP +GCRYPT +GNUTLS +ACL +XZ +LZ4 +SECCOMP +BLKID +ELFUTILS +KMOD +IDN)
[    3.717748] systemd[1]: Detected virtualization qemu.
[    3.718394] systemd[1]: Detected architecture x86-64.

Welcome to [1mDebian GNU/Linux 9 (stretch)[0m!

[    3.722913] systemd[1]: Set hostname to <syzkaller>.
[    3.747216] systemd-debug-g (136) used greatest stack depth: 26888 bytes left
[    3.753497] selinux-autorel (133) used greatest stack depth: 26032 bytes left
[    3.817615] systemd[1]: proc-sys-fs-binfmt_misc.automount: Cannot add dependency job, ignoring: Unit proc-sys-fs-binfmt_misc.automount is masked.
[    3.820099] systemd[1]: Reached target Swap.
[[0;32m  OK  [0m] Reached target Swap.
[    3.821886] systemd[1]: Created slice System Slice.
[[0;32m  OK  [0m] Created slice System Slice.
[    3.823422] systemd[1]: Listening on /dev/initctl Compatibility Named Pipe.
[[0;32m  OK  [0m] Listening on /dev/initctl Compatibility Named Pipe.
[    3.827112] systemd[1]: Mounting /proc/sys/fs/binfmt_misc...
         Mounting /proc/sys/fs/binfmt_misc...
[    3.828828] systemd[1]: Listening on Journal Audit Socket.
[[0;32m  OK  [0m] Listening on Journal Audit Socket.
         Mounting POSIX Message Queue File System...
[[0;32m  OK  [0m] Started Dispatch Password Requests to Console Directory Watch.
[[0;32m  OK  [0m] Reached target Slices.
[[0;32m  OK  [0m] Listening on udev Kernel Socket.
         Mounting /sys/kernel/config...
         Mounting Huge Pages File System...
[[0;32m  OK  [0m] Listening on Journal Socket (/dev/log).
[[0;32m  OK  [0m] Listening on Syslog Socket.
[[0;32m  OK  [0m] Listening on udev Control Socket.
[[0;32m  OK  [0m] Reached target Remote File Systems.
         Mounting /sys/kernel/debug...
[[0;32m  OK  [0m] Created slice system-serial\x2dgetty.slice.
[[0;32m  OK  [0m] Created slice system-getty.slice.
[[0;32m  OK  [0m] Listening on Journal Socket.
         Starting Journal Service...
         Starting Load Kernel Modules...
         Starting Remount Root and Kernel File Systems...
[[0;32m  OK  [0m] Reached target Sockets.
[[0;32m  OK  [0m] Started Forward Password Requests to Wall Directory Watch.
[[0;32m  OK  [0m] Reached target Encrypted Volumes.
[[0;32m  OK  [0m] Reached target Paths.
         Starting Create Static Device Nodes in /dev...
[    3.898487] EXT4-fs (sda): re-mounted. Opts: (null). Quota mode: none.
[[0;32m  OK  [0m] Mounted POSIX Message Queue File System.
[[0;32m  OK  [0m] Mounted Huge Pages File System.
[[0;32m  OK  [0m] Mounted /sys/kernel/debug.
[[0;32m  OK  [0m] Mounted /sys/kernel/config.
[[0;32m  OK  [0m] Mounted /proc/sys/fs/binfmt_misc.
[[0;32m  OK  [0m] Started Load Kernel Modules.
[[0;32m  OK  [0m] Started Remount Root and Kernel File Systems.
[[0;32m  OK  [0m] Started Create Static Device Nodes in /dev.
         Starting udev Kernel Device Manager...
         Starting udev Coldplug all Devices...
[[0;32m  OK  [0m] Reached target Local File Systems (Pre).
         Starting Load/Save Random Seed...
         Mounting FUSE Control File System...
         Starting Apply Kernel Variables...
[[0;32m  OK  [0m] Reached target Local File Systems.
         Starting Mark the need to relabel after reboot...
[[0;32m  OK  [0m] Mounted FUSE Control File System.
[[0;32m  OK  [0m] Started Load/Save Random Seed.
[[0;32m  OK  [0m] Started Apply Kernel Variables.
[[0;32m  OK  [0m] Started Mark the need to relabel after reboot.
[[0;32m  OK  [0m] Started udev Kernel Device Manager.
[[0;32m  OK  [0m] Started Journal Service.
         Starting Flush Journal to Persistent Storage...
         Starting Raise network interfaces...
[    4.041601] systemd-journald[155]: Received request to flush runtime journal from PID 1
[[0;32m  OK  [0m] Started Flush Journal to Persistent Storage.
         Starting Create Volatile Files and Directories...
[    4.088219] systemd-tmpfile (192) used greatest stack depth: 25608 bytes left
[[0;32m  OK  [0m] Started Create Volatile Files and Directories.
         Starting Network Time Synchronization...
         Starting Update UTMP about System Boot/Shutdown...
[[0;32m  OK  [0m] Started Update UTMP about System Boot/Shutdown.
[[0;32m  OK  [0m] Started Network Time Synchronization.
[[0;32m  OK  [0m] Reached target System Time Synchronized.
[[0;32m  OK  [0m] Started udev Coldplug all Devices.
[[0;32m  OK  [0m] Reached target System Initialization.
[[0;32m  OK  [0m] Reached target Basic System.
[[0;32m  OK  [0m] Started Regular background program processing daemon.
         Starting System Logging Service...
[[0;32m  OK  [0m] Started Daily Cleanup of Temporary Directories.
         Starting getty on tty2-tty6 if dbus and logind are not available...
[[0;32m  OK  [0m] Started Daily apt download activities.
[[0;32m  OK  [0m] Started Daily apt upgrade and clean activities.
[[0;32m  OK  [0m] Reached target Timers.
[[0;32m  OK  [0m] Started System Logging Service.
[    4.304103] systemctl (209) used greatest stack depth: 24872 bytes left
[[0;32m  OK  [0m] Started getty on tty2-tty6 if dbus and logind are not available.
[    4.344833] e1000 0000:00:04.0 ens4: renamed from eth0
[[0;32m  OK  [0m] Found device /dev/ttyS0.
[[0;32m  OK  [0m] Listening on Load/Save RF Kill Switch Status /dev/rfkill Watch.
[    4.566564] random: crng init done
[    4.567182] random: 7 urandom warning(s) missed due to ratelimiting
[[0;1;31mFAILED[0m] Failed to start Raise network interfaces.
See 'systemctl status networking.service' for details.
[[0;32m  OK  [0m] Reached target Network.
         Starting OpenBSD Secure Shell server...
         Starting Permit User Sessions...
[[0;32m  OK  [0m] Reached target Network is Online.
         Starting Daily apt download activities...
[[0;32m  OK  [0m] Started Permit User Sessions.
[[0;32m  OK  [0m] Started Getty on tty3.
[[0;32m  OK  [0m] Started Getty on tty2.
[[0;32m  OK  [0m] Started Getty on tty6.
[[0;32m  OK  [0m] Started Getty on tty5.
[[0;32m  OK  [0m] Started Serial Getty on ttyS0.
[[0;32m  OK  [0m] Started Getty on tty4.
[[0;32m  OK  [0m] Started Getty on tty1.
[[0;32m  OK  [0m] Reached target Login Prompts.
[[0;32m  OK  [0m] Started OpenBSD Secure Shell server.
[[0;32m  OK  [0m] Reached target Multi-User System.
[[0;32m  OK  [0m] Reached target Graphical Interface.
         Starting Update UTMP about System Runlevel Changes...
[[0;32m  OK  [0m] Started Update UTMP about System Runlevel Changes.
[[0;32m  OK  [0m] Started Daily apt download activities.
         Starting Daily apt upgrade and clean activities...
[[0;32m  OK  [0m] Started Daily apt upgrade and clean activities.

Debian GNU/Linux 9 syzkaller ttyS0


testing program (duration=9m0s, {Threaded:true Collide:true Repeat:true RepeatTimes:0 Procs:8 Slowdown:1 Sandbox:none Fault:false FaultCall:-1 FaultNth:0 Leak:false NetInjection:true NetDevices:true NetReset:true Cgroups:true BinfmtMisc:true CloseFDs:true KCSAN:false DevlinkPCI:false USB:false VhciInjection:false Wifi:false IEEE802154:false Sysctl:true UseTmpDir:true HandleSegv:true Repro:true Trace:false}): syz_open_dev$tty20-syz_open_dev$tty20-ioctl$VT_ACTIVATE-openat$loop_ctrl-openat$null-ioctl$LOOP_CTL_ADD-dup3-ioctl$KDFONTOP_GET-fcntl$lock-open_tree-ioctl$LOOP_CTL_ADD-ioctl$F2FS_IOC_RESERVE_COMPRESS_BLOCKS-ioctl$LOOP_CTL_REMOVE-ioctl$TIOCL_SETVESABLANK-setresuid-dup-socket$inet_udplite-getsockopt$sock_cred-setuid
detailed listing:
executing program 0:
syz_open_dev$tty20(0xc, 0x4, 0x0)
r0 = syz_open_dev$tty20(0xc, 0x4, 0x1)
ioctl$VT_ACTIVATE(r0, 0x5606, 0x7)
r1 = openat$loop_ctrl(0xffffffffffffff9c, &(0x7f0000000080), 0x0, 0x0)
r2 = openat$null(0xffffffffffffff9c, &(0x7f0000000100), 0xc580, 0x0)
ioctl$LOOP_CTL_ADD(r1, 0x4c80, 0x0)
r3 = dup3(r2, r1, 0x80000)
ioctl$KDFONTOP_GET(r3, 0x4b72, &(0x7f0000000240)={0x1, 0x1, 0x1b, 0x20, 0x9, &(0x7f00000003c0)})
fcntl$lock(0xffffffffffffffff, 0x5, &(0x7f0000000380)={0x1, 0x4, 0x0, 0x80})
open_tree(r2, &(0x7f0000000140)='./file0\x00', 0x0)
ioctl$LOOP_CTL_ADD(r2, 0x4c80, 0x0)
ioctl$F2FS_IOC_RESERVE_COMPRESS_BLOCKS(r1, 0x8008f513, &(0x7f00000000c0))
ioctl$LOOP_CTL_REMOVE(r1, 0x4c81, 0x0)
ioctl$TIOCL_SETVESABLANK(r0, 0x541c, &(0x7f0000000040))
setresuid(0x0, 0xee01, 0x0)
dup(0xffffffffffffffff)
r4 = socket$inet_udplite(0x2, 0x2, 0x88)
getsockopt$sock_cred(r4, 0x1, 0x11, &(0x7f00000001c0)={0x0, <r5=>0x0}, &(0x7f0000000200)=0xc)
setuid(r5)

program crashed: INFO: task hung in blkdev_get_by_dev
testing program (duration=9m0s, {Threaded:true Collide:true Repeat:true RepeatTimes:0 Procs:8 Slowdown:1 Sandbox:none Fault:false FaultCall:-1 FaultNth:0 Leak:false NetInjection:true NetDevices:true NetReset:true Cgroups:true BinfmtMisc:true CloseFDs:true KCSAN:false DevlinkPCI:false USB:false VhciInjection:false Wifi:false IEEE802154:false Sysctl:true UseTmpDir:true HandleSegv:true Repro:true Trace:false}): syz_open_dev$tty20-syz_open_dev$tty20-ioctl$VT_ACTIVATE-openat$loop_ctrl-openat$null-ioctl$LOOP_CTL_ADD-dup3-ioctl$KDFONTOP_GET-fcntl$lock-open_tree-ioctl$LOOP_CTL_ADD-ioctl$F2FS_IOC_RESERVE_COMPRESS_BLOCKS-ioctl$LOOP_CTL_REMOVE-ioctl$TIOCL_SETVESABLANK-setresuid-dup-socket$inet_udplite-getsockopt$sock_cred
detailed listing:
executing program 0:
syz_open_dev$tty20(0xc, 0x4, 0x0)
r0 = syz_open_dev$tty20(0xc, 0x4, 0x1)
ioctl$VT_ACTIVATE(r0, 0x5606, 0x7)
r1 = openat$loop_ctrl(0xffffffffffffff9c, &(0x7f0000000080), 0x0, 0x0)
r2 = openat$null(0xffffffffffffff9c, &(0x7f0000000100), 0xc580, 0x0)
ioctl$LOOP_CTL_ADD(r1, 0x4c80, 0x0)
r3 = dup3(r2, r1, 0x80000)
ioctl$KDFONTOP_GET(r3, 0x4b72, &(0x7f0000000240)={0x1, 0x1, 0x1b, 0x20, 0x9, &(0x7f00000003c0)})
fcntl$lock(0xffffffffffffffff, 0x5, &(0x7f0000000380)={0x1, 0x4, 0x0, 0x80})
open_tree(r2, &(0x7f0000000140)='./file0\x00', 0x0)
ioctl$LOOP_CTL_ADD(r2, 0x4c80, 0x0)
ioctl$F2FS_IOC_RESERVE_COMPRESS_BLOCKS(r1, 0x8008f513, &(0x7f00000000c0))
ioctl$LOOP_CTL_REMOVE(r1, 0x4c81, 0x0)
ioctl$TIOCL_SETVESABLANK(r0, 0x541c, &(0x7f0000000040))
setresuid(0x0, 0xee01, 0x0)
dup(0xffffffffffffffff)
r4 = socket$inet_udplite(0x2, 0x2, 0x88)
getsockopt$sock_cred(r4, 0x1, 0x11, &(0x7f00000001c0), &(0x7f0000000200)=0xc)

program crashed: INFO: task hung in del_gendisk
testing program (duration=9m0s, {Threaded:true Collide:true Repeat:true RepeatTimes:0 Procs:8 Slowdown:1 Sandbox:none Fault:false FaultCall:-1 FaultNth:0 Leak:false NetInjection:true NetDevices:true NetReset:true Cgroups:true BinfmtMisc:true CloseFDs:true KCSAN:false DevlinkPCI:false USB:false VhciInjection:false Wifi:false IEEE802154:false Sysctl:true UseTmpDir:true HandleSegv:true Repro:true Trace:false}): syz_open_dev$tty20-syz_open_dev$tty20-ioctl$VT_ACTIVATE-openat$loop_ctrl-openat$null-ioctl$LOOP_CTL_ADD-dup3-ioctl$KDFONTOP_GET-fcntl$lock-open_tree-ioctl$LOOP_CTL_ADD-ioctl$F2FS_IOC_RESERVE_COMPRESS_BLOCKS-ioctl$LOOP_CTL_REMOVE-ioctl$TIOCL_SETVESABLANK-setresuid-dup-socket$inet_udplite
detailed listing:
executing program 0:
syz_open_dev$tty20(0xc, 0x4, 0x0)
r0 = syz_open_dev$tty20(0xc, 0x4, 0x1)
ioctl$VT_ACTIVATE(r0, 0x5606, 0x7)
r1 = openat$loop_ctrl(0xffffffffffffff9c, &(0x7f0000000080), 0x0, 0x0)
r2 = openat$null(0xffffffffffffff9c, &(0x7f0000000100), 0xc580, 0x0)
ioctl$LOOP_CTL_ADD(r1, 0x4c80, 0x0)
r3 = dup3(r2, r1, 0x80000)
ioctl$KDFONTOP_GET(r3, 0x4b72, &(0x7f0000000240)={0x1, 0x1, 0x1b, 0x20, 0x9, &(0x7f00000003c0)})
fcntl$lock(0xffffffffffffffff, 0x5, &(0x7f0000000380)={0x1, 0x4, 0x0, 0x80})
open_tree(r2, &(0x7f0000000140)='./file0\x00', 0x0)
ioctl$LOOP_CTL_ADD(r2, 0x4c80, 0x0)
ioctl$F2FS_IOC_RESERVE_COMPRESS_BLOCKS(r1, 0x8008f513, &(0x7f00000000c0))
ioctl$LOOP_CTL_REMOVE(r1, 0x4c81, 0x0)
ioctl$TIOCL_SETVESABLANK(r0, 0x541c, &(0x7f0000000040))
setresuid(0x0, 0xee01, 0x0)
dup(0xffffffffffffffff)
socket$inet_udplite(0x2, 0x2, 0x88)

program crashed: INFO: task hung in blkdev_get_by_dev
failed to init instance: failed to create VM: can't ssh into the instance
failed to run ["ssh" "-p" "21060" "-F" "/dev/null" "-o" "UserKnownHostsFile=/dev/null" "-o" "BatchMode=yes" "-o" "IdentitiesOnly=yes" "-o" "StrictHostKeyChecking=no" "-o" "ConnectTimeout=10" "-i" "/root/image/stretch.id_rsa" "-v" "root@localhost" "pwd"]: exit status 255
OpenSSH_8.0p1, OpenSSL 1.1.1k  FIPS 25 Mar 2021
debug1: Reading configuration data /dev/null
debug1: Connecting to localhost [::1] port 21060.
debug1: connect to address ::1 port 21060: Connection refused
debug1: Connecting to localhost [127.0.0.1] port 21060.
debug1: connect to address 127.0.0.1 port 21060: Connection timed out
ssh: connect to host localhost port 21060: Connection timed out
qemu-system-x86_64: -chardev socket,id=SOCKSYZ,server=on,nowait,host=localhost,port=41312: warning: short-form boolean option 'nowait' deprecated
Please use wait=off instead
[    0.000000] Linux version 5.13.0-rc5-t2+ (root@skl06.sh.intel.com) (gcc (GCC) 8.5.0 20210514 (Red Hat 8.5.0-1), GNU ld (GNU Binutils) 2.35.50.20200921) #3 SMP Fri Jun 18 09:11:46 EDT 2021
[    0.000000] Command line: root=/dev/sda console=ttyS0 
[    0.000000] KERNEL supported cpus:
[    0.000000]   Intel GenuineIntel
[    0.000000]   AMD AuthenticAMD
[    0.000000]   Hygon HygonGenuine
[    0.000000]   Centaur CentaurHauls
[    0.000000]   zhaoxin   Shanghai  
[    0.000000] x86/fpu: Supporting XSAVE feature 0x001: 'x87 floating point registers'
[    0.000000] x86/fpu: Supporting XSAVE feature 0x002: 'SSE registers'
[    0.000000] x86/fpu: Supporting XSAVE feature 0x004: 'AVX registers'
[    0.000000] x86/fpu: Supporting XSAVE feature 0x008: 'MPX bounds registers'
[    0.000000] x86/fpu: Supporting XSAVE feature 0x010: 'MPX CSR'
[    0.000000] x86/fpu: xstate_offset[2]:  576, xstate_sizes[2]:  256
[    0.000000] x86/fpu: xstate_offset[3]:  832, xstate_sizes[3]:   64
[    0.000000] x86/fpu: xstate_offset[4]:  896, xstate_sizes[4]:   64
[    0.000000] x86/fpu: Enabled xstate features 0x1f, context size is 960 bytes, using 'compacted' format.
[    0.000000] signal: max sigframe size: 2032
[    0.000000] BIOS-provided physical RAM map:
[    0.000000] BIOS-e820: [mem 0x0000000000000000-0x000000000009fbff] usable
[    0.000000] BIOS-e820: [mem 0x000000000009fc00-0x000000000009ffff] reserved
[    0.000000] BIOS-e820: [mem 0x00000000000f0000-0x00000000000fffff] reserved
[    0.000000] BIOS-e820: [mem 0x0000000000100000-0x000000007ffdffff] usable
[    0.000000] BIOS-e820: [mem 0x000000007ffe0000-0x000000007fffffff] reserved
[    0.000000] BIOS-e820: [mem 0x00000000feffc000-0x00000000feffffff] reserved
[    0.000000] BIOS-e820: [mem 0x00000000fffc0000-0x00000000ffffffff] reserved
[    0.000000] NX (Execute Disable) protection: active
[    0.000000] SMBIOS 2.8 present.
[    0.000000] DMI: QEMU Standard PC (i440FX + PIIX, 1996), BIOS rel-1.14.0-0-g155821a1990b-prebuilt.qemu.org 04/01/2014
[    0.000000] Hypervisor detected: KVM
[    0.000000] kvm-clock: Using msrs 4b564d01 and 4b564d00
[    0.000000] kvm-clock: cpu 0, msr 77401001, primary cpu clock
[    0.000001] kvm-clock: using sched offset of 352907420 cycles
[    0.000009] clocksource: kvm-clock: mask: 0xffffffffffffffff max_cycles: 0x1cd42e4dffb, max_idle_ns: 881590591483 ns
[    0.000019] tsc: Detected 3408.056 MHz processor
[    0.002502] last_pfn = 0x7ffe0 max_arch_pfn = 0x400000000
[    0.002533] x86/PAT: Configuration [0-7]: WB  WC  UC- UC  WB  WP  UC- WT  
[    0.010729] found SMP MP-table at [mem 0x000f5a90-0x000f5a9f]
[    0.010764] Using GB pages for direct mapping
[    0.011260] ACPI: Early table checksum verification disabled
[    0.011280] ACPI: RSDP 0x00000000000F5870 000014 (v00 BOCHS )
[    0.011292] ACPI: RSDT 0x000000007FFE1959 000034 (v01 BOCHS  BXPC     00000001 BXPC 00000001)
[    0.011309] ACPI: FACP 0x000000007FFE1805 000074 (v01 BOCHS  BXPC     00000001 BXPC 00000001)
[    0.011326] ACPI: DSDT 0x000000007FFE0040 0017C5 (v01 BOCHS  BXPC     00000001 BXPC 00000001)
[    0.011338] ACPI: FACS 0x000000007FFE0000 000040
[    0.011348] ACPI: APIC 0x000000007FFE1879 000080 (v01 BOCHS  BXPC     00000001 BXPC 00000001)
[    0.011359] ACPI: HPET 0x000000007FFE18F9 000038 (v01 BOCHS  BXPC     00000001 BXPC 00000001)
[    0.011371] ACPI: WAET 0x000000007FFE1931 000028 (v01 BOCHS  BXPC     00000001 BXPC 00000001)
[    0.011381] ACPI: Reserving FACP table memory at [mem 0x7ffe1805-0x7ffe1878]
[    0.011386] ACPI: Reserving DSDT table memory at [mem 0x7ffe0040-0x7ffe1804]
[    0.011391] ACPI: Reserving FACS table memory at [mem 0x7ffe0000-0x7ffe003f]
[    0.011395] ACPI: Reserving APIC table memory at [mem 0x7ffe1879-0x7ffe18f8]
[    0.011399] ACPI: Reserving HPET table memory at [mem 0x7ffe18f9-0x7ffe1930]
[    0.011403] ACPI: Reserving WAET table memory at [mem 0x7ffe1931-0x7ffe1958]
[    0.011919] No NUMA configuration found
[    0.011923] Faking a node at [mem 0x0000000000000000-0x000000007ffdffff]
[    0.011956] NODE_DATA(0) allocated [mem 0x7ffb5000-0x7ffdffff]
[    0.013652] Zone ranges:
[    0.013655]   DMA      [mem 0x0000000000001000-0x0000000000ffffff]
[    0.013661]   DMA32    [mem 0x0000000001000000-0x000000007ffdffff]
[    0.013666]   Normal   empty
[    0.013670]   Device   empty
[    0.013674] Movable zone start for each node
[    0.013678] Early memory node ranges
[    0.013680]   node   0: [mem 0x0000000000001000-0x000000000009efff]
[    0.013685]   node   0: [mem 0x0000000000100000-0x000000007ffdffff]
[    0.013691] Initmem setup node 0 [mem 0x0000000000001000-0x000000007ffdffff]
[    0.014713]   DMA zone: 28770 pages in unavailable ranges
[    0.026800]   DMA32 zone: 32 pages in unavailable ranges
[    0.070592] kasan: KernelAddressSanitizer initialized
[    0.070911] ACPI: PM-Timer IO Port: 0x608
[    0.070937] ACPI: LAPIC_NMI (acpi_id[0xff] dfl dfl lint[0x1])
[    0.070974] IOAPIC[0]: apic_id 0, version 17, address 0xfec00000, GSI 0-23
[    0.070983] ACPI: INT_SRC_OVR (bus 0 bus_irq 0 global_irq 2 dfl dfl)
[    0.070989] ACPI: INT_SRC_OVR (bus 0 bus_irq 5 global_irq 5 high level)
[    0.070993] ACPI: INT_SRC_OVR (bus 0 bus_irq 9 global_irq 9 high level)
[    0.071001] ACPI: INT_SRC_OVR (bus 0 bus_irq 10 global_irq 10 high level)
[    0.071006] ACPI: INT_SRC_OVR (bus 0 bus_irq 11 global_irq 11 high level)
[    0.071026] Using ACPI (MADT) for SMP configuration information
[    0.071030] ACPI: HPET id: 0x8086a201 base: 0xfed00000
[    0.071039] TSC deadline timer available
[    0.071046] smpboot: Allowing 2 CPUs, 0 hotplug CPUs
[    0.071067] kvm-guest: KVM setup pv remote TLB flush
[    0.071071] kvm-guest: setup PV sched yield
[    0.071101] PM: hibernation: Registered nosave memory: [mem 0x00000000-0x00000fff]
[    0.071107] PM: hibernation: Registered nosave memory: [mem 0x0009f000-0x0009ffff]
[    0.071111] PM: hibernation: Registered nosave memory: [mem 0x000a0000-0x000effff]
[    0.071114] PM: hibernation: Registered nosave memory: [mem 0x000f0000-0x000fffff]
[    0.071119] [mem 0x80000000-0xfeffbfff] available for PCI devices
[    0.071123] Booting paravirtualized kernel on KVM
[    0.071134] clocksource: refined-jiffies: mask: 0xffffffff max_cycles: 0xffffffff, max_idle_ns: 1910969940391419 ns
[    0.087937] setup_percpu: NR_CPUS:8192 nr_cpumask_bits:2 nr_cpu_ids:2 nr_node_ids:1
[    0.088216] percpu: Embedded 65 pages/cpu s229376 r8192 d28672 u1048576
[    0.088301] kvm-guest: setup async PF for cpu 0
[    0.088307] kvm-guest: stealtime: cpu 0, msr 58637080
[    0.088313] kvm-guest: PV spinlocks enabled
[    0.088319] PV qspinlock hash table entries: 256 (order: 0, 4096 bytes, linear)
[    0.088331] Built 1 zonelists, mobility grouping on.  Total pages: 515808
[    0.088335] Policy zone: DMA32
[    0.088339] Kernel command line: root=/dev/sda console=ttyS0 
[    0.088516] Dentry cache hash table entries: 262144 (order: 9, 2097152 bytes, linear)
[    0.088665] Inode-cache hash table entries: 131072 (order: 8, 1048576 bytes, linear)
[    0.088730] mem auto-init: stack:off, heap alloc:off, heap free:off
[    0.113971] Memory: 1438720K/2096632K available (51215K kernel code, 11055K rwdata, 11232K rodata, 3792K init, 7020K bss, 657656K reserved, 0K cma-reserved)
[    0.113992] random: get_random_u64 called from __kmem_cache_create+0x26/0x430 with crng_init=0
[    0.114308] SLUB: HWalign=64, Order=0-3, MinObjects=0, CPUs=2, Nodes=1
[    0.114337] Kernel/User page tables isolation: enabled
[    0.114387] ftrace: allocating 59293 entries in 232 pages
[    0.157899] ftrace: allocated 232 pages with 4 groups
[    0.158265] rcu: Hierarchical RCU implementation.
[    0.158269] rcu: 	RCU event tracing is enabled.
[    0.158272] rcu: 	RCU restricting CPUs from NR_CPUS=8192 to nr_cpu_ids=2.
[    0.158276] 	Trampoline variant of Tasks RCU enabled.
[    0.158279] 	Rude variant of Tasks RCU enabled.
[    0.158281] 	Tracing variant of Tasks RCU enabled.
[    0.158283] rcu: RCU calculated value of scheduler-enlistment delay is 100 jiffies.
[    0.158287] rcu: Adjusting geometry for rcu_fanout_leaf=16, nr_cpu_ids=2
[    0.174018] NR_IRQS: 524544, nr_irqs: 440, preallocated irqs: 16
[    0.178791] Console: colour VGA+ 80x25
[    0.276200] printk: console [ttyS0] enabled
[    0.276780] ACPI: Core revision 20210331
[    0.277575] clocksource: hpet: mask: 0xffffffff max_cycles: 0xffffffff, max_idle_ns: 19112604467 ns
[    0.278816] APIC: Switch to symmetric I/O mode setup
[    0.279898] x2apic enabled
[    0.280535] Switched APIC routing to physical x2apic.
[    0.281235] kvm-guest: setup PV IPIs
[    0.282886] ..TIMER: vector=0x30 apic1=0 pin1=2 apic2=-1 pin2=-1
[    0.283670] clocksource: tsc-early: mask: 0xffffffffffffffff max_cycles: 0x312008d3c19, max_idle_ns: 440795240194 ns
[    0.285081] Calibrating delay loop (skipped) preset value.. 6816.11 BogoMIPS (lpj=3408056)
[    0.286065] pid_max: default: 32768 minimum: 301
[    0.287239] LSM: Security Framework initializing
[    0.287824] Yama: becoming mindful.
[    0.288290] Mount-cache hash table entries: 4096 (order: 3, 32768 bytes, linear)
[    0.289069] Mountpoint-cache hash table entries: 4096 (order: 3, 32768 bytes, linear)
[    0.291468] x86/cpu: User Mode Instruction Prevention (UMIP) activated
[    0.292174] Last level iTLB entries: 4KB 0, 2MB 0, 4MB 0
[    0.293065] Last level dTLB entries: 4KB 0, 2MB 0, 4MB 0, 1GB 0
[    0.293846] Spectre V1 : Mitigation: usercopy/swapgs barriers and __user pointer sanitization
[    0.294065] Spectre V2 : Mitigation: Full generic retpoline
[    0.295065] Spectre V2 : Spectre v2 / SpectreRSB mitigation: Filling RSB on context switch
[    0.296065] Spectre V2 : Enabling Restricted Speculation for firmware calls
[    0.297066] Spectre V2 : mitigation: Enabling conditional Indirect Branch Prediction Barrier
[    0.298065] Speculative Store Bypass: Mitigation: Speculative Store Bypass disabled via prctl and seccomp
[    0.299068] TAA: Mitigation: Clear CPU buffers
[    0.299717] SRBDS: Unknown: Dependent on hypervisor status
[    0.300066] MDS: Mitigation: Clear CPU buffers
[    0.315450] Freeing SMP alternatives memory: 48K
[    0.316251] smpboot: CPU0: Intel(R) Core(TM) i7-6700 CPU @ 3.40GHz (family: 0x6, model: 0x5e, stepping: 0x3)
[    0.317463] Performance Events: Skylake events, 32-deep LBR, full-width counters, Intel PMU driver.
[    0.319069] ... version:                2
[    0.319594] ... bit width:              48
[    0.320066] ... generic registers:      4
[    0.320652] ... value mask:             0000ffffffffffff
[    0.321066] ... max period:             00007fffffffffff
[    0.321760] ... fixed-purpose events:   3
[    0.322078] ... event mask:             000000070000000f
[    0.322979] rcu: Hierarchical SRCU implementation.
[    0.325323] smp: Bringing up secondary CPUs ...
[    0.326191] x86: Booting SMP configuration:
[    0.326675] .... node  #0, CPUs:      #1
[    0.107747] kvm-clock: cpu 1, msr 77401041, secondary cpu clock
[    0.107747] smpboot: CPU 1 Converting physical 0 to logical die 1
[    0.330091] kvm-guest: setup async PF for cpu 1
[    0.330799] kvm-guest: stealtime: cpu 1, msr 58737080
[    0.331101] smp: Brought up 1 node, 2 CPUs
[    0.332084] smpboot: Max logical packages: 2
[    0.332614] smpboot: Total of 2 processors activated (13632.22 BogoMIPS)
[    0.334068] devtmpfs: initialized
[    0.335105] x86/mm: Memory block size: 128MB
[    0.340372] clocksource: jiffies: mask: 0xffffffff max_cycles: 0xffffffff, max_idle_ns: 1911260446275000 ns
[    0.341070] futex hash table entries: 512 (order: 3, 32768 bytes, linear)
[    0.342227] pinctrl core: initialized pinctrl subsystem
[    0.343624] 
[    0.343833] *************************************************************
[    0.344066] **     NOTICE NOTICE NOTICE NOTICE NOTICE NOTICE NOTICE    **
[    0.345066] **                                                         **
[    0.346016] **  IOMMU DebugFS SUPPORT HAS BEEN ENABLED IN THIS KERNEL  **
[    0.346065] **                                                         **
[    0.346980] ** This means that this kernel is built to expose internal **
[    0.347078] ** IOMMU data structures, which may compromise security on **
[    0.348027] ** your system.                                            **
[    0.348065] **                                                         **
[    0.348929] ** If you see this message and you are not debugging the   **
[    0.349065] ** kernel, report this immediately to your vendor!         **
[    0.349978] **                                                         **
[    0.350066] **     NOTICE NOTICE NOTICE NOTICE NOTICE NOTICE NOTICE    **
[    0.351020] *************************************************************
[    0.351149] PM: RTC time: 18:34:51, date: 2021-06-19
[    0.352380] NET: Registered protocol family 16
[    0.353441] DMA: preallocated 256 KiB GFP_KERNEL pool for atomic allocations
[    0.354092] DMA: preallocated 256 KiB GFP_KERNEL|GFP_DMA pool for atomic allocations
[    0.355111] DMA: preallocated 256 KiB GFP_KERNEL|GFP_DMA32 pool for atomic allocations
[    0.356146] audit: initializing netlink subsys (disabled)
[    0.356928] audit: type=2000 audit(1624127691.803:1): state=initialized audit_enabled=0 res=1
[    0.358063] thermal_sys: Registered thermal governor 'fair_share'
[    0.358069] thermal_sys: Registered thermal governor 'bang_bang'
[    0.358916] thermal_sys: Registered thermal governor 'step_wise'
[    0.359068] thermal_sys: Registered thermal governor 'user_space'
[    0.359850] cpuidle: using governor ladder
[    0.360573] cpuidle: using governor menu
[    0.361238] ACPI: bus type PCI registered
[    0.361698] acpiphp: ACPI Hot Plug PCI Controller Driver version: 0.5
[    0.362463] PCI: Using configuration type 1 for base access
[    0.379914] Kprobes globally optimized
[    0.380182] HugeTLB registered 1.00 GiB page size, pre-allocated 0 pages
[    0.381085] HugeTLB registered 2.00 MiB page size, pre-allocated 0 pages
[    0.382258] cryptomgr_test (32) used greatest stack depth: 30576 bytes left
[    0.385112] cryptomgr_test (64) used greatest stack depth: 30072 bytes left
[    0.388264] ACPI: Added _OSI(Module Device)
[    0.388891] ACPI: Added _OSI(Processor Device)
[    0.389079] ACPI: Added _OSI(3.0 _SCP Extensions)
[    0.389659] ACPI: Added _OSI(Processor Aggregator Device)
[    0.390090] ACPI: Added _OSI(Linux-Dell-Video)
[    0.390623] ACPI: Added _OSI(Linux-Lenovo-NV-HDMI-Audio)
[    0.391106] ACPI: Added _OSI(Linux-HPI-Hybrid-Graphics)
[    0.410606] ACPI: 1 ACPI AML tables successfully acquired and loaded
[    0.416427] ACPI: Interpreter enabled
[    0.417025] ACPI: (supports S0 S3 S4 S5)
[    0.417071] ACPI: Using IOAPIC for interrupt routing
[    0.417841] PCI: Using host bridge windows from ACPI; if necessary, use "pci=nocrs" and report a bug
[    0.419263] ACPI: Enabled 2 GPEs in block 00 to 0F
[    0.453017] ACPI: PCI Root Bridge [PCI0] (domain 0000 [bus 00-ff])
[    0.453106] acpi PNP0A03:00: _OSC: OS supports [ASPM ClockPM Segments MSI EDR HPX-Type3]
[    0.454230] acpi PNP0A03:00: fail to add MMCONFIG information, can't access extended PCI configuration space under this bridge.
[    0.458484] acpiphp: Slot [3] registered
[    0.459209] acpiphp: Slot [4] registered
[    0.459923] acpiphp: Slot [5] registered
[    0.460253] acpiphp: Slot [6] registered
[    0.460931] acpiphp: Slot [7] registered
[    0.461247] acpiphp: Slot [8] registered
[    0.461906] acpiphp: Slot [9] registered
[    0.462241] acpiphp: Slot [10] registered
[    0.463005] acpiphp: Slot [11] registered
[    0.463251] acpiphp: Slot [12] registered
[    0.464005] acpiphp: Slot [13] registered
[    0.464243] acpiphp: Slot [14] registered
[    0.465024] acpiphp: Slot [15] registered
[    0.465243] acpiphp: Slot [16] registered
[    0.466067] acpiphp: Slot [17] registered
[    0.467075] acpiphp: Slot [18] registered
[    0.468070] acpiphp: Slot [19] registered
[    0.468971] acpiphp: Slot [20] registered
[    0.469245] acpiphp: Slot [21] registered
[    0.469892] acpiphp: Slot [22] registered
[    0.470250] acpiphp: Slot [23] registered
[    0.470944] acpiphp: Slot [24] registered
[    0.471259] acpiphp: Slot [25] registered
[    0.472037] acpiphp: Slot [26] registered
[    0.472263] acpiphp: Slot [27] registered
[    0.472997] acpiphp: Slot [28] registered
[    0.473240] acpiphp: Slot [29] registered
[    0.473954] acpiphp: Slot [30] registered
[    0.474300] acpiphp: Slot [31] registered
[    0.474957] PCI host bridge to bus 0000:00
[    0.475071] pci_bus 0000:00: root bus resource [io  0x0000-0x0cf7 window]
[    0.476061] pci_bus 0000:00: root bus resource [io  0x0d00-0xffff window]
[    0.476997] pci_bus 0000:00: root bus resource [mem 0x000a0000-0x000bffff window]
[    0.477069] pci_bus 0000:00: root bus resource [mem 0x80000000-0xfebfffff window]
[    0.478044] pci_bus 0000:00: root bus resource [mem 0x100000000-0x17fffffff window]
[    0.478070] pci_bus 0000:00: root bus resource [bus 00-ff]
[    0.478846] pci 0000:00:00.0: [8086:1237] type 00 class 0x060000
[    0.491396] pci 0000:00:01.0: [8086:7000] type 00 class 0x060100
[    0.494210] pci 0000:00:01.1: [8086:7010] type 00 class 0x010180
[    0.496465] pci 0000:00:01.1: reg 0x20: [io  0xc060-0xc06f]
[    0.497795] pci 0000:00:01.1: legacy IDE quirk: reg 0x10: [io  0x01f0-0x01f7]
[    0.498067] pci 0000:00:01.1: legacy IDE quirk: reg 0x14: [io  0x03f6]
[    0.498881] pci 0000:00:01.1: legacy IDE quirk: reg 0x18: [io  0x0170-0x0177]
[    0.499067] pci 0000:00:01.1: legacy IDE quirk: reg 0x1c: [io  0x0376]
[    0.500983] pci 0000:00:01.3: [8086:7113] type 00 class 0x068000
[    0.501537] pci 0000:00:01.3: quirk: [io  0x0600-0x063f] claimed by PIIX4 ACPI
[    0.502088] pci 0000:00:01.3: quirk: [io  0x0700-0x070f] claimed by PIIX4 SMB
[    0.504369] pci 0000:00:02.0: [1234:1111] type 00 class 0x030000
[    0.506103] pci 0000:00:02.0: reg 0x10: [mem 0xfd000000-0xfdffffff pref]
[    0.507945] pci 0000:00:02.0: reg 0x18: [mem 0xfebf0000-0xfebf0fff]
[    0.510837] pci 0000:00:02.0: reg 0x30: [mem 0xfebe0000-0xfebeffff pref]
[    0.524393] pci 0000:00:03.0: [1af4:1005] type 00 class 0x00ff00
[    0.525809] pci 0000:00:03.0: reg 0x10: [io  0xc040-0xc05f]
[    0.528067] pci 0000:00:03.0: reg 0x20: [mem 0xfe000000-0xfe003fff 64bit pref]
[    0.541867] pci 0000:00:04.0: [8086:100e] type 00 class 0x020000
[    0.542621] pci 0000:00:04.0: reg 0x10: [mem 0xfebc0000-0xfebdffff]
[    0.543585] pci 0000:00:04.0: reg 0x14: [io  0xc000-0xc03f]
[    0.547070] pci 0000:00:04.0: reg 0x30: [mem 0xfeb80000-0xfebbffff pref]
[    0.566841] ACPI: PCI: Interrupt link LNKA configured for IRQ 10
[    0.568275] ACPI: PCI: Interrupt link LNKB configured for IRQ 10
[    0.570097] ACPI: PCI: Interrupt link LNKC configured for IRQ 11
[    0.572023] ACPI: PCI: Interrupt link LNKD configured for IRQ 11
[    0.572620] ACPI: PCI: Interrupt link LNKS configured for IRQ 9
[    0.575749] iommu: Default domain type: Translated 
[    0.576227] pci 0000:00:02.0: vgaarb: setting as boot VGA device
[    0.576792] pci 0000:00:02.0: vgaarb: VGA device added: decodes=io+mem,owns=io+mem,locks=none
[    0.577069] pci 0000:00:02.0: vgaarb: bridge control possible
[    0.577859] vgaarb: loaded
[    0.579429] SCSI subsystem initialized
[    0.580294] ACPI: bus type USB registered
[    0.581002] usbcore: registered new interface driver usbfs
[    0.581261] usbcore: registered new interface driver hub
[    0.582062] usbcore: registered new device driver usb
[    0.582285] pps_core: LinuxPPS API ver. 1 registered
[    0.583017] pps_core: Software ver. 5.3.6 - Copyright 2005-2007 Rodolfo Giometti <giometti@linux.it>
[    0.583127] PTP clock support registered
[    0.583751] EDAC MC: Ver: 3.0.0
[    0.585763] NetLabel: Initializing
[    0.586066] NetLabel:  domain hash size = 128
[    0.586705] NetLabel:  protocols = UNLABELED CIPSOv4 CALIPSO
[    0.587217] NetLabel:  unlabeled traffic allowed by default
[    0.588118] PCI: Using ACPI for IRQ routing
[    0.588885] hpet0: at MMIO 0xfed00000, IRQs 2, 8, 0
[    0.589806] hpet0: 3 comparators, 64-bit 100.000000 MHz counter
[    0.594190] clocksource: Switched to clocksource kvm-clock
[    0.752136] VFS: Disk quotas dquot_6.6.0
[    0.752834] VFS: Dquot-cache hash table entries: 512 (order 0, 4096 bytes)
[    0.754154] pnp: PnP ACPI init
[    0.758077] pnp: PnP ACPI: found 6 devices
[    0.772910] clocksource: acpi_pm: mask: 0xffffff max_cycles: 0xffffff, max_idle_ns: 2085701024 ns
[    0.774340] NET: Registered protocol family 2
[    0.775046] IP idents hash table entries: 32768 (order: 6, 262144 bytes, linear)
[    0.777178] tcp_listen_portaddr_hash hash table entries: 1024 (order: 2, 16384 bytes, linear)
[    0.778399] TCP established hash table entries: 16384 (order: 5, 131072 bytes, linear)
[    0.779494] TCP bind hash table entries: 16384 (order: 6, 262144 bytes, linear)
[    0.780649] TCP: Hash tables configured (established 16384 bind 16384)
[    0.781812] UDP hash table entries: 1024 (order: 3, 32768 bytes, linear)
[    0.782851] UDP-Lite hash table entries: 1024 (order: 3, 32768 bytes, linear)
[    0.783922] NET: Registered protocol family 1
[    0.784526] pci_bus 0000:00: resource 4 [io  0x0000-0x0cf7 window]
[    0.785309] pci_bus 0000:00: resource 5 [io  0x0d00-0xffff window]
[    0.786014] pci_bus 0000:00: resource 6 [mem 0x000a0000-0x000bffff window]
[    0.786859] pci_bus 0000:00: resource 7 [mem 0x80000000-0xfebfffff window]
[    0.787691] pci_bus 0000:00: resource 8 [mem 0x100000000-0x17fffffff window]
[    0.788906] pci 0000:00:01.0: PIIX3: Enabling Passive Release
[    0.789629] pci 0000:00:00.0: Limiting direct PCI/PCI transfers
[    0.790367] pci 0000:00:01.0: Activating ISA DMA hang workarounds
[    0.791331] pci 0000:00:02.0: Video device with shadowed ROM at [mem 0x000c0000-0x000dffff]
[    0.792627] PCI: CLS 0 bytes, default 64
[    0.793287] clocksource: tsc: mask: 0xffffffffffffffff max_cycles: 0x312008d3c19, max_idle_ns: 440795240194 ns
[    0.794799] clocksource: Switched to clocksource tsc
[    0.798341] Initialise system trusted keyrings
[    0.799119] Key type blacklist registered
[    0.799822] workingset: timestamp_bits=36 max_order=19 bucket_order=0
[    0.812100] zbud: loaded
[    0.817000] squashfs: version 4.0 (2009/01/31) Phillip Lougher
[    0.819708] fuse: init (API version 7.33)
[    0.820812] SGI XFS with ACLs, security attributes, realtime, quota, no debug enabled
[    0.830693] Key type asymmetric registered
[    0.831348] Asymmetric key parser 'x509' registered
[    0.832111] Block layer SCSI generic (bsg) driver version 0.4 loaded (major 244)
[    0.833368] io scheduler mq-deadline registered
[    0.834212] io scheduler bfq registered
[    0.835807] shpchp: Standard Hot Plug PCI Controller Driver version: 0.4
[    0.837071] IPMI message handler: version 39.2
[    0.837729] ipmi device interface
[    0.838326] ipmi_si: IPMI System Interface driver
[    0.839244] ipmi_si: Unable to find any System Interface(s)
[    0.840061] ipmi_ssif: IPMI SSIF Interface driver
[    0.840846] IPMI Watchdog: driver initialized
[    0.841468] IPMI poweroff: Copyright (C) 2004 MontaVista Software - IPMI Powerdown via sys_reboot
[    0.843552] input: Power Button as /devices/LNXSYSTM:00/LNXPWRBN:00/input/input0
[    0.845169] ACPI: button: Power Button [PWRF]
[    0.846672] ERST DBG: ERST support is disabled.
[    1.899244] ACPI: \_SB_.LNKC: Enabled at IRQ 11
[    1.901363] Serial: 8250/16550 driver, 32 ports, IRQ sharing enabled
[    1.902798] 00:04: ttyS0 at I/O 0x3f8 (irq = 4, base_baud = 115200) is a 16550A
[    1.917362] Linux agpgart interface v0.103
[    1.929240] loop: module loaded
[    1.934265] scsi host0: ata_piix
[    1.935672] scsi host1: ata_piix
[    1.936370] ata1: PATA max MWDMA2 cmd 0x1f0 ctl 0x3f6 bmdma 0xc060 irq 14
[    1.937206] ata2: PATA max MWDMA2 cmd 0x170 ctl 0x376 bmdma 0xc068 irq 15
[    1.938996] libphy: Fixed MDIO Bus: probed
[    1.939536] tun: Universal TUN/TAP device driver, 1.6
[    1.940563] e100: Intel(R) PRO/100 Network Driver
[    1.941133] e100: Copyright(c) 1999-2006 Intel Corporation
[    1.941876] e1000: Intel(R) PRO/1000 Network Driver
[    1.942554] e1000: Copyright (c) 1999-2006 Intel Corporation.
[    2.097280] ata1.00: ATA-7: QEMU HARDDISK, 2.5+, max UDMA/100
[    2.098128] ata1.00: 4194304 sectors, multi 16: LBA48 
[    2.098932] ata2.00: ATAPI: QEMU DVD-ROM, 2.5+, max UDMA/100
[    2.100866] scsi 0:0:0:0: Direct-Access     ATA      QEMU HARDDISK    2.5+ PQ: 0 ANSI: 5
[    2.102701] scsi 0:0:0:0: Attached scsi generic sg0 type 0
[    2.103966] scsi 1:0:0:0: CD-ROM            QEMU     QEMU DVD-ROM     2.5+ PQ: 0 ANSI: 5
[    2.106024] scsi 1:0:0:0: Attached scsi generic sg1 type 5
[    2.107241] sd 0:0:0:0: [sda] 4194304 512-byte logical blocks: (2.15 GB/2.00 GiB)
[    2.108232] sd 0:0:0:0: [sda] Write Protect is off
[    2.108894] sd 0:0:0:0: [sda] Write cache: enabled, read cache: enabled, doesn't support DPO or FUA
[    2.117256] sd 0:0:0:0: [sda] Attached SCSI disk
[    3.029488] ACPI: \_SB_.LNKD: Enabled at IRQ 10
[    3.331097] e1000 0000:00:04.0 eth0: (PCI:33MHz:32-bit) 52:54:00:12:34:56
[    3.332020] e1000 0000:00:04.0 eth0: Intel(R) PRO/1000 Network Connection
[    3.333172] e1000e: Intel(R) PRO/1000 Network Driver
[    3.333916] e1000e: Copyright(c) 1999 - 2015 Intel Corporation.
[    3.334686] igb: Intel(R) Gigabit Ethernet Network Driver
[    3.335465] igb: Copyright (c) 2007-2014 Intel Corporation.
[    3.336211] PPP generic driver version 2.4.2
[    3.337336] VFIO - User Level meta-driver version: 0.3
[    3.338221] ehci_hcd: USB 2.0 'Enhanced' Host Controller (EHCI) Driver
[    3.339101] ehci-pci: EHCI PCI platform driver
[    3.339700] ehci-platform: EHCI generic platform driver
[    3.340413] ohci_hcd: USB 1.1 'Open' Host Controller (OHCI) Driver
[    3.341157] ohci-pci: OHCI PCI platform driver
[    3.341748] ohci-platform: OHCI generic platform driver
[    3.342483] uhci_hcd: USB Universal Host Controller Interface driver
[    3.343975] usbcore: registered new interface driver uas
[    3.344836] usbcore: registered new interface driver usb-storage
[    3.345837] i8042: PNP: PS/2 Controller [PNP0303:KBD,PNP0f13:MOU] at 0x60,0x64 irq 1,12
[    3.347789] serio: i8042 KBD port at 0x60,0x64 irq 1
[    3.348443] serio: i8042 AUX port at 0x60,0x64 irq 12
[    3.349827] mousedev: PS/2 mouse device common for all mice
[    3.351226] rtc_cmos 00:05: RTC can wake from S4
[    3.351325] input: AT Translated Set 2 keyboard as /devices/platform/i8042/serio0/input/input1
[    3.353818] rtc_cmos 00:05: registered as rtc0
[    3.354831] rtc_cmos 00:05: setting system clock to 2021-06-19T18:34:54 UTC (1624127694)
[    3.356216] rtc_cmos 00:05: alarms up to one day, y3k, 242 bytes nvram, hpet irqs
[    3.357366] i2c /dev entries driver
[    3.358095] device-mapper: uevent: version 1.0.3
[    3.359371] device-mapper: ioctl: 4.45.0-ioctl (2021-03-22) initialised: dm-devel@redhat.com
[    3.360976] intel_pstate: CPU model not supported
[    3.361721] sdhci: Secure Digital Host Controller Interface driver
[    3.362570] sdhci: Copyright(c) Pierre Ossman
[    3.363205] sdhci-pltfm: SDHCI platform and OF driver helper
[    3.364013] ledtrig-cpu: registered to indicate activity on CPUs
[    3.365120] intel_pmc_core intel_pmc_core.0:  initialized
[    3.365838] drop_monitor: Initializing network drop monitor service
[    3.367466] NET: Registered protocol family 10
[    3.369680] kworker/u4:0 (113) used greatest stack depth: 28512 bytes left
[    3.371690] Segment Routing with IPv6
[    3.372303] NET: Registered protocol family 17
[    3.373150] 9pnet: Installing 9P2000 support
[    3.373787] Key type dns_resolver registered
[    3.375042] IPI shorthand broadcast: enabled
[    3.375749] sched_clock: Marking stable (3268932433, 106747379)->(3447970470, -72290658)
[    3.377423] registered taskstats version 1
[    3.377957] Loading compiled-in X.509 certificates
[    3.378860] zswap: loaded using pool lzo/zbud
[    3.380032] Key type ._fscrypt registered
[    3.380669] Key type .fscrypt registered
[    3.381244] Key type fscrypt-provisioning registered
[    3.382688] Key type encrypted registered
[    3.383303] ima: No TPM chip found, activating TPM-bypass!
[    3.384112] ima: Allocated hash algorithm: sha1
[    3.384770] ima: No architecture policies found
[    3.385531] evm: Initialising EVM extended attributes:
[    3.386240] evm: security.selinux
[    3.386705] evm: security.SMACK64
[    3.387265] evm: security.SMACK64EXEC
[    3.387728] evm: security.SMACK64TRANSMUTE
[    3.388233] evm: security.SMACK64MMAP
[    3.388766] evm: security.apparmor
[    3.389250] evm: security.ima
[    3.389653] evm: security.capability
[    3.390261] evm: HMAC attrs: 0x1
[    3.393002] PM:   Magic number: 9:367:595
[    3.393963] RAS: Correctable Errors collector initialized.
[    3.395021] md: Waiting for all devices to be available before autodetect
[    3.395823] md: If you don't use raid, use raid=noautodetect
[    3.396473] md: Autodetecting RAID arrays.
[    3.396939] md: autorun ...
[    3.397272] md: ... autorun DONE.
[    3.400392] EXT4-fs (sda): INFO: recovery required on readonly filesystem
[    3.401218] EXT4-fs (sda): write access will be enabled during recovery
[    3.453415] EXT4-fs (sda): recovery complete
[    3.454745] EXT4-fs (sda): mounted filesystem with ordered data mode. Opts: (null). Quota mode: none.
[    3.456022] VFS: Mounted root (ext4 filesystem) readonly on device 8:0.
[    3.457273] devtmpfs: mounted
[    3.463446] Freeing unused decrypted memory: 2036K
[    3.465429] Freeing unused kernel image (initmem) memory: 3792K
[    3.466644] Write protecting the kernel read-only data: 65536k
[    3.468818] Freeing unused kernel image (text/rodata gap) memory: 2032K
[    3.470072] Freeing unused kernel image (rodata/data gap) memory: 1056K
[    3.551278] x86/mm: Checked W+X mappings: passed, no W+X pages found.
[    3.552230] x86/mm: Checking user space page tables
[    3.630328] x86/mm: Checked W+X mappings: passed, no W+X pages found.
[    3.631520] Run /sbin/init as init process
[    3.639069] random: fast init done
[    3.682425] random: systemd: uninitialized urandom read (16 bytes read)
[    3.684989] random: systemd: uninitialized urandom read (16 bytes read)
[    3.686019] random: systemd: uninitialized urandom read (16 bytes read)
[    3.695364] systemd[1]: systemd 232 running in system mode. (+PAM +AUDIT +SELINUX +IMA +APPARMOR +SMACK +SYSVINIT +UTMP +LIBCRYPTSETUP +GCRYPT +GNUTLS +ACL +XZ +LZ4 +SECCOMP +BLKID +ELFUTILS +KMOD +IDN)
[    3.698352] systemd[1]: Detected virtualization qemu.
[    3.699120] systemd[1]: Detected architecture x86-64.

Welcome to [1mDebian GNU/Linux 9 (stretch)[0m!

[    3.703686] systemd[1]: Set hostname to <syzkaller>.
[    3.727455] systemd-cryptse (138) used greatest stack depth: 26328 bytes left
[    3.740869] systemd-getty-g (143) used greatest stack depth: 26112 bytes left
[    3.744618] selinux-autorel (133) used greatest stack depth: 26032 bytes left
[    3.803698] systemd[1]: proc-sys-fs-binfmt_misc.automount: Cannot add dependency job, ignoring: Unit proc-sys-fs-binfmt_misc.automount is masked.
[    3.805915] systemd[1]: Reached target Remote File Systems.
[[0;32m  OK  [0m] Reached target Remote File Systems.
[    3.807615] systemd[1]: Listening on udev Control Socket.
[[0;32m  OK  [0m] Listening on udev Control Socket.
[    3.809213] systemd[1]: Started Forward Password Requests to Wall Directory Watch.
[[0;32m  OK  [0m] Started Forward Password Requests to Wall Directory Watch.
[    3.810916] systemd[1]: Reached target Swap.
[[0;32m  OK  [0m] Reached target Swap.
[    3.812142] systemd[1]: Listening on Journal Socket (/dev/log).
[[0;32m  OK  [0m] Listening on Journal Socket (/dev/log).
[[0;32m  OK  [0m] Listening on Syslog Socket.
[[0;32m  OK  [0m] Listening on /dev/initctl Compatibility Named Pipe.
[[0;32m  OK  [0m] Listening on Journal Socket.
[[0;32m  OK  [0m] Listening on udev Kernel Socket.
[[0;32m  OK  [0m] Listening on Journal Audit Socket.
[[0;32m  OK  [0m] Reached target Sockets.
[[0;32m  OK  [0m] Created slice System Slice.
         Starting Remount Root and Kernel File Systems...
         Mounting POSIX Message Queue File System...
         Mounting /sys/kernel/debug...
         Starting Load Kernel Modules...
         Mounting Huge Pages File System...
[    3.841190] EXT4-fs (sda): re-mounted. Opts: (null). Quota mode: none.
         Mounting /sys/kernel/config...
[[0;32m  OK  [0m] Reached target Slices.
[[0;32m  OK  [0m] Created slice system-getty.slice.
         Starting Create Static Device Nodes in /dev...
[[0;32m  OK  [0m] Created slice system-serial\x2dgetty.slice.
         Starting Journal Service...
         Mounting /proc/sys/fs/binfmt_misc...
[[0;32m  OK  [0m] Started Dispatch Password Requests to Console Directory Watch.
[[0;32m  OK  [0m] Reached target Paths.
[[0;32m  OK  [0m] Reached target Encrypted Volumes.
[[0;32m  OK  [0m] Mounted POSIX Message Queue File System.
[[0;32m  OK  [0m] Mounted Huge Pages File System.
[[0;32m  OK  [0m] Mounted /sys/kernel/debug.
[[0;32m  OK  [0m] Mounted /sys/kernel/config.
[[0;32m  OK  [0m] Mounted /proc/sys/fs/binfmt_misc.
[[0;32m  OK  [0m] Started Remount Root and Kernel File Systems.
[[0;32m  OK  [0m] Started Load Kernel Modules.
[[0;32m  OK  [0m] Started Create Static Device Nodes in /dev.
         Starting udev Kernel Device Manager...
         Mounting FUSE Control File System...
         Starting Apply Kernel Variables...
[[0;32m  OK  [0m] Reached target Local File Systems (Pre).
         Starting Load/Save Random Seed...
         Starting udev Coldplug all Devices...
[[0;32m  OK  [0m] Reached target Local File Systems.
         Starting Mark the need to relabel after reboot...
[[0;32m  OK  [0m] Mounted FUSE Control File System.
[[0;32m  OK  [0m] Started udev Kernel Device Manager.
[[0;32m  OK  [0m] Started Journal Service.
[[0;32m  OK  [0m] Started Apply Kernel Variables.
[[0;32m  OK  [0m] Started Load/Save Random Seed.
[[0;32m  OK  [0m] Started Mark the need to relabel after reboot.
         Starting Raise network interfaces...
         Starting Flush Journal to Persistent Storage...
[    4.016153] systemd-journald[158]: Received request to flush runtime journal from PID 1
[[0;32m  OK  [0m] Started Flush Journal to Persistent Storage.
         Starting Create Volatile Files and Directories...
[    4.060056] systemd-tmpfile (194) used greatest stack depth: 25608 bytes left
[[0;32m  OK  [0m] Started Create Volatile Files and Directories.
         Starting Network Time Synchronization...
         Starting Update UTMP about System Boot/Shutdown...
[[0;32m  OK  [0m] Started Update UTMP about System Boot/Shutdown.
[[0;32m  OK  [0m] Started Network Time Synchronization.
[[0;32m  OK  [0m] Reached target System Time Synchronized.
[[0;32m  OK  [0m] Started udev Coldplug all Devices.
[[0;32m  OK  [0m] Reached target System Initialization.
[[0;32m  OK  [0m] Started Daily Cleanup of Temporary Directories.
[[0;32m  OK  [0m] Started Daily apt download activities.
[[0;32m  OK  [0m] Started Daily apt upgrade and clean activities.
[[0;32m  OK  [0m] Reached target Timers.
[[0;32m  OK  [0m] Reached target Basic System.
         Starting getty on tty2-tty6 if dbus and logind are not available...
[[0;32m  OK  [0m] Started Regular background program processing daemon.
         Starting System Logging Service...
[[0;32m  OK  [0m] Started System Logging Service.
[[0;32m  OK  [0m] Started getty on tty2-tty6 if dbus and logind are not available.
[    4.313046] e1000 0000:00:04.0 ens4: renamed from eth0
[[0;32m  OK  [0m] Found device /dev/ttyS0.
[[0;32m  OK  [0m] Listening on Load/Save RF Kill Switch Status /dev/rfkill Watch.
[    4.523588] dhclient (240) used greatest stack depth: 25552 bytes left
[[0;1;31mFAILED[0m] Failed to start Raise network interfaces.
See 'systemctl status networking.service' for details.
[[0;32m  OK  [0m] Reached target Network.
         Starting OpenBSD Secure Shell server...
         Starting Permit User Sessions...
[[0;32m  OK  [0m] Reached target Network is Online.
         Starting Daily apt download activities...
[[0;32m  OK  [0m] Started Permit User Sessions.
[[0;32m  OK  [0m] Started Getty on tty6.
[[0;32m  OK  [0m] Started Getty on tty4.
[[0;32m  OK  [0m] Started Getty on tty3.
[[0;32m  OK  [0m] Started Serial Getty on ttyS0.
[[0;32m  OK  [0m] Started Getty on tty5.
[[0;32m  OK  [0m] Started Getty on tty2.
[[0;32m  OK  [0m] Started Getty on tty1.
[[0;32m  OK  [0m] Reached target Login Prompts.
[    4.624095] random: crng init done
[    4.624649] random: 7 urandom warning(s) missed due to ratelimiting
[[0;32m  OK  [0m] Started OpenBSD Secure Shell server.
[[0;32m  OK  [0m] Reached target Multi-User System.
[[0;32m  OK  [0m] Reached target Graphical Interface.
         Starting Update UTMP about System Runlevel Changes...
[[0;32m  OK  [0m] Started Update UTMP about System Runlevel Changes.
[[0;32m  OK  [0m] Started Daily apt download activities.
         Starting Daily apt upgrade and clean activities...
[[0;32m  OK  [0m] Started Daily apt upgrade and clean activities.

Debian GNU/Linux 9 syzkaller ttyS0


testing program (duration=9m0s, {Threaded:true Collide:true Repeat:true RepeatTimes:0 Procs:8 Slowdown:1 Sandbox:none Fault:false FaultCall:-1 FaultNth:0 Leak:false NetInjection:true NetDevices:true NetReset:true Cgroups:true BinfmtMisc:true CloseFDs:true KCSAN:false DevlinkPCI:false USB:false VhciInjection:false Wifi:false IEEE802154:false Sysctl:true UseTmpDir:true HandleSegv:true Repro:true Trace:false}): syz_open_dev$tty20-syz_open_dev$tty20-ioctl$VT_ACTIVATE-openat$loop_ctrl-openat$null-ioctl$LOOP_CTL_ADD-dup3-ioctl$KDFONTOP_GET-fcntl$lock-open_tree-ioctl$LOOP_CTL_ADD-ioctl$F2FS_IOC_RESERVE_COMPRESS_BLOCKS-ioctl$LOOP_CTL_REMOVE-ioctl$TIOCL_SETVESABLANK-setresuid-dup
detailed listing:
executing program 0:
syz_open_dev$tty20(0xc, 0x4, 0x0)
r0 = syz_open_dev$tty20(0xc, 0x4, 0x1)
ioctl$VT_ACTIVATE(r0, 0x5606, 0x7)
r1 = openat$loop_ctrl(0xffffffffffffff9c, &(0x7f0000000080), 0x0, 0x0)
r2 = openat$null(0xffffffffffffff9c, &(0x7f0000000100), 0xc580, 0x0)
ioctl$LOOP_CTL_ADD(r1, 0x4c80, 0x0)
r3 = dup3(r2, r1, 0x80000)
ioctl$KDFONTOP_GET(r3, 0x4b72, &(0x7f0000000240)={0x1, 0x1, 0x1b, 0x20, 0x9, &(0x7f00000003c0)})
fcntl$lock(0xffffffffffffffff, 0x5, &(0x7f0000000380)={0x1, 0x4, 0x0, 0x80})
open_tree(r2, &(0x7f0000000140)='./file0\x00', 0x0)
ioctl$LOOP_CTL_ADD(r2, 0x4c80, 0x0)
ioctl$F2FS_IOC_RESERVE_COMPRESS_BLOCKS(r1, 0x8008f513, &(0x7f00000000c0))
ioctl$LOOP_CTL_REMOVE(r1, 0x4c81, 0x0)
ioctl$TIOCL_SETVESABLANK(r0, 0x541c, &(0x7f0000000040))
setresuid(0x0, 0xee01, 0x0)
dup(0xffffffffffffffff)

program crashed: INFO: task hung in blkdev_get_by_dev
testing program (duration=9m0s, {Threaded:true Collide:true Repeat:true RepeatTimes:0 Procs:8 Slowdown:1 Sandbox:none Fault:false FaultCall:-1 FaultNth:0 Leak:false NetInjection:true NetDevices:true NetReset:true Cgroups:true BinfmtMisc:true CloseFDs:true KCSAN:false DevlinkPCI:false USB:false VhciInjection:false Wifi:false IEEE802154:false Sysctl:true UseTmpDir:true HandleSegv:true Repro:true Trace:false}): syz_open_dev$tty20-syz_open_dev$tty20-ioctl$VT_ACTIVATE-openat$loop_ctrl-openat$null-ioctl$LOOP_CTL_ADD-dup3-ioctl$KDFONTOP_GET-fcntl$lock-open_tree-ioctl$LOOP_CTL_ADD-ioctl$F2FS_IOC_RESERVE_COMPRESS_BLOCKS-ioctl$LOOP_CTL_REMOVE-ioctl$TIOCL_SETVESABLANK-setresuid
detailed listing:
executing program 0:
syz_open_dev$tty20(0xc, 0x4, 0x0)
r0 = syz_open_dev$tty20(0xc, 0x4, 0x1)
ioctl$VT_ACTIVATE(r0, 0x5606, 0x7)
r1 = openat$loop_ctrl(0xffffffffffffff9c, &(0x7f0000000080), 0x0, 0x0)
r2 = openat$null(0xffffffffffffff9c, &(0x7f0000000100), 0xc580, 0x0)
ioctl$LOOP_CTL_ADD(r1, 0x4c80, 0x0)
r3 = dup3(r2, r1, 0x80000)
ioctl$KDFONTOP_GET(r3, 0x4b72, &(0x7f0000000240)={0x1, 0x1, 0x1b, 0x20, 0x9, &(0x7f00000003c0)})
fcntl$lock(0xffffffffffffffff, 0x5, &(0x7f0000000380)={0x1, 0x4, 0x0, 0x80})
open_tree(r2, &(0x7f0000000140)='./file0\x00', 0x0)
ioctl$LOOP_CTL_ADD(r2, 0x4c80, 0x0)
ioctl$F2FS_IOC_RESERVE_COMPRESS_BLOCKS(r1, 0x8008f513, &(0x7f00000000c0))
ioctl$LOOP_CTL_REMOVE(r1, 0x4c81, 0x0)
ioctl$TIOCL_SETVESABLANK(r0, 0x541c, &(0x7f0000000040))
setresuid(0x0, 0xee01, 0x0)

program did not crash
testing program (duration=9m0s, {Threaded:true Collide:true Repeat:true RepeatTimes:0 Procs:8 Slowdown:1 Sandbox:none Fault:false FaultCall:-1 FaultNth:0 Leak:false NetInjection:true NetDevices:true NetReset:true Cgroups:true BinfmtMisc:true CloseFDs:true KCSAN:false DevlinkPCI:false USB:false VhciInjection:false Wifi:false IEEE802154:false Sysctl:true UseTmpDir:true HandleSegv:true Repro:true Trace:false}): syz_open_dev$tty20-syz_open_dev$tty20-ioctl$VT_ACTIVATE-openat$loop_ctrl-openat$null-ioctl$LOOP_CTL_ADD-dup3-ioctl$KDFONTOP_GET-fcntl$lock-open_tree-ioctl$LOOP_CTL_ADD-ioctl$F2FS_IOC_RESERVE_COMPRESS_BLOCKS-ioctl$LOOP_CTL_REMOVE-ioctl$TIOCL_SETVESABLANK-dup
detailed listing:
executing program 0:
syz_open_dev$tty20(0xc, 0x4, 0x0)
r0 = syz_open_dev$tty20(0xc, 0x4, 0x1)
ioctl$VT_ACTIVATE(r0, 0x5606, 0x7)
r1 = openat$loop_ctrl(0xffffffffffffff9c, &(0x7f0000000080), 0x0, 0x0)
r2 = openat$null(0xffffffffffffff9c, &(0x7f0000000100), 0xc580, 0x0)
ioctl$LOOP_CTL_ADD(r1, 0x4c80, 0x0)
r3 = dup3(r2, r1, 0x80000)
ioctl$KDFONTOP_GET(r3, 0x4b72, &(0x7f0000000240)={0x1, 0x1, 0x1b, 0x20, 0x9, &(0x7f00000003c0)})
fcntl$lock(0xffffffffffffffff, 0x5, &(0x7f0000000380)={0x1, 0x4, 0x0, 0x80})
open_tree(r2, &(0x7f0000000140)='./file0\x00', 0x0)
ioctl$LOOP_CTL_ADD(r2, 0x4c80, 0x0)
ioctl$F2FS_IOC_RESERVE_COMPRESS_BLOCKS(r1, 0x8008f513, &(0x7f00000000c0))
ioctl$LOOP_CTL_REMOVE(r1, 0x4c81, 0x0)
ioctl$TIOCL_SETVESABLANK(r0, 0x541c, &(0x7f0000000040))
dup(0xffffffffffffffff)

program crashed: INFO: task hung in del_gendisk
failed to init instance: failed to create VM: can't ssh into the instance
failed to run ["ssh" "-p" "63357" "-F" "/dev/null" "-o" "UserKnownHostsFile=/dev/null" "-o" "BatchMode=yes" "-o" "IdentitiesOnly=yes" "-o" "StrictHostKeyChecking=no" "-o" "ConnectTimeout=10" "-i" "/root/image/stretch.id_rsa" "-v" "root@localhost" "pwd"]: exit status 255
OpenSSH_8.0p1, OpenSSL 1.1.1k  FIPS 25 Mar 2021
debug1: Reading configuration data /dev/null
debug1: Connecting to localhost [::1] port 63357.
debug1: connect to address ::1 port 63357: Connection refused
debug1: Connecting to localhost [127.0.0.1] port 63357.
debug1: connect to address 127.0.0.1 port 63357: Connection timed out
ssh: connect to host localhost port 63357: Connection timed out
qemu-system-x86_64: -chardev socket,id=SOCKSYZ,server=on,nowait,host=localhost,port=41738: warning: short-form boolean option 'nowait' deprecated
Please use wait=off instead
[    0.000000] Linux version 5.13.0-rc5-t2+ (root@skl06.sh.intel.com) (gcc (GCC) 8.5.0 20210514 (Red Hat 8.5.0-1), GNU ld (GNU Binutils) 2.35.50.20200921) #3 SMP Fri Jun 18 09:11:46 EDT 2021
[    0.000000] Command line: root=/dev/sda console=ttyS0 
[    0.000000] KERNEL supported cpus:
[    0.000000]   Intel GenuineIntel
[    0.000000]   AMD AuthenticAMD
[    0.000000]   Hygon HygonGenuine
[    0.000000]   Centaur CentaurHauls
[    0.000000]   zhaoxin   Shanghai  
[    0.000000] x86/fpu: Supporting XSAVE feature 0x001: 'x87 floating point registers'
[    0.000000] x86/fpu: Supporting XSAVE feature 0x002: 'SSE registers'
[    0.000000] x86/fpu: Supporting XSAVE feature 0x004: 'AVX registers'
[    0.000000] x86/fpu: Supporting XSAVE feature 0x008: 'MPX bounds registers'
[    0.000000] x86/fpu: Supporting XSAVE feature 0x010: 'MPX CSR'
[    0.000000] x86/fpu: xstate_offset[2]:  576, xstate_sizes[2]:  256
[    0.000000] x86/fpu: xstate_offset[3]:  832, xstate_sizes[3]:   64
[    0.000000] x86/fpu: xstate_offset[4]:  896, xstate_sizes[4]:   64
[    0.000000] x86/fpu: Enabled xstate features 0x1f, context size is 960 bytes, using 'compacted' format.
[    0.000000] signal: max sigframe size: 2032
[    0.000000] BIOS-provided physical RAM map:
[    0.000000] BIOS-e820: [mem 0x0000000000000000-0x000000000009fbff] usable
[    0.000000] BIOS-e820: [mem 0x000000000009fc00-0x000000000009ffff] reserved
[    0.000000] BIOS-e820: [mem 0x00000000000f0000-0x00000000000fffff] reserved
[    0.000000] BIOS-e820: [mem 0x0000000000100000-0x000000007ffdffff] usable
[    0.000000] BIOS-e820: [mem 0x000000007ffe0000-0x000000007fffffff] reserved
[    0.000000] BIOS-e820: [mem 0x00000000feffc000-0x00000000feffffff] reserved
[    0.000000] BIOS-e820: [mem 0x00000000fffc0000-0x00000000ffffffff] reserved
[    0.000000] NX (Execute Disable) protection: active
[    0.000000] SMBIOS 2.8 present.
[    0.000000] DMI: QEMU Standard PC (i440FX + PIIX, 1996), BIOS rel-1.14.0-0-g155821a1990b-prebuilt.qemu.org 04/01/2014
[    0.000000] Hypervisor detected: KVM
[    0.000000] kvm-clock: Using msrs 4b564d01 and 4b564d00
[    0.000000] kvm-clock: cpu 0, msr 36601001, primary cpu clock
[    0.000001] kvm-clock: using sched offset of 355136209 cycles
[    0.000010] clocksource: kvm-clock: mask: 0xffffffffffffffff max_cycles: 0x1cd42e4dffb, max_idle_ns: 881590591483 ns
[    0.000019] tsc: Detected 3408.056 MHz processor
[    0.002507] last_pfn = 0x7ffe0 max_arch_pfn = 0x400000000
[    0.002538] x86/PAT: Configuration [0-7]: WB  WC  UC- UC  WB  WP  UC- WT  
[    0.010670] found SMP MP-table at [mem 0x000f5a90-0x000f5a9f]
[    0.010705] Using GB pages for direct mapping
[    0.011199] ACPI: Early table checksum verification disabled
[    0.011219] ACPI: RSDP 0x00000000000F5870 000014 (v00 BOCHS )
[    0.011232] ACPI: RSDT 0x000000007FFE1959 000034 (v01 BOCHS  BXPC     00000001 BXPC 00000001)
[    0.011250] ACPI: FACP 0x000000007FFE1805 000074 (v01 BOCHS  BXPC     00000001 BXPC 00000001)
[    0.011266] ACPI: DSDT 0x000000007FFE0040 0017C5 (v01 BOCHS  BXPC     00000001 BXPC 00000001)
[    0.011278] ACPI: FACS 0x000000007FFE0000 000040
[    0.011288] ACPI: APIC 0x000000007FFE1879 000080 (v01 BOCHS  BXPC     00000001 BXPC 00000001)
[    0.011300] ACPI: HPET 0x000000007FFE18F9 000038 (v01 BOCHS  BXPC     00000001 BXPC 00000001)
[    0.011311] ACPI: WAET 0x000000007FFE1931 000028 (v01 BOCHS  BXPC     00000001 BXPC 00000001)
[    0.011322] ACPI: Reserving FACP table memory at [mem 0x7ffe1805-0x7ffe1878]
[    0.011327] ACPI: Reserving DSDT table memory at [mem 0x7ffe0040-0x7ffe1804]
[    0.011331] ACPI: Reserving FACS table memory at [mem 0x7ffe0000-0x7ffe003f]
[    0.011335] ACPI: Reserving APIC table memory at [mem 0x7ffe1879-0x7ffe18f8]
[    0.011339] ACPI: Reserving HPET table memory at [mem 0x7ffe18f9-0x7ffe1930]
[    0.011343] ACPI: Reserving WAET table memory at [mem 0x7ffe1931-0x7ffe1958]
[    0.011859] No NUMA configuration found
[    0.011863] Faking a node at [mem 0x0000000000000000-0x000000007ffdffff]
[    0.011897] NODE_DATA(0) allocated [mem 0x7ffb5000-0x7ffdffff]
[    0.013416] Zone ranges:
[    0.013419]   DMA      [mem 0x0000000000001000-0x0000000000ffffff]
[    0.013425]   DMA32    [mem 0x0000000001000000-0x000000007ffdffff]
[    0.013430]   Normal   empty
[    0.013434]   Device   empty
[    0.013437] Movable zone start for each node
[    0.013441] Early memory node ranges
[    0.013444]   node   0: [mem 0x0000000000001000-0x000000000009efff]
[    0.013449]   node   0: [mem 0x0000000000100000-0x000000007ffdffff]
[    0.013455] Initmem setup node 0 [mem 0x0000000000001000-0x000000007ffdffff]
[    0.014476]   DMA zone: 28770 pages in unavailable ranges
[    0.026496]   DMA32 zone: 32 pages in unavailable ranges
[    0.070571] kasan: KernelAddressSanitizer initialized
[    0.070892] ACPI: PM-Timer IO Port: 0x608
[    0.070920] ACPI: LAPIC_NMI (acpi_id[0xff] dfl dfl lint[0x1])
[    0.070957] IOAPIC[0]: apic_id 0, version 17, address 0xfec00000, GSI 0-23
[    0.070966] ACPI: INT_SRC_OVR (bus 0 bus_irq 0 global_irq 2 dfl dfl)
[    0.070972] ACPI: INT_SRC_OVR (bus 0 bus_irq 5 global_irq 5 high level)
[    0.070976] ACPI: INT_SRC_OVR (bus 0 bus_irq 9 global_irq 9 high level)
[    0.070984] ACPI: INT_SRC_OVR (bus 0 bus_irq 10 global_irq 10 high level)
[    0.070989] ACPI: INT_SRC_OVR (bus 0 bus_irq 11 global_irq 11 high level)
[    0.071009] Using ACPI (MADT) for SMP configuration information
[    0.071013] ACPI: HPET id: 0x8086a201 base: 0xfed00000
[    0.071022] TSC deadline timer available
[    0.071028] smpboot: Allowing 2 CPUs, 0 hotplug CPUs
[    0.071050] kvm-guest: KVM setup pv remote TLB flush
[    0.071054] kvm-guest: setup PV sched yield
[    0.071084] PM: hibernation: Registered nosave memory: [mem 0x00000000-0x00000fff]
[    0.071090] PM: hibernation: Registered nosave memory: [mem 0x0009f000-0x0009ffff]
[    0.071094] PM: hibernation: Registered nosave memory: [mem 0x000a0000-0x000effff]
[    0.071097] PM: hibernation: Registered nosave memory: [mem 0x000f0000-0x000fffff]
[    0.071102] [mem 0x80000000-0xfeffbfff] available for PCI devices
[    0.071106] Booting paravirtualized kernel on KVM
[    0.071118] clocksource: refined-jiffies: mask: 0xffffffff max_cycles: 0xffffffff, max_idle_ns: 1910969940391419 ns
[    0.088319] setup_percpu: NR_CPUS:8192 nr_cpumask_bits:2 nr_cpu_ids:2 nr_node_ids:1
[    0.088597] percpu: Embedded 65 pages/cpu s229376 r8192 d28672 u1048576
[    0.088684] kvm-guest: setup async PF for cpu 0
[    0.088691] kvm-guest: stealtime: cpu 0, msr 5e437080
[    0.088696] kvm-guest: PV spinlocks enabled
[    0.088702] PV qspinlock hash table entries: 256 (order: 0, 4096 bytes, linear)
[    0.088714] Built 1 zonelists, mobility grouping on.  Total pages: 515808
[    0.088719] Policy zone: DMA32
[    0.088722] Kernel command line: root=/dev/sda console=ttyS0 
[    0.088897] Dentry cache hash table entries: 262144 (order: 9, 2097152 bytes, linear)
[    0.089043] Inode-cache hash table entries: 131072 (order: 8, 1048576 bytes, linear)
[    0.089108] mem auto-init: stack:off, heap alloc:off, heap free:off
[    0.113734] Memory: 1438720K/2096632K available (51215K kernel code, 11055K rwdata, 11232K rodata, 3792K init, 7020K bss, 657656K reserved, 0K cma-reserved)
[    0.113754] random: get_random_u64 called from __kmem_cache_create+0x26/0x430 with crng_init=0
[    0.114073] SLUB: HWalign=64, Order=0-3, MinObjects=0, CPUs=2, Nodes=1
[    0.114101] Kernel/User page tables isolation: enabled
[    0.114152] ftrace: allocating 59293 entries in 232 pages
[    0.157749] ftrace: allocated 232 pages with 4 groups
[    0.158113] rcu: Hierarchical RCU implementation.
[    0.158117] rcu: 	RCU event tracing is enabled.
[    0.158119] rcu: 	RCU restricting CPUs from NR_CPUS=8192 to nr_cpu_ids=2.
[    0.158124] 	Trampoline variant of Tasks RCU enabled.
[    0.158126] 	Rude variant of Tasks RCU enabled.
[    0.158128] 	Tracing variant of Tasks RCU enabled.
[    0.158131] rcu: RCU calculated value of scheduler-enlistment delay is 100 jiffies.
[    0.158134] rcu: Adjusting geometry for rcu_fanout_leaf=16, nr_cpu_ids=2
[    0.174027] NR_IRQS: 524544, nr_irqs: 440, preallocated irqs: 16
[    0.178669] Console: colour VGA+ 80x25
[    0.277385] printk: console [ttyS0] enabled
[    0.278031] ACPI: Core revision 20210331
[    0.278822] clocksource: hpet: mask: 0xffffffff max_cycles: 0xffffffff, max_idle_ns: 19112604467 ns
[    0.280008] APIC: Switch to symmetric I/O mode setup
[    0.280825] x2apic enabled
[    0.281469] Switched APIC routing to physical x2apic.
[    0.282181] kvm-guest: setup PV IPIs
[    0.283686] ..TIMER: vector=0x30 apic1=0 pin1=2 apic2=-1 pin2=-1
[    0.284540] clocksource: tsc-early: mask: 0xffffffffffffffff max_cycles: 0x312008d3c19, max_idle_ns: 440795240194 ns
[    0.285856] Calibrating delay loop (skipped) preset value.. 6816.11 BogoMIPS (lpj=3408056)
[    0.286842] pid_max: default: 32768 minimum: 301
[    0.287971] LSM: Security Framework initializing
[    0.288857] Yama: becoming mindful.
[    0.289540] Mount-cache hash table entries: 4096 (order: 3, 32768 bytes, linear)
[    0.289844] Mountpoint-cache hash table entries: 4096 (order: 3, 32768 bytes, linear)
[    0.292445] x86/cpu: User Mode Instruction Prevention (UMIP) activated
[    0.292927] Last level iTLB entries: 4KB 0, 2MB 0, 4MB 0
[    0.293841] Last level dTLB entries: 4KB 0, 2MB 0, 4MB 0, 1GB 0
[    0.294560] Spectre V1 : Mitigation: usercopy/swapgs barriers and __user pointer sanitization
[    0.294842] Spectre V2 : Mitigation: Full generic retpoline
[    0.295521] Spectre V2 : Spectre v2 / SpectreRSB mitigation: Filling RSB on context switch
[    0.295841] Spectre V2 : Enabling Restricted Speculation for firmware calls
[    0.296843] Spectre V2 : mitigation: Enabling conditional Indirect Branch Prediction Barrier
[    0.297842] Speculative Store Bypass: Mitigation: Speculative Store Bypass disabled via prctl and seccomp
[    0.298859] TAA: Mitigation: Clear CPU buffers
[    0.299856] SRBDS: Unknown: Dependent on hypervisor status
[    0.300842] MDS: Mitigation: Clear CPU buffers
[    0.315853] Freeing SMP alternatives memory: 48K
[    0.316694] smpboot: CPU0: Intel(R) Core(TM) i7-6700 CPU @ 3.40GHz (family: 0x6, model: 0x5e, stepping: 0x3)
[    0.317194] Performance Events: Skylake events, 32-deep LBR, full-width counters, Intel PMU driver.
[    0.318846] ... version:                2
